<html>
<body>
<pre>
<h1>µVision Build Log</h1>
<h2>Tool Versions:</h2>
IDE-Version: µVision V5.28.0.0
Copyright (C) 2019 ARM Ltd and ARM Germany GmbH. All rights reserved.
License Information: Jorge Rosales Universidad Politécnica de Madrid Flex license: MDK Professional 5.28 (Flex) (mdk_pro) 
 
Tool Versions:
Toolchain:       MDK Professional 5.28 (Flex)  Version: 5.28.0.0
Toolchain Path:  C:\Keil_v5\ARM\ARMCC\Bin
C Compiler:      Armcc.exe V5.06 update 6 (build 750)
Assembler:       Armasm.exe V5.06 update 6 (build 750)
Linker/Locator:  ArmLink.exe V5.06 update 6 (build 750)
Library Manager: ArmAr.exe V5.06 update 6 (build 750)
Hex Converter:   FromElf.exe V5.06 update 6 (build 750)
CPU DLL:         SARMCM3.DLL V5.28.0.0
Dialog DLL:      DCM.DLL V1.17.3.0
Target DLL:      STLink\ST-LINKIII-KEIL_SWO.dll V3.0.6.0
Dialog DLL:      TCM.DLL V1.36.2.0
 
<h2>Project:</h2>
C:\Users\User\Documents\PFG\Proyectos finales\Servidor Web\ETH.uvprojx
Project File Date:  06/20/2021

<h2>Output:</h2>
*** Using Compiler 'V5.06 update 6 (build 750)', folder: 'C:\Keil_v5\ARM\ARMCC\Bin'
Rebuild target 'Target 1'

FCARM uses the following Files via command file '.\Auto_FcArm_Cmd.inp':
ad.cgi,
ad.cgx,
buttons.cgi,
buttons.cgx,
home.png,
index.htm,
keil.gif,
language.cgi,
lcd.cgi,
leds.cgi,
llblue.jpg,
logo.gif,
network.cgi,
pabb.gif,
pg_footer.inc,
pg_header.inc,
system.cgi,
tcp.cgi,
xml_http.js,
datetime.cgi,
td.cgx 
TO Web.c RTE NOPRINT ROOT(Web)
custom translating @.\Auto_FcArm_Cmd.inp...
Custom: C:\Keil_v5\ARM\Bin\FCARM.exe @.\Auto_FcArm_Cmd.inp
FCARM FILE CONVERTER V2.57
Completed 21 File(s), Ratio 87%
compiling Web.c...
compiling HTTP_Server_CGI.c...
HTTP_Server_CGI.c(382): warning:  #223-D: function "getTotalSeconds" declared implicitly
           adv=getTotalSeconds();
HTTP_Server_CGI.c(392): warning:  #223-D: function "getTotalSeconds" declared implicitly
           adv=getTotalSeconds(); 
HTTP_Server_CGI.c: 2 warnings, 0 errors
compiling mktime.c...
mktime.c(36): warning:  #1-D: last line of file ends without a newline
  }
mktime.c: 1 warning, 0 errors
compiling SNTP.c...
compiling rtx_lib.c...
compiling RTX_Config.c...
compiling PHY_LAN8742A.c...
compiling main.c...
compiling stm32f4xx_it.c...
compiling stm32f4xx_hal_msp.c...
compiling HTTP_Server.c...
RTC.h(25): warning:  #1-D: last line of file ends without a newline
  #endif
HTTP_Server.c(86): warning:  #940-D: missing return statement at end of non-void function "AD_in" 
  }
HTTP_Server.c(91): warning:  #940-D: missing return statement at end of non-void function "get_button" 
  }
HTTP_Server.c(113): warning:  #177-D: variable "x"  was declared but never referenced
    uint32_t x = 0;
HTTP_Server.c(163): warning:  #177-D: variable "led_val"  was declared but never referenced
    const uint8_t led_val[16] = { 0x48,0x88,0x84,0x44,0x42,0x22,0x21,0x11,
HTTP_Server.c(165): warning:  #177-D: variable "cnt"  was declared but never referenced
    uint32_t cnt = 0U;
HTTP_Server.c(162): warning:  #177-D: function "BlinkLed"  was declared but never referenced
  static __NO_RETURN void BlinkLed (void *arg) {
HTTP_Server.c(109): warning:  #177-D: function "Display"  was declared but never referenced
  static __NO_RETURN void Display (void *arg) {
HTTP_Server.c: 8 warnings, 0 errors
compiling RTC.c...
RTC.h(25): warning:  #1-D: last line of file ends without a newline
  #endif
RTC.c: 1 warning, 0 errors
compiling EMAC_STM32F4xx.c...
compiling stm32f4xx_hal.c...
compiling stm32f4xx_hal_cortex.c...
compiling stm32f4xx_hal_gpio.c...
assembling startup_stm32f429xx.s...
compiling stm32f4xx_hal_pwr.c...
compiling stm32f4xx_hal_pwr_ex.c...
compiling Net_Config.c...
compiling stm32f4xx_hal_rcc.c...
compiling stm32f4xx_hal_rtc.c...
compiling stm32f4xx_hal_rcc_ex.c...
compiling system_stm32f4xx.c...
compiling stm32f4xx_hal_rtc_ex.c...
linking...
Program Size: Code=52416 RO-data=32052 RW-data=37344 ZI-data=26152  
".\Objects\ETH.axf" - 0 Error(s), 12 Warning(s).

<h2>Software Packages used:</h2>

Package Vendor: ARM
                http://www.keil.com/pack/ARM.CMSIS.5.7.0.pack
                ARM.CMSIS.5.7.0
                CMSIS (Cortex Microcontroller Software Interface Standard)
   * Component: Ethernet MAC Version: 2.2.0
   * Component: Ethernet PHY Version: 2.2.0
   * Component: RTOS2 Version: 2.1.3
   * Component: CORE Version: 5.4.0
   * Component: Keil RTX5 Variant: Library Version: 5.5.2

Package Vendor: ARM
                http://www.keil.com/pack/ARM.CMSIS-Driver.2.6.1.pack
                ARM.CMSIS-Driver.2.6.1
                CMSIS Drivers for external devices
   * Component: LAN8742A Version: 1.3.0

Package Vendor: Keil
                http://www.keil.com/pack/Keil.MDK-Middleware.7.12.0.pack
                Keil.MDK-Middleware.7.12.0
                Middleware for Keil MDK-Professional and MDK-Plus
   * Component: CORE Variant: IPv4 Release Version: 7.14.0
   * Component: ETH Version: 7.14.0
   * Component: SNTP Client Version: 7.14.0
   * Component: Web Server Compact Variant: HTTP Version: 7.14.0
   * Component: TCP Version: 7.14.0
   * Component: UDP Version: 7.14.0

Package Vendor: Keil
                http://www.keil.com/pack/Keil.STM32F4xx_DFP.2.15.0.pack
                Keil.STM32F4xx_DFP.2.15.0
                STMicroelectronics STM32F4 Series Device Support, Drivers and Examples
   * Component: STM32Cube Framework Version: 1.0.0
   * Component: Ethernet MAC Version: 2.9
   * Component: Classic Version: 1.7.9
   * Component: Common Version: 1.7.9
   * Component: Cortex Version: 1.7.9
   * Component: GPIO Version: 1.7.9
   * Component: PWR Version: 1.7.9
   * Component: RCC Version: 1.7.9
   * Component: RTC Version: 1.7.9
   * Component: Startup Version: 2.6.3

<h2>Collection of Component include folders:</h2>
  .\RTE\CMSIS
  .\RTE\Device\STM32F429ZITx
  .\RTE\Network
  .\RTE\_Target_1
  C:\Users\User\AppData\Local\Arm\Packs\ARM\CMSIS\5.7.0\CMSIS\Core\Include
  C:\Users\User\AppData\Local\Arm\Packs\ARM\CMSIS\5.7.0\CMSIS\Driver\Include
  C:\Users\User\AppData\Local\Arm\Packs\ARM\CMSIS\5.7.0\CMSIS\RTOS2\Include
  C:\Users\User\AppData\Local\Arm\Packs\ARM\CMSIS\5.7.0\CMSIS\RTOS2\RTX\Include
  C:\Users\User\AppData\Local\Arm\Packs\Keil\MDK-Middleware\7.12.0\Network\Include
  C:\Users\User\AppData\Local\Arm\Packs\Keil\STM32F4xx_DFP\2.15.0\Drivers\CMSIS\Device\ST\STM32F4xx\Include
  C:\Users\User\AppData\Local\Arm\Packs\Keil\STM32F4xx_DFP\2.15.0\Drivers\STM32F4xx_HAL_Driver\Inc

<h2>Collection of Component Files used:</h2>

   * Component: ::CMSIS Driver:Ethernet MAC:2.2.0 (API)
      Include file:  CMSIS\Driver\Include\Driver_ETH_MAC.h

   * Component: ::CMSIS Driver:Ethernet PHY:2.2.0 (API)
      Include file:  CMSIS\Driver\Include\Driver_ETH_PHY.h

   * Component: ::CMSIS:RTOS2:2.1.3 (API)
      Include file:  CMSIS\RTOS2\Include\cmsis_os2.h

   * Component: ::Device:STM32Cube Framework:1.0.0 (API)

   * Component: ARM::CMSIS:CORE:5.4.0

   * Component: ARM::CMSIS:RTOS2:Keil RTX5:Library:5.5.2
      Source file:   CMSIS\RTOS2\RTX\Template\main.c
      Include file:  CMSIS\RTOS2\RTX\Config\RTX_Config.h
      Source file:   CMSIS\RTOS2\RTX\Config\RTX_Config.c
      Source file:   CMSIS\RTOS2\RTX\Template\Events.c
      Include file:  CMSIS\RTOS2\RTX\Include\rtx_os.h
      Source file:   CMSIS\RTOS2\RTX\Template\MsgQueue.c
      Source file:   CMSIS\RTOS2\RTX\Template\Mutex.c
      Source file:   CMSIS\RTOS2\RTX\Template\MemPool.c
      Source file:   CMSIS\RTOS2\RTX\Template\Semaphore.c
      Library file:  CMSIS\RTOS2\RTX\Library\ARM\RTX_CM4F.lib
      Source file:   CMSIS\RTOS2\RTX\Source\rtx_lib.c
      Source file:   CMSIS\RTOS2\RTX\Template\svc_user.c
      Source file:   CMSIS\RTOS2\RTX\Template\Timer.c
      Source file:   CMSIS\RTOS2\RTX\Template\Thread.c

   * Component: Keil.MDK-Plus::Network:CORE:IPv4 Release:7.14.0
      Include file:  Network\Include\rl_net.h
      Source file:   Network\Config\Net_Config.c
      Library file:  Network\Lib\ARM\Net4_CM3_L.lib

   * Component: Keil.MDK-Plus::Network:Interface:ETH:7.14.0
      Include file:  Network\Config\Net_Config_ETH.h

   * Component: Keil.MDK-Plus::Network:Service:SNTP Client:7.14.0
      Include file:  Network\Config\Net_Config_SNTP_Client.h

   * Component: Keil.MDK-Plus::Network:Service:Web Server Compact:HTTP:7.14.0
      Source file:   Network\Template\HTTP_Server_Error.c
      Source file:   Network\Template\HTTP_Server_CGI.c
      Source file:   Network\Template\HTTP_Server_Multiuser.c
      Include file:  Network\Config\Net_Config_HTTP_Server.h
      Source file:   Network\Template\HTTP_Server_Access.c

   * Component: Keil.MDK-Plus::Network:Socket:TCP:7.14.0
      Source file:   Network\Template\TCP_Socket_Client.c
      Include file:  Network\Config\Net_Config_TCP.h
      Source file:   Network\Template\TCP_Socket_Server.c

   * Component: Keil.MDK-Plus::Network:Socket:UDP:7.14.0
      Include file:  Network\Config\Net_Config_UDP.h
      Source file:   Network\Template\UDP_Socket.c

   * Component: Keil::CMSIS Driver:Ethernet MAC:2.9
      Source file:   CMSIS\Driver\EMAC_STM32F4xx.c

   * Component: Keil::CMSIS Driver:Ethernet PHY:LAN8742A:1.3.0
      Source file:   ETH\PHY_LAN8742A.c

   * Component: Keil::Device:STM32Cube Framework:Classic:1.7.9
      Include file:  CMSIS\Driver\Config\RTE_Device.h
      Include file:  MDK\Templates\Inc\stm32f4xx_hal_conf.h
      Source file:   MDK\Templates\Src\stm32f4xx_hal_msp.c
      Source file:   MDK\Templates\Src\stm32f4xx_it.c
      Include file:  MDK\Templates\Inc\main.h
      Source file:   MDK\Templates\Src\main.c
      Include file:  MDK\Templates_LL\Inc\main.h
      Source file:   MDK\Templates_LL\Src\main.c
      Include file:  MDK\Templates\Inc\stm32f4xx_it.h

   * Component: Keil::Device:STM32Cube HAL:Common:1.7.9
      Include file:  Drivers\STM32F4xx_HAL_Driver\Inc\stm32f4xx_hal.h
      Source file:   Drivers\STM32F4xx_HAL_Driver\Src\stm32f4xx_hal.c

   * Component: Keil::Device:STM32Cube HAL:Cortex:1.7.9
      Source file:   Drivers\STM32F4xx_HAL_Driver\Src\stm32f4xx_hal_cortex.c

   * Component: Keil::Device:STM32Cube HAL:GPIO:1.7.9
      Source file:   Drivers\STM32F4xx_HAL_Driver\Src\stm32f4xx_hal_gpio.c

   * Component: Keil::Device:STM32Cube HAL:PWR:1.7.9
      Source file:   Drivers\STM32F4xx_HAL_Driver\Src\stm32f4xx_hal_pwr_ex.c
      Source file:   Drivers\STM32F4xx_HAL_Driver\Src\stm32f4xx_hal_pwr.c

   * Component: Keil::Device:STM32Cube HAL:RCC:1.7.9
      Source file:   Drivers\STM32F4xx_HAL_Driver\Src\stm32f4xx_hal_rcc_ex.c
      Source file:   Drivers\STM32F4xx_HAL_Driver\Src\stm32f4xx_hal_rcc.c

   * Component: Keil::Device:STM32Cube HAL:RTC:1.7.9
      Source file:   Drivers\STM32F4xx_HAL_Driver\Src\stm32f4xx_hal_rtc.c
      Source file:   Drivers\STM32F4xx_HAL_Driver\Src\stm32f4xx_hal_rtc_ex.c

   * Component: Keil::Device:Startup:2.6.3
      Include file:  Drivers\CMSIS\Device\ST\STM32F4xx\Include\stm32f4xx.h
      Source file:   MDK\Device\Source\ARM\STM32F42xxx_43xxx_OPT.s
      Source file:   MDK\Device\Source\ARM\STM32F4xx_OTP.s
      Source file:   Drivers\CMSIS\Device\ST\STM32F4xx\Source\Templates\arm\startup_stm32f429xx.s
      Source file:   Drivers\CMSIS\Device\ST\STM32F4xx\Source\Templates\system_stm32f4xx.c
Build Time Elapsed:  00:00:30
</pre>
</body>
</html>
