Component: ARM Compiler 5.06 update 6 (build 750) Tool: armlink [4d35ed]

==============================================================================

Section Cross References

    main.o(i.Error_Handler) refers to _printf_pad.o(.text) for _printf_pre_padding
    main.o(i.Error_Handler) refers to _printf_percent.o(.ARM.Collect$$_printf_percent$$00000000) for _printf_percent
    main.o(i.Error_Handler) refers to _printf_p.o(.ARM.Collect$$_printf_percent$$00000002) for _printf_p
    main.o(i.Error_Handler) refers to _printf_s.o(.ARM.Collect$$_printf_percent$$00000014) for _printf_s
    main.o(i.Error_Handler) refers to _printf_n.o(.ARM.Collect$$_printf_percent$$00000001) for _printf_n
    main.o(i.Error_Handler) refers to _printf_charcount.o(.text) for _printf_charcount
    main.o(i.Error_Handler) refers to _printf_hex_int_ll_ptr.o(.text) for _printf_longlong_hex
    main.o(i.Error_Handler) refers to _printf_str.o(.text) for _printf_str
    main.o(i.Error_Handler) refers to __2printf.o(.text) for __2printf
    main.o(i.HAL_GetTick) refers to rtx_kernel.o(.text.osKernelGetState) for osKernelGetState
    main.o(i.HAL_GetTick) refers to rtx_kernel.o(.text.osKernelGetTickCount) for osKernelGetTickCount
    main.o(i.HAL_GetTick) refers to system_stm32f4xx.o(.data) for SystemCoreClock
    main.o(i.HAL_GetTick) refers to main.o(.data) for ticks
    main.o(i.SystemClock_Config) refers to rt_memclr_w.o(.text) for __aeabi_memclr4
    main.o(i.SystemClock_Config) refers to stm32f4xx_hal_rcc.o(i.HAL_RCC_OscConfig) for HAL_RCC_OscConfig
    main.o(i.SystemClock_Config) refers to main.o(i.Error_Handler) for Error_Handler
    main.o(i.SystemClock_Config) refers to stm32f4xx_hal_pwr_ex.o(i.HAL_PWREx_EnableOverDrive) for HAL_PWREx_EnableOverDrive
    main.o(i.SystemClock_Config) refers to stm32f4xx_hal_rcc.o(i.HAL_RCC_ClockConfig) for HAL_RCC_ClockConfig
    main.o(i.main) refers to watchdog.o(i.init_Watchdog) for init_Watchdog
    main.o(i.main) refers to main.o(i.Error_Handler) for Error_Handler
    main.o(i.main) refers to stm32f4xx_hal.o(i.HAL_Init) for HAL_Init
    main.o(i.main) refers to main.o(i.SystemClock_Config) for SystemClock_Config
    main.o(i.main) refers to system_stm32f4xx.o(i.SystemCoreClockUpdate) for SystemCoreClockUpdate
    main.o(i.main) refers to rtx_kernel.o(.text.osKernelInitialize) for osKernelInitialize
    main.o(i.main) refers to rtx_thread.o(.text.osThreadNew) for osThreadNew
    main.o(i.main) refers to rtx_kernel.o(.text.osKernelStart) for osKernelStart
    main.o(i.main) refers to rtx_thread.o(.text.osThreadYield) for osThreadYield
    main.o(i.main) refers to http_server.o(.constdata) for app_main_attr
    main.o(i.main) refers to http_server.o(i.app_main) for app_main
    stm32f4xx_it.o(i.RTC_Alarm_IRQHandler) refers to stm32f4xx_hal_rtc.o(i.HAL_RTC_AlarmIRQHandler) for HAL_RTC_AlarmIRQHandler
    stm32f4xx_it.o(i.RTC_Alarm_IRQHandler) refers to rtc.o(.bss) for hrtc
    stm32f4xx_hal_msp.o(i.HAL_RTC_MspDeInit) refers to stm32f4xx_hal_pwr.o(i.HAL_PWR_DisableBkUpAccess) for HAL_PWR_DisableBkUpAccess
    stm32f4xx_hal_msp.o(i.HAL_RTC_MspInit) refers to stm32f4xx_hal_pwr.o(i.HAL_PWR_EnableBkUpAccess) for HAL_PWR_EnableBkUpAccess
    stm32f4xx_hal_msp.o(i.HAL_RTC_MspInit) refers to stm32f4xx_hal_rcc.o(i.HAL_RCC_OscConfig) for HAL_RCC_OscConfig
    stm32f4xx_hal_msp.o(i.HAL_RTC_MspInit) refers to stm32f4xx_hal_rcc_ex.o(i.HAL_RCCEx_PeriphCLKConfig) for HAL_RCCEx_PeriphCLKConfig
    http_server.o(i.Rtc_setDate) refers to _printf_percent.o(.ARM.Collect$$_printf_percent$$00000000) for _printf_percent
    http_server.o(i.Rtc_setDate) refers to _printf_s.o(.ARM.Collect$$_printf_percent$$00000014) for _printf_s
    http_server.o(i.Rtc_setDate) refers to _printf_str.o(.text) for _printf_str
    http_server.o(i.Rtc_setDate) refers to _printf_d.o(.ARM.Collect$$_printf_percent$$00000009) for _printf_d
    http_server.o(i.Rtc_setDate) refers to _printf_dec.o(.text) for _printf_int_dec
    http_server.o(i.Rtc_setDate) refers to rtx_thread.o(.text.osThreadFlagsWait) for osThreadFlagsWait
    http_server.o(i.Rtc_setDate) refers to __2sprintf.o(.text) for __2sprintf
    http_server.o(i.Rtc_setDate) refers to http_server.o(i.getNumber) for getNumber
    http_server.o(i.Rtc_setDate) refers to rtc.o(i.setFecha) for setFecha
    http_server.o(i.Rtc_setDate) refers to rtx_delay.o(.text.osDelay) for osDelay
    http_server.o(i.Rtc_setDate) refers to rtc.o(i.getAnio) for getAnio
    http_server.o(i.Rtc_setDate) refers to rtc.o(i.getMes) for getMes
    http_server.o(i.Rtc_setDate) refers to rtc.o(i.getDia) for getDia
    http_server.o(i.Rtc_setDate) refers to rtc.o(i.getSeg) for getSeg
    http_server.o(i.Rtc_setDate) refers to rtc.o(i.getMin) for getMin
    http_server.o(i.Rtc_setDate) refers to rtc.o(i.getHora) for getHora
    http_server.o(i.Rtc_setDate) refers to strlen.o(.text) for strlen
[...]
    0x0800029a   0x0800029a   0x00000006   Code   RO         3968    .ARM.Collect$$_printf_percent$$00000011  c_w.l(_printf_llx.o)
    0x080002a0   0x080002a0   0x00000006   Code   RO         3957    .ARM.Collect$$_printf_percent$$00000014  c_w.l(_printf_s.o)
    0x080002a6   0x080002a6   0x00000004   Code   RO         4019    .ARM.Collect$$_printf_percent$$00000017  c_w.l(_printf_percent_end.o)
    0x080002aa   0x080002aa   0x00000002   Code   RO         4180    .ARM.Collect$$libinit$$00000000  c_w.l(libinit.o)
    0x080002ac   0x080002ac   0x00000004   Code   RO         4181    .ARM.Collect$$libinit$$00000001  c_w.l(libinit2.o)
    0x080002b0   0x080002b0   0x00000000   Code   RO         4184    .ARM.Collect$$libinit$$00000004  c_w.l(libinit2.o)
    0x080002b0   0x080002b0   0x00000008   Code   RO         4185    .ARM.Collect$$libinit$$00000005  c_w.l(libinit2.o)
    0x080002b8   0x080002b8   0x00000000   Code   RO         4187    .ARM.Collect$$libinit$$0000000A  c_w.l(libinit2.o)
    0x080002b8   0x080002b8   0x00000000   Code   RO         4189    .ARM.Collect$$libinit$$0000000C  c_w.l(libinit2.o)
    0x080002b8   0x080002b8   0x00000000   Code   RO         4191    .ARM.Collect$$libinit$$0000000E  c_w.l(libinit2.o)
    0x080002b8   0x080002b8   0x00000006   Code   RO         4192    .ARM.Collect$$libinit$$0000000F  c_w.l(libinit2.o)
    0x080002be   0x080002be   0x00000000   Code   RO         4194    .ARM.Collect$$libinit$$00000011  c_w.l(libinit2.o)
    0x080002be   0x080002be   0x0000000c   Code   RO         4195    .ARM.Collect$$libinit$$00000012  c_w.l(libinit2.o)
    0x080002ca   0x080002ca   0x00000000   Code   RO         4196    .ARM.Collect$$libinit$$00000013  c_w.l(libinit2.o)
    0x080002ca   0x080002ca   0x00000000   Code   RO         4198    .ARM.Collect$$libinit$$00000015  c_w.l(libinit2.o)
    0x080002ca   0x080002ca   0x00000000   Code   RO         4200    .ARM.Collect$$libinit$$00000017  c_w.l(libinit2.o)
    0x080002ca   0x080002ca   0x00000000   Code   RO         4202    .ARM.Collect$$libinit$$00000019  c_w.l(libinit2.o)
    0x080002ca   0x080002ca   0x00000000   Code   RO         4204    .ARM.Collect$$libinit$$0000001B  c_w.l(libinit2.o)
    0x080002ca   0x080002ca   0x00000000   Code   RO         4206    .ARM.Collect$$libinit$$0000001D  c_w.l(libinit2.o)
    0x080002ca   0x080002ca   0x00000000   Code   RO         4208    .ARM.Collect$$libinit$$0000001F  c_w.l(libinit2.o)
    0x080002ca   0x080002ca   0x00000000   Code   RO         4210    .ARM.Collect$$libinit$$00000021  c_w.l(libinit2.o)
    0x080002ca   0x080002ca   0x00000000   Code   RO         4212    .ARM.Collect$$libinit$$00000023  c_w.l(libinit2.o)
    0x080002ca   0x080002ca   0x00000004   Code   RO         4213    .ARM.Collect$$libinit$$00000024  c_w.l(libinit2.o)
    0x080002ce   0x080002ce   0x00000000   Code   RO         4214    .ARM.Collect$$libinit$$00000025  c_w.l(libinit2.o)
    0x080002ce   0x080002ce   0x00000000   Code   RO         4218    .ARM.Collect$$libinit$$0000002C  c_w.l(libinit2.o)
    0x080002ce   0x080002ce   0x00000000   Code   RO         4220    .ARM.Collect$$libinit$$0000002E  c_w.l(libinit2.o)
    0x080002ce   0x080002ce   0x00000000   Code   RO         4222    .ARM.Collect$$libinit$$00000030  c_w.l(libinit2.o)
    0x080002ce   0x080002ce   0x00000000   Code   RO         4224    .ARM.Collect$$libinit$$00000032  c_w.l(libinit2.o)
    0x080002ce   0x080002ce   0x00000002   Code   RO         4225    .ARM.Collect$$libinit$$00000033  c_w.l(libinit2.o)
    0x080002d0   0x080002d0   0x00000002   Code   RO         4362    .ARM.Collect$$libshutdown$$00000000  c_w.l(libshutdown.o)
    0x080002d2   0x080002d2   0x00000000   Code   RO         4227    .ARM.Collect$$libshutdown$$00000002  c_w.l(libshutdown2.o)
    0x080002d2   0x080002d2   0x00000004   Code   RO         4228    .ARM.Collect$$libshutdown$$00000003  c_w.l(libshutdown2.o)
    0x080002d6   0x080002d6   0x00000000   Code   RO         4229    .ARM.Collect$$libshutdown$$00000004  c_w.l(libshutdown2.o)
    0x080002d6   0x080002d6   0x00000000   Code   RO         4232    .ARM.Collect$$libshutdown$$00000007  c_w.l(libshutdown2.o)
    0x080002d6   0x080002d6   0x00000000   Code   RO         4235    .ARM.Collect$$libshutdown$$0000000A  c_w.l(libshutdown2.o)
    0x080002d6   0x080002d6   0x00000000   Code   RO         4237    .ARM.Collect$$libshutdown$$0000000C  c_w.l(libshutdown2.o)
    0x080002d6   0x080002d6   0x00000004   Code   RO         4238    .ARM.Collect$$libshutdown$$0000000D  c_w.l(libshutdown2.o)
    0x080002da   0x080002da   0x00000000   Code   RO         4240    .ARM.Collect$$libshutdown$$0000000F  c_w.l(libshutdown2.o)
    0x080002da   0x080002da   0x00000002   Code   RO         4241    .ARM.Collect$$libshutdown$$00000010  c_w.l(libshutdown2.o)
    0x080002dc   0x080002dc   0x00000000   Code   RO         3995    .ARM.Collect$$rtentry$$00000000  c_w.l(__rtentry.o)
    0x080002dc   0x080002dc   0x00000000   Code   RO         4041    .ARM.Collect$$rtentry$$00000002  c_w.l(__rtentry2.o)
    0x080002dc   0x080002dc   0x00000006   Code   RO         4053    .ARM.Collect$$rtentry$$00000004  c_w.l(__rtentry4.o)
    0x080002e2   0x080002e2   0x00000008   Code   RO         4042    .ARM.Collect$$rtentry$$00000008  c_w.l(__rtentry2.o)
    0x080002ea   0x080002ea   0x00000004   Code   RO         4044    .ARM.Collect$$rtentry$$0000000A  c_w.l(__rtentry2.o)
    0x080002ee   0x080002ee   0x00000000   Code   RO         4046    .ARM.Collect$$rtentry$$0000000C  c_w.l(__rtentry2.o)
    0x080002ee   0x080002ee   0x00000008   Code   RO         4047    .ARM.Collect$$rtentry$$0000000D  c_w.l(__rtentry2.o)
    0x080002f6   0x080002f6   0x00000002   Code   RO         4247    .ARM.Collect$$rtexit$$00000000  c_w.l(rtexit.o)
    0x080002f8   0x080002f8   0x00000000   Code   RO         4305    .ARM.Collect$$rtexit$$00000002  c_w.l(rtexit2.o)
    0x080002f8   0x080002f8   0x00000004   Code   RO         4306    .ARM.Collect$$rtexit$$00000003  c_w.l(rtexit2.o)
    0x080002fc   0x080002fc   0x00000006   Code   RO         4307    .ARM.Collect$$rtexit$$00000004  c_w.l(rtexit2.o)
    0x08000302   0x08000302   0x00000002   PAD
    0x08000304   0x08000304   0x00000000   Code   RO         4312    .emb_text           c_w.l(maybetermalloc2.o)
    0x08000304   0x08000304   0x00000040   Code   RO         2370    .text               startup_stm32f429xx.o
    0x08000344   0x08000344   0x000000c4   Code   RO         3008    .text               RTX_CM4F.lib(irq_cm4f.o)
    0x08000408   0x08000408   0x000000ee   Code   RO         3888    .text               c_w.l(lludivv7m.o)
    0x080004f6   0x080004f6   0x00000002   PAD
    0x080004f8   0x080004f8   0x00000018   Code   RO         3890    .text               c_w.l(__2printf.o)
    0x08000510   0x08000510   0x0000002c   Code   RO         3892    .text               c_w.l(__2sprintf.o)
    0x0800053c   0x0800053c   0x0000004e   Code   RO         3900    .text               c_w.l(_printf_pad.o)
    0x0800058a   0x0800058a   0x00000052   Code   RO         3902    .text               c_w.l(_printf_str.o)
    0x080005dc   0x080005dc   0x00000078   Code   RO         3904    .text               c_w.l(_printf_dec.o)
    0x08000654   0x08000654   0x00000028   Code   RO         3906    .text               c_w.l(_printf_charcount.o)
    0x0800067c   0x0800067c   0x0000007c   Code   RO         3908    .text               c_w.l(_printf_longlong_dec.o)
    0x080006f8   0x080006f8   0x00000054   Code   RO         3910    .text               c_w.l(_printf_oct_ll.o)
    0x0800074c   0x0800074c   0x00000094   Code   RO         3934    .text               c_w.l(_printf_hex_int_ll_ptr.o)
    0x080007e0   0x080007e0   0x00000188   Code   RO         3954    .text               c_w.l(__printf_flags_ss_wp.o)
    0x08000968   0x08000968   0x0000003c   Code   RO         3969    .text               c_w.l(__0sscanf.o)
    0x080009a4   0x080009a4   0x0000014c   Code   RO         3971    .text               c_w.l(_scanf_int.o)
    0x08000af0   0x08000af0   0x0000001a   Code   RO         3973    .text               c_w.l(atoi.o)
    0x08000b0a   0x08000b0a   0x00000058   Code   RO         3975    .text               c_w.l(memcmp.o)
    0x08000b62   0x08000b62   0x00000048   Code   RO         3977    .text               c_w.l(strcpy.o)
    0x08000baa   0x08000baa   0x0000003e   Code   RO         3979    .text               c_w.l(strlen.o)
    0x08000be8   0x08000be8   0x00000096   Code   RO         3981    .text               c_w.l(strncmp.o)
    0x08000c7e   0x08000c7e   0x0000008a   Code   RO         3983    .text               c_w.l(rt_memcpy_v6.o)
    0x08000d08   0x08000d08   0x00000044   Code   RO         3985    .text               c_w.l(rt_memclr.o)
    0x08000d4c   0x08000d4c   0x0000004e   Code   RO         3987    .text               c_w.l(rt_memclr_w.o)
    0x08000d9a   0x08000d9a   0x00000002   PAD
    0x08000d9c   0x08000d9c   0x00000080   Code   RO         3989    .text               c_w.l(strcmpv7m.o)
    0x08000e1c   0x08000e1c   0x00000006   Code   RO         3991    .text               c_w.l(heapauxi.o)
    0x08000e22   0x08000e22   0x00000004   Code   RO         4005    .text               c_w.l(rt_errno_addr_twolibspace.o)
    0x08000e26   0x08000e26   0x0000008a   Code   RO         4007    .text               c_w.l(lludiv10.o)
    0x08000eb0   0x08000eb0   0x000000b2   Code   RO         4009    .text               c_w.l(_printf_intcommon.o)
    0x08000f62   0x08000f62   0x00000002   PAD
    0x08000f64   0x08000f64   0x00000030   Code   RO         4011    .text               c_w.l(_printf_char_common.o)
    0x08000f94   0x08000f94   0x0000000a   Code   RO         4013    .text               c_w.l(_sputc.o)
    0x08000f9e   0x08000f9e   0x0000002c   Code   RO         4015    .text               c_w.l(_printf_char.o)
    0x08000fca   0x08000fca   0x0000001c   Code   RO         4021    .text               c_w.l(_chval.o)
    0x08000fe6   0x08000fe6   0x00000002   PAD
    0x08000fe8   0x08000fe8   0x0000002c   Code   RO         4023    .text               c_w.l(scanf_char.o)
    0x08001014   0x08001014   0x00000040   Code   RO         4025    .text               c_w.l(_sgetc.o)
    0x08001054   0x08001054   0x00000070   Code   RO         4027    .text               c_w.l(strtol.o)
    0x080010c4   0x080010c4   0x00000064   Code   RO         4035    .text               c_w.l(rt_memcpy_w.o)
    0x08001128   0x08001128   0x00000008   Code   RO         4037    .text               c_w.l(libspace.o)
    0x08001130   0x08001130   0x00000010   Code   RO         4055    .text               c_w.l(rt_ctype_table.o)
    0x08001140   0x08001140   0x00000012   Code   RO         4059    .text               c_w.l(isspace.o)
    0x08001152   0x08001152   0x00000002   PAD
    0x08001154   0x08001154   0x00000374   Code   RO         4063    .text               c_w.l(_scanf.o)
    0x080014c8   0x080014c8   0x0000009e   Code   RO         4065    .text               c_w.l(_strtoul.o)
    0x08001566   0x08001566   0x00000002   PAD
    0x08001568   0x08001568   0x000001c8   Code   RO         4079    .text               c_w.l(initio_locked.o)
    0x08001730   0x08001730   0x00000066   Code   RO         4081    .text               c_w.l(sys_io.o)
    0x08001796   0x08001796   0x0000004a   Code   RO         4086    .text               c_w.l(sys_stackheap_outer.o)
    0x080017e0   0x080017e0   0x0000000a   Code   RO         4093    .text               c_w.l(rt_locale_twolibspace.o)
    0x080017ea   0x080017ea   0x00000076   Code   RO         4099    .text               c_w.l(h1_free_mt.o)
    0x08001860   0x08001860   0x000001d6   Code   RO         4151    .text               c_w.l(flsbuf.o)
    0x08001a36   0x08001a36   0x0000004c   Code   RO         4158    .text               c_w.l(fclose.o)
    0x08001a82   0x08001a82   0x00000068   Code   RO         4160    .text               c_w.l(setvbuf_locked.o)
    0x08001aea   0x08001aea   0x00000002   PAD
    0x08001aec   0x08001aec   0x00000144   Code   RO         4162    .text               c_w.l(fopen_locked.o)
    0x08001c30   0x08001c30   0x00000012   Code   RO         4167    .text               c_w.l(exit.o)
    0x08001c42   0x08001c42   0x0000000e   Code   RO         4173    .text               c_w.l(defsig_rtred_outer.o)
    0x08001c50   0x08001c50   0x00000002   Code   RO         4244    .text               c_w.l(use_no_semi.o)
    0x08001c52   0x08001c52   0x00000000   Code   RO         4246    .text               c_w.l(indicate_semi.o)
    0x08001c52   0x08001c52   0x0000000a   Code   RO         4256    .text               c_w.l(rt_heap_descriptor_twolibspace.o)
    0x08001c5c   0x08001c5c   0x00000004   Code   RO         4258    .text               c_w.l(hguard.o)
    0x08001c60   0x08001c60   0x0000008a   Code   RO         4260    .text               c_w.l(init_alloc.o)
    0x08001cea   0x08001cea   0x0000009e   Code   RO         4268    .text               c_w.l(h1_alloc_mt.o)
    0x08001d88   0x08001d88   0x00000040   Code   RO         4280    .text               c_w.l(_printf_char_file_locked.o)
    0x08001dc8   0x08001dc8   0x000000f8   Code   RO         4282    .text               c_w.l(fseek.o)
    0x08001ec0   0x08001ec0   0x000000f0   Code   RO         4284    .text               c_w.l(stdio.o)
    0x08001fb0   0x08001fb0   0x0000000a   Code   RO         4290    .text               c_w.l(defsig_exit.o)
    0x08001fba   0x08001fba   0x00000002   PAD
    0x08001fbc   0x08001fbc   0x00000034   Code   RO         4294    .text               c_w.l(defsig_rtred_inner.o)
    0x08001ff0   0x08001ff0   0x0000000c   Code   RO         4302    .text               c_w.l(sys_exit.o)
    0x08001ffc   0x08001ffc   0x00000012   Code   RO         4317    .text               c_w.l(h1_init_mt.o)
    0x0800200e   0x0800200e   0x0000003e   Code   RO         4319    .text               c_w.l(h1_extend_mt.o)
    0x0800204c   0x0800204c   0x00000042   Code   RO         4325    .text               c_w.l(ftell.o)
    0x0800208e   0x0800208e   0x00000032   Code   RO         4333    .text               c_w.l(defsig_general.o)
    0x080020c0   0x080020c0   0x0000000e   Code   RO         4335    .text               c_w.l(defsig_rtmem_outer.o)
    0x080020ce   0x080020ce   0x0000000e   Code   RO         4348    .text               c_w.l(sys_wrch.o)
    0x080020dc   0x080020dc   0x00000010   Code   RO         4354    .text               c_w.l(term_alloc.o)
    0x080020ec   0x080020ec   0x00000050   Code   RO         4356    .text               c_w.l(defsig_rtmem_inner.o)
    0x0800213c   0x0800213c   0x0000000a   Code   RO         4365    .text               c_w.l(h1_final_mt.o)
    0x08002146   0x08002146   0x00000040   Code   RO         3708    .text.MessageQueueGet  RTX_CM4F.lib(rtx_msgqueue.o)
    0x08002186   0x08002186   0x00000058   Code   RO         3702    .text.MessageQueuePut  RTX_CM4F.lib(rtx_msgqueue.o)
    0x080021de   0x080021de   0x0000001c   Code   RO         3700    .text.MessageQueueRemove  RTX_CM4F.lib(rtx_msgqueue.o)
    0x080021fa   0x080021fa   0x00000002   PAD
    0x080021fc   0x080021fc   0x0000000c   Code   RO         3746    .text.OS_Tick_AcknowledgeIRQ  RTX_CM4F.lib(os_systick.o)
    0x08002208   0x08002208   0x0000002c   Code   RO         3742    .text.OS_Tick_Enable  RTX_CM4F.lib(os_systick.o)
    0x08002234   0x08002234   0x00000006   Code   RO         3748    .text.OS_Tick_GetIRQn  RTX_CM4F.lib(os_systick.o)
    0x0800223a   0x0800223a   0x00000002   PAD
    0x0800223c   0x0800223c   0x00000040   Code   RO         3740    .text.OS_Tick_Setup  RTX_CM4F.lib(os_systick.o)
    0x0800227c   0x0800227c   0x0000002e   Code   RO         2993    .text.SemaphoreTokenIncrement  RTX_CM4F.lib(rtx_semaphore.o)
    0x080022aa   0x080022aa   0x0000006e   Code   RO         2823    .text.ThreadFlagsCheck  RTX_CM4F.lib(rtx_thread.o)
    0x08002318   0x08002318   0x00000048   Code   RO         2909    .text.TimerInsert   RTX_CM4F.lib(rtx_timer.o)
    0x08002360   0x08002360   0x00000028   Code   RO         2917    .text.TimerRemove   RTX_CM4F.lib(rtx_timer.o)
    0x08002388   0x08002388   0x00000024   Code   RO         2876    .text.osDelay       RTX_CM4F.lib(rtx_delay.o)
    0x080023ac   0x080023ac   0x00000030   Code   RO         2684    .text.osKernelGetState  RTX_CM4F.lib(rtx_kernel.o)
    0x080023dc   0x080023dc   0x00000028   Code   RO         2700    .text.osKernelGetTickCount  RTX_CM4F.lib(rtx_kernel.o)
    0x08002404   0x08002404   0x00000028   Code   RO         2704    .text.osKernelGetTickFreq  RTX_CM4F.lib(rtx_kernel.o)
    0x0800242c   0x0800242c   0x0000002c   Code   RO         2678    .text.osKernelInitialize  RTX_CM4F.lib(rtx_kernel.o)
    0x08002458   0x08002458   0x00000024   Code   RO         2688    .text.osKernelStart  RTX_CM4F.lib(rtx_kernel.o)
    0x0800247c   0x0800247c   0x0000006c   Code   RO         3674    .text.osMessageQueueGet  RTX_CM4F.lib(rtx_msgqueue.o)
    0x080024e8   0x080024e8   0x00000024   Code   RO         3668    .text.osMessageQueueNew  RTX_CM4F.lib(rtx_msgqueue.o)
    0x0800250c   0x0800250c   0x00000078   Code   RO         3672    .text.osMessageQueuePut  RTX_CM4F.lib(rtx_msgqueue.o)
    0x08002584   0x08002584   0x00000024   Code   RO         2942    .text.osMutexAcquire  RTX_CM4F.lib(rtx_mutex.o)
    0x080025a8   0x080025a8   0x00000024   Code   RO         2948    .text.osMutexDelete  RTX_CM4F.lib(rtx_mutex.o)
    0x080025cc   0x080025cc   0x00000024   Code   RO         2938    .text.osMutexNew    RTX_CM4F.lib(rtx_mutex.o)
    0x080025f0   0x080025f0   0x00000024   Code   RO         2944    .text.osMutexRelease  RTX_CM4F.lib(rtx_mutex.o)
    0x08002614   0x08002614   0x00000070   Code   RO         3602    .text.osRtxMemoryAlloc  RTX_CM4F.lib(rtx_memory.o)
    0x08002684   0x08002684   0x00000046   Code   RO         3604    .text.osRtxMemoryFree  RTX_CM4F.lib(rtx_memory.o)
    0x080026ca   0x080026ca   0x0000003c   Code   RO         3600    .text.osRtxMemoryInit  RTX_CM4F.lib(rtx_memory.o)
    0x08002706   0x08002706   0x0000003a   Code   RO         3617    .text.osRtxMemoryPoolAlloc  RTX_CM4F.lib(rtx_mempool.o)
    0x08002740   0x08002740   0x0000004a   Code   RO         3619    .text.osRtxMemoryPoolFree  RTX_CM4F.lib(rtx_mempool.o)
    0x0800278a   0x0800278a   0x00000036   Code   RO         3615    .text.osRtxMemoryPoolInit  RTX_CM4F.lib(rtx_mempool.o)
    0x080027c0   0x080027c0   0x000000ba   Code   RO         3698    .text.osRtxMessageQueuePostProcess  RTX_CM4F.lib(rtx_msgqueue.o)
    0x0800287a   0x0800287a   0x00000048   Code   RO         2934    .text.osRtxMutexOwnerRelease  RTX_CM4F.lib(rtx_mutex.o)
    0x080028c2   0x080028c2   0x00000042   Code   RO         2936    .text.osRtxMutexOwnerRestore  RTX_CM4F.lib(rtx_mutex.o)
    0x08002904   0x08002904   0x0000008c   Code   RO         3727    .text.osRtxPendSV_Handler  RTX_CM4F.lib(rtx_system.o)
    0x08002990   0x08002990   0x00000074   Code   RO         3729    .text.osRtxPostProcess  RTX_CM4F.lib(rtx_system.o)
    0x08002a04   0x08002a04   0x00000036   Code   RO         2987    .text.osRtxSemaphorePostProcess  RTX_CM4F.lib(rtx_semaphore.o)
    0x08002a3a   0x08002a3a   0x00000002   PAD
    0x08002a3c   0x08002a3c   0x00000038   Code   RO         2763    .text.osRtxThreadBlock  RTX_CM4F.lib(rtx_thread.o)
    0x08002a74   0x08002a74   0x00000074   Code   RO         2771    .text.osRtxThreadDelayInsert  RTX_CM4F.lib(rtx_thread.o)
    0x08002ae8   0x08002ae8   0x0000003c   Code   RO         2767    .text.osRtxThreadDelayRemove  RTX_CM4F.lib(rtx_thread.o)
    0x08002b24   0x08002b24   0x0000004c   Code   RO         2751    .text.osRtxThreadDelayTick  RTX_CM4F.lib(rtx_thread.o)
    0x08002b70   0x08002b70   0x00000058   Code   RO         2761    .text.osRtxThreadDispatch  RTX_CM4F.lib(rtx_thread.o)
    0x08002bc8   0x08002bc8   0x00000058   Code   RO         2847    .text.osRtxThreadFree  RTX_CM4F.lib(rtx_thread.o)
    0x08002c20   0x08002c20   0x00000012   Code   RO         2743    .text.osRtxThreadListGet  RTX_CM4F.lib(rtx_thread.o)
    0x08002c32   0x08002c32   0x0000002c   Code   RO         2741    .text.osRtxThreadListPut  RTX_CM4F.lib(rtx_thread.o)
    0x08002c5e   0x08002c5e   0x00000014   Code   RO         2747    .text.osRtxThreadListRemove  RTX_CM4F.lib(rtx_thread.o)
    0x08002c72   0x08002c72   0x0000000c   Code   RO         2753    .text.osRtxThreadListRoot  RTX_CM4F.lib(rtx_thread.o)
    0x08002c7e   0x08002c7e   0x00000026   Code   RO         2745    .text.osRtxThreadListSort  RTX_CM4F.lib(rtx_thread.o)
    0x08002ca4   0x08002ca4   0x00000028   Code   RO         2821    .text.osRtxThreadPostProcess  RTX_CM4F.lib(rtx_thread.o)
    0x08002ccc   0x08002ccc   0x00000014   Code   RO         2749    .text.osRtxThreadReadyPut  RTX_CM4F.lib(rtx_thread.o)
    0x08002ce0   0x08002ce0   0x00000014   Code   RO         2755    .text.osRtxThreadRegPtr  RTX_CM4F.lib(rtx_thread.o)
    0x08002cf4   0x08002cf4   0x00000028   Code   RO         2759    .text.osRtxThreadStackCheck  RTX_CM4F.lib(rtx_thread.o)
    0x08002d1c   0x08002d1c   0x00000040   Code   RO         2773    .text.osRtxThreadStartup  RTX_CM4F.lib(rtx_thread.o)
    0x08002d5c   0x08002d5c   0x00000010   Code   RO         2757    .text.osRtxThreadSwitch  RTX_CM4F.lib(rtx_thread.o)
    0x08002d6c   0x08002d6c   0x00000038   Code   RO         2769    .text.osRtxThreadWaitEnter  RTX_CM4F.lib(rtx_thread.o)
    0x08002da4   0x08002da4   0x00000032   Code   RO         2765    .text.osRtxThreadWaitExit  RTX_CM4F.lib(rtx_thread.o)
    0x08002dd6   0x08002dd6   0x00000002   PAD
    0x08002dd8   0x08002dd8   0x00000070   Code   RO         3725    .text.osRtxTick_Handler  RTX_CM4F.lib(rtx_system.o)
    0x08002e48   0x08002e48   0x0000003c   Code   RO         2893    .text.osRtxTimerThread  RTX_CM4F.lib(rtx_timer.o)
    0x08002e84   0x08002e84   0x00000054   Code   RO         2895    .text.osRtxTimerTick  RTX_CM4F.lib(rtx_timer.o)
    0x08002ed8   0x08002ed8   0x00000054   Code   RO         2975    .text.osSemaphoreAcquire  RTX_CM4F.lib(rtx_semaphore.o)
    0x08002f2c   0x08002f2c   0x00000024   Code   RO         2983    .text.osSemaphoreDelete  RTX_CM4F.lib(rtx_semaphore.o)
    0x08002f50   0x08002f50   0x00000024   Code   RO         2971    .text.osSemaphoreNew  RTX_CM4F.lib(rtx_semaphore.o)
    0x08002f74   0x08002f74   0x0000004c   Code   RO         2977    .text.osSemaphoreRelease  RTX_CM4F.lib(rtx_semaphore.o)
    0x08002fc0   0x08002fc0   0x0000000c   Code   RO         2805    .text.osThreadExit  RTX_CM4F.lib(rtx_thread.o)
    0x08002fcc   0x08002fcc   0x00000024   Code   RO         2815    .text.osThreadFlagsClear  RTX_CM4F.lib(rtx_thread.o)
    0x08002ff0   0x08002ff0   0x00000058   Code   RO         2813    .text.osThreadFlagsSet  RTX_CM4F.lib(rtx_thread.o)
    0x08003048   0x08003048   0x00000024   Code   RO         2819    .text.osThreadFlagsWait  RTX_CM4F.lib(rtx_thread.o)
    0x0800306c   0x0800306c   0x00000028   Code   RO         2781    .text.osThreadGetId  RTX_CM4F.lib(rtx_thread.o)
    0x08003094   0x08003094   0x00000024   Code   RO         2777    .text.osThreadNew   RTX_CM4F.lib(rtx_thread.o)
    0x080030b8   0x080030b8   0x00000024   Code   RO         2807    .text.osThreadTerminate  RTX_CM4F.lib(rtx_thread.o)
    0x080030dc   0x080030dc   0x00000024   Code   RO         2795    .text.osThreadYield  RTX_CM4F.lib(rtx_thread.o)
    0x08003100   0x08003100   0x00000024   Code   RO         2897    .text.osTimerNew    RTX_CM4F.lib(rtx_timer.o)
    0x08003124   0x08003124   0x00000024   Code   RO         2901    .text.osTimerStart  RTX_CM4F.lib(rtx_timer.o)
    0x08003148   0x08003148   0x00000014   Code   RO         2880    .text.svcRtxDelay   RTX_CM4F.lib(rtx_delay.o)
    0x0800315c   0x0800315c   0x0000000c   Code   RO         2686    .text.svcRtxKernelGetState  RTX_CM4F.lib(rtx_kernel.o)
    0x08003168   0x08003168   0x0000000c   Code   RO         2702    .text.svcRtxKernelGetTickCount  RTX_CM4F.lib(rtx_kernel.o)
    0x08003174   0x08003174   0x0000000c   Code   RO         2706    .text.svcRtxKernelGetTickFreq  RTX_CM4F.lib(rtx_kernel.o)
    0x08003180   0x08003180   0x00000150   Code   RO         2716    .text.svcRtxKernelInitialize  RTX_CM4F.lib(rtx_kernel.o)
    0x080032d0   0x080032d0   0x00000088   Code   RO         2718    .text.svcRtxKernelStart  RTX_CM4F.lib(rtx_kernel.o)
    0x08003358   0x08003358   0x000000e0   Code   RO         3710    .text.svcRtxMessageQueueGet  RTX_CM4F.lib(rtx_msgqueue.o)
    0x08003438   0x08003438   0x00000130   Code   RO         3696    .text.svcRtxMessageQueueNew  RTX_CM4F.lib(rtx_msgqueue.o)
    0x08003568   0x08003568   0x000000c0   Code   RO         3706    .text.svcRtxMessageQueuePut  RTX_CM4F.lib(rtx_msgqueue.o)
    0x08003628   0x08003628   0x00000094   Code   RO         2954    .text.svcRtxMutexAcquire  RTX_CM4F.lib(rtx_mutex.o)
    0x080036bc   0x080036bc   0x000000b0   Code   RO         2960    .text.svcRtxMutexDelete  RTX_CM4F.lib(rtx_mutex.o)
    0x0800376c   0x0800376c   0x00000068   Code   RO         2950    .text.svcRtxMutexNew  RTX_CM4F.lib(rtx_mutex.o)
    0x080037d4   0x080037d4   0x000000b4   Code   RO         2956    .text.svcRtxMutexRelease  RTX_CM4F.lib(rtx_mutex.o)
    0x08003888   0x08003888   0x00000058   Code   RO         2991    .text.svcRtxSemaphoreAcquire  RTX_CM4F.lib(rtx_semaphore.o)
    0x080038e0   0x080038e0   0x00000060   Code   RO         2997    .text.svcRtxSemaphoreDelete  RTX_CM4F.lib(rtx_semaphore.o)
    0x08003940   0x08003940   0x00000080   Code   RO         2985    .text.svcRtxSemaphoreNew  RTX_CM4F.lib(rtx_semaphore.o)
    0x080039c0   0x080039c0   0x00000036   Code   RO         2995    .text.svcRtxSemaphoreRelease  RTX_CM4F.lib(rtx_semaphore.o)
    0x080039f6   0x080039f6   0x00000002   PAD
    0x080039f8   0x080039f8   0x00000068   Code   RO         2851    .text.svcRtxThreadExit  RTX_CM4F.lib(rtx_thread.o)
    0x08003a60   0x08003a60   0x00000034   Code   RO         2861    .text.svcRtxThreadFlagsClear  RTX_CM4F.lib(rtx_thread.o)
    0x08003a94   0x08003a94   0x00000066   Code   RO         2859    .text.svcRtxThreadFlagsSet  RTX_CM4F.lib(rtx_thread.o)
    0x08003afa   0x08003afa   0x00000002   PAD
    0x08003afc   0x08003afc   0x0000004c   Code   RO         2865    .text.svcRtxThreadFlagsWait  RTX_CM4F.lib(rtx_thread.o)
    0x08003b48   0x08003b48   0x0000000c   Code   RO         2783    .text.svcRtxThreadGetId  RTX_CM4F.lib(rtx_thread.o)
    0x08003b54   0x08003b54   0x000001d0   Code   RO         2775    .text.svcRtxThreadNew  RTX_CM4F.lib(rtx_thread.o)
    0x08003d24   0x08003d24   0x000000bc   Code   RO         2853    .text.svcRtxThreadTerminate  RTX_CM4F.lib(rtx_thread.o)
    0x08003de0   0x08003de0   0x00000038   Code   RO         2837    .text.svcRtxThreadYield  RTX_CM4F.lib(rtx_thread.o)
    0x08003e18   0x08003e18   0x00000078   Code   RO         2911    .text.svcRtxTimerNew  RTX_CM4F.lib(rtx_timer.o)
    0x08003e90   0x08003e90   0x0000004c   Code   RO         2915    .text.svcRtxTimerStart  RTX_CM4F.lib(rtx_timer.o)
    0x08003edc   0x08003edc   0x00000004   Code   RO          159    i.BusFault_Handler  stm32f4xx_it.o
    0x08003ee0   0x08003ee0   0x00000174   Code   RO          780    i.Control           emac_stm32f4xx.o
    0x08004054   0x08004054   0x00000008   Code   RO          781    i.ControlTimer      emac_stm32f4xx.o
    0x0800405c   0x0800405c   0x00000002   Code   RO          160    i.DebugMon_Handler  stm32f4xx_it.o
    0x0800405e   0x0800405e   0x00000002   PAD
    0x08004060   0x08004060   0x00000058   Code   RO          782    i.ETH_IRQHandler    emac_stm32f4xx.o
    0x080040b8   0x080040b8   0x000001d8   Code   RO          783    i.Enable_GPIO_Clock  emac_stm32f4xx.o
    0x08004290   0x08004290   0x000000e4   Code   RO            4    i.Error_Handler     main.o
    0x08004374   0x08004374   0x00000060   Code   RO         1398    i.FLASH_Erase_Sector  stm32f4xx_hal_flash_ex.o
    0x080043d4   0x080043d4   0x00000078   Code   RO         1399    i.FLASH_FlushCaches  stm32f4xx_hal_flash_ex.o
    0x0800444c   0x0800444c   0x00000054   Code   RO         1400    i.FLASH_MassErase   stm32f4xx_hal_flash_ex.o
    0x080044a0   0x080044a0   0x00000024   Code   RO         1280    i.FLASH_Program_Byte  stm32f4xx_hal_flash.o
    0x080044c4   0x080044c4   0x00000030   Code   RO         1281    i.FLASH_Program_DoubleWord  stm32f4xx_hal_flash.o
    0x080044f4   0x080044f4   0x00000028   Code   RO         1282    i.FLASH_Program_HalfWord  stm32f4xx_hal_flash.o
    0x0800451c   0x0800451c   0x00000028   Code   RO         1283    i.FLASH_Program_Word  stm32f4xx_hal_flash.o
    0x08004544   0x08004544   0x000000b4   Code   RO         1284    i.FLASH_SetErrorCode  stm32f4xx_hal_flash.o
    0x080045f8   0x080045f8   0x00000064   Code   RO         1285    i.FLASH_WaitForLastOperation  stm32f4xx_hal_flash.o
    0x0800465c   0x0800465c   0x00000084   Code   RO          555    i.Flash_Write_Data  flash.o
    0x080046e0   0x080046e0   0x0000000c   Code   RO          784    i.GetCapabilities   emac_stm32f4xx.o
    0x080046ec   0x080046ec   0x00000044   Code   RO          715    i.GetLinkInfo       phy_lan8742a.o
    0x08004730   0x08004730   0x0000002c   Code   RO          716    i.GetLinkState      phy_lan8742a.o
    0x0800475c   0x0800475c   0x00000044   Code   RO          785    i.GetMacAddress     emac_stm32f4xx.o
    0x080047a0   0x080047a0   0x0000004c   Code   RO          786    i.GetRxFrameSize    emac_stm32f4xx.o
    0x080047ec   0x080047ec   0x00000008   Code   RO          787    i.GetRxFrameTime    emac_stm32f4xx.o
    0x080047f4   0x080047f4   0x00000170   Code   RO          556    i.GetSecNum         flash.o
    0x08004964   0x08004964   0x00000008   Code   RO          788    i.GetTxFrameTime    emac_stm32f4xx.o
    0x0800496c   0x0800496c   0x00000010   Code   RO          717    i.GetVersion        phy_lan8742a.o
    0x0800497c   0x0800497c   0x00000010   Code   RO          789    i.GetVersion        emac_stm32f4xx.o
    0x0800498c   0x0800498c   0x000000b0   Code   RO         1415    i.HAL_FLASHEx_Erase  stm32f4xx_hal_flash_ex.o
    0x08004a3c   0x08004a3c   0x0000000c   Code   RO         1287    i.HAL_FLASH_GetError  stm32f4xx_hal_flash.o
    0x08004a48   0x08004a48   0x00000014   Code   RO         1289    i.HAL_FLASH_Lock    stm32f4xx_hal_flash.o
    0x08004a5c   0x08004a5c   0x00000098   Code   RO         1294    i.HAL_FLASH_Program  stm32f4xx_hal_flash.o
    0x08004af4   0x08004af4   0x00000034   Code   RO         1296    i.HAL_FLASH_Unlock  stm32f4xx_hal_flash.o
    0x08004b28   0x08004b28   0x00000180   Code   RO         1548    i.HAL_GPIO_DeInit   stm32f4xx_hal_gpio.o
    0x08004ca8   0x08004ca8   0x0000021c   Code   RO         1551    i.HAL_GPIO_Init     stm32f4xx_hal_gpio.o
    0x08004ec4   0x08004ec4   0x0000004c   Code   RO            5    i.HAL_GetTick       main.o
    0x08004f10   0x08004f10   0x00000050   Code   RO         1614    i.HAL_IWDG_Init     stm32f4xx_hal_iwdg.o
    0x08004f60   0x08004f60   0x0000000e   Code   RO         1615    i.HAL_IWDG_Refresh  stm32f4xx_hal_iwdg.o
    0x08004f6e   0x08004f6e   0x00000002   PAD
    0x08004f70   0x08004f70   0x00000030   Code   RO          964    i.HAL_Init          stm32f4xx_hal.o
    0x08004fa0   0x08004fa0   0x0000004c   Code   RO          965    i.HAL_InitTick      stm32f4xx_hal.o
    0x08004fec   0x08004fec   0x00000048   Code   RO          224    i.HAL_MspInit       stm32f4xx_hal_msp.o
    0x08005034   0x08005034   0x0000007c   Code   RO         1151    i.HAL_NVIC_SetPriority  stm32f4xx_hal_cortex.o
    0x080050b0   0x080050b0   0x00000028   Code   RO         1152    i.HAL_NVIC_SetPriorityGrouping  stm32f4xx_hal_cortex.o
    0x080050d8   0x080050d8   0x0000008c   Code   RO         1770    i.HAL_PWREx_EnableOverDrive  stm32f4xx_hal_pwr_ex.o
    0x08005164   0x08005164   0x0000000c   Code   RO         1651    i.HAL_PWR_EnableBkUpAccess  stm32f4xx_hal_pwr.o
    0x08005170   0x08005170   0x00000304   Code   RO         1944    i.HAL_RCCEx_PeriphCLKConfig  stm32f4xx_hal_rcc_ex.o
    0x08005474   0x08005474   0x00000184   Code   RO         1837    i.HAL_RCC_ClockConfig  stm32f4xx_hal_rcc.o
    0x080055f8   0x080055f8   0x0000000c   Code   RO         1842    i.HAL_RCC_GetHCLKFreq  stm32f4xx_hal_rcc.o
    0x08005604   0x08005604   0x000000b0   Code   RO         1846    i.HAL_RCC_GetSysClockFreq  stm32f4xx_hal_rcc.o
    0x080056b4   0x080056b4   0x00000488   Code   RO         1849    i.HAL_RCC_OscConfig  stm32f4xx_hal_rcc.o
    0x08005b3c   0x08005b3c   0x00000002   Code   RO         2142    i.HAL_RTCEx_AlarmBEventCallback  stm32f4xx_hal_rtc_ex.o
    0x08005b3e   0x08005b3e   0x00000064   Code   RO         2160    i.HAL_RTCEx_SetCalibrationOutPut  stm32f4xx_hal_rtc_ex.o
    0x08005ba2   0x08005ba2   0x00000002   Code   RO         2004    i.HAL_RTC_AlarmAEventCallback  stm32f4xx_hal_rtc.o
    0x08005ba4   0x08005ba4   0x0000006c   Code   RO         2005    i.HAL_RTC_AlarmIRQHandler  stm32f4xx_hal_rtc.o
    0x08005c10   0x08005c10   0x0000004c   Code   RO         2009    i.HAL_RTC_GetDate   stm32f4xx_hal_rtc.o
    0x08005c5c   0x08005c5c   0x00000060   Code   RO         2011    i.HAL_RTC_GetTime   stm32f4xx_hal_rtc.o
    0x08005cbc   0x08005cbc   0x000000d8   Code   RO         2012    i.HAL_RTC_Init      stm32f4xx_hal_rtc.o
    0x08005d94   0x08005d94   0x0000005c   Code   RO          226    i.HAL_RTC_MspInit   stm32f4xx_hal_msp.o
    0x08005df0   0x08005df0   0x00000104   Code   RO         2018    i.HAL_RTC_SetDate   stm32f4xx_hal_rtc.o
    0x08005ef4   0x08005ef4   0x0000012c   Code   RO         2019    i.HAL_RTC_SetTime   stm32f4xx_hal_rtc.o
    0x08006020   0x08006020   0x0000003a   Code   RO         2020    i.HAL_RTC_WaitForSynchro  stm32f4xx_hal_rtc.o
    0x0800605a   0x0800605a   0x00000034   Code   RO         1156    i.HAL_SYSTICK_Config  stm32f4xx_hal_cortex.o
    0x0800608e   0x0800608e   0x00000004   Code   RO          161    i.HardFault_Handler  stm32f4xx_it.o
    0x08006092   0x08006092   0x00000002   PAD
    0x08006094   0x08006094   0x00000030   Code   RO          718    i.Initialize        phy_lan8742a.o
    0x080060c4   0x080060c4   0x00000078   Code   RO          790    i.Initialize        emac_stm32f4xx.o
    0x0800613c   0x0800613c   0x0000007c   Code   RO          408    i.MX_RTC_Init       rtc.o
    0x080061b8   0x080061b8   0x00000004   Code   RO          162    i.MemManage_Handler  stm32f4xx_it.o
    0x080061bc   0x080061bc   0x00000002   Code   RO          163    i.NMI_Handler       stm32f4xx_it.o
    0x080061be   0x080061be   0x00000002   PAD
    0x080061c0   0x080061c0   0x00000078   Code   RO          791    i.PHY_Read          emac_stm32f4xx.o
    0x08006238   0x08006238   0x00000074   Code   RO          792    i.PHY_Write         emac_stm32f4xx.o
    0x080062ac   0x080062ac   0x000000d4   Code   RO          719    i.PowerControl      phy_lan8742a.o
    0x08006380   0x08006380   0x000002b0   Code   RO          793    i.PowerControl      emac_stm32f4xx.o
    0x08006630   0x08006630   0x00000010   Code   RO          164    i.RTC_Alarm_IRQHandler  stm32f4xx_it.o
    0x08006640   0x08006640   0x00000016   Code   RO         2021    i.RTC_Bcd2ToByte    stm32f4xx_hal_rtc.o
    0x08006656   0x08006656   0x0000001a   Code   RO         2022    i.RTC_ByteToBcd2    stm32f4xx_hal_rtc.o
    0x08006670   0x08006670   0x0000003e   Code   RO         2023    i.RTC_EnterInitMode  stm32f4xx_hal_rtc.o
    0x080066ae   0x080066ae   0x00000002   PAD
    0x080066b0   0x080066b0   0x000000a0   Code   RO          794    i.ReadFrame         emac_stm32f4xx.o
    0x08006750   0x08006750   0x000001b4   Code   RO          265    i.Rtc_setDate       http_server.o
    0x08006904   0x08006904   0x000000ac   Code   RO          266    i.Rtc_setTime       http_server.o
    0x080069b0   0x080069b0   0x00000148   Code   RO          795    i.SendFrame         emac_stm32f4xx.o
    0x08006af8   0x08006af8   0x0000013c   Code   RO          796    i.SetAddressFilter  emac_stm32f4xx.o
    0x08006c34   0x08006c34   0x0000002c   Code   RO          720    i.SetInterface      phy_lan8742a.o
    0x08006c60   0x08006c60   0x0000004c   Code   RO          797    i.SetMacAddress     emac_stm32f4xx.o
    0x08006cac   0x08006cac   0x00000080   Code   RO          721    i.SetMode           phy_lan8742a.o
    0x08006d2c   0x08006d2c   0x000000c8   Code   RO            6    i.SystemClock_Config  main.o
    0x08006df4   0x08006df4   0x000000c0   Code   RO         2377    i.SystemCoreClockUpdate  system_stm32f4xx.o
    0x08006eb4   0x08006eb4   0x0000001c   Code   RO         2378    i.SystemInit        system_stm32f4xx.o
    0x08006ed0   0x08006ed0   0x00000014   Code   RO          722    i.Uninitialize      phy_lan8742a.o
    0x08006ee4   0x08006ee4   0x00000030   Code   RO          798    i.Uninitialize      emac_stm32f4xx.o
    0x08006f14   0x08006f14   0x00000004   Code   RO          165    i.UsageFault_Handler  stm32f4xx_it.o
    0x08006f18   0x08006f18   0x00000010   Code   RO         1158    i.__NVIC_GetPriorityGrouping  stm32f4xx_hal_cortex.o
    0x08006f28   0x08006f28   0x00000028   Code   RO         1159    i.__NVIC_SetPriority  stm32f4xx_hal_cortex.o
    0x08006f50   0x08006f50   0x00000058   Code   RO          591    i.__user_perthread_libspace  rtx_lib.o
    0x08006fa8   0x08006fa8   0x0000000e   Code   RO         3947    i._is_digit         c_w.l(__printf_wp.o)
    0x08006fb6   0x08006fb6   0x00000016   Code   RO          592    i._mutex_acquire    rtx_lib.o
    0x08006fcc   0x08006fcc   0x0000000c   Code   RO          593    i._mutex_free       rtx_lib.o
    0x08006fd8   0x08006fd8   0x00000022   Code   RO          594    i._mutex_initialize  rtx_lib.o
    0x08006ffa   0x08006ffa   0x00000012   Code   RO          595    i._mutex_release    rtx_lib.o
    0x0800700c   0x0800700c   0x00000008   Code   RO          596    i._platform_post_stackheap_init  rtx_lib.o
    0x08007014   0x08007014   0x00000034   Code   RO         3366    i.add_server_id     Net4_CM3_L.lib(net_http_server.o)
    0x08007048   0x08007048   0x00000050   Code   RO          267    i.app_main          http_server.o
    0x08007098   0x08007098   0x0000007a   Code   RO         3068    i.arp_cache_alloc   Net4_CM3_L.lib(net_arp.o)
    0x08007112   0x08007112   0x00000002   PAD
    0x08007114   0x08007114   0x000000f4   Code   RO         3069    i.arp_cache_run     Net4_CM3_L.lib(net_arp.o)
    0x08007208   0x08007208   0x00000038   Code   RO         3070    i.arp_is_cacheable  Net4_CM3_L.lib(net_arp.o)
    0x08007240   0x08007240   0x00000048   Code   RO         3071    i.arp_probe_run     Net4_CM3_L.lib(net_arp.o)
    0x08007288   0x08007288   0x000000b0   Code   RO         3073    i.arp_proc_response  Net4_CM3_L.lib(net_arp.o)
    0x08007338   0x08007338   0x0000001a   Code   RO         3074    i.arp_que_free      Net4_CM3_L.lib(net_arp.o)
    0x08007352   0x08007352   0x00000080   Code   RO         3075    i.arp_send_reply    Net4_CM3_L.lib(net_arp.o)
    0x080073d2   0x080073d2   0x00000002   PAD
    0x080073d4   0x080073d4   0x000000a8   Code   RO         3076    i.arp_send_request  Net4_CM3_L.lib(net_arp.o)
    0x0800747c   0x0800747c   0x00000068   Code   RO         3077    i.arp_sender_valid  Net4_CM3_L.lib(net_arp.o)
    0x080074e4   0x080074e4   0x00000170   Code   RO         3367    i.chk_post_req      Net4_CM3_L.lib(net_http_server.o)
    0x08007654   0x08007654   0x00000024   Code   RO          385    i.crc32_8bit        web.o
    0x08007678   0x08007678   0x00000028   Code   RO         3848    i.crc32_8bit        Net4_CM3_L.lib(net_common.o)
    0x080076a0   0x080076a0   0x00000028   Code   RO          799    i.crc32_8bit_rev    emac_stm32f4xx.o
    0x080076c8   0x080076c8   0x00000028   Code   RO          800    i.crc32_data        emac_stm32f4xx.o
    0x080076f0   0x080076f0   0x0000000c   Code   RO         2411    i.eth0_callback     net_config.o
    0x080076fc   0x080076fc   0x0000009a   Code   RO         3012    i.eth_check_link    Net4_CM3_L.lib(net_eth.o)
    0x08007796   0x08007796   0x00000002   PAD
    0x08007798   0x08007798   0x00000020   Code   RO         3013    i.eth_if_map        Net4_CM3_L.lib(net_eth.o)
    0x080077b8   0x080077b8   0x000001e8   Code   RO         3014    i.eth_iface_init    Net4_CM3_L.lib(net_eth.o)
    0x080079a0   0x080079a0   0x000001d8   Code   RO         3015    i.eth_iface_run     Net4_CM3_L.lib(net_eth.o)
    0x08007b78   0x08007b78   0x0000005e   Code   RO         3016    i.eth_iface_uninit  Net4_CM3_L.lib(net_eth.o)
    0x08007bd6   0x08007bd6   0x00000008   Code   RO         3017    i.eth_lock          Net4_CM3_L.lib(net_eth.o)
    0x08007bde   0x08007bde   0x0000001c   Code   RO         3018    i.eth_mtu_limit     Net4_CM3_L.lib(net_eth.o)
    0x08007bfa   0x08007bfa   0x0000002c   Code   RO         3019    i.eth_opt_len       Net4_CM3_L.lib(net_eth.o)
    0x08007c26   0x08007c26   0x00000088   Code   RO         3020    i.eth_receive       Net4_CM3_L.lib(net_eth.o)
    0x08007cae   0x08007cae   0x00000008   Code   RO         3021    i.eth_unlock        Net4_CM3_L.lib(net_eth.o)
    0x08007cb6   0x08007cb6   0x0000001a   Code   RO         4070    i.fputc             c_w.l(fputc.o)
    0x08007cd0   0x08007cd0   0x0000007c   Code   RO         3150    i.frag_map_session  Net4_CM3_L.lib(net_ip4_frag.o)
    0x08007d4c   0x08007d4c   0x0000001c   Code   RO          409    i.getAnio           rtc.o
    0x08007d68   0x08007d68   0x0000001c   Code   RO          410    i.getDia            rtc.o
    0x08007d84   0x08007d84   0x0000001c   Code   RO          411    i.getHora           rtc.o
    0x08007da0   0x08007da0   0x0000001c   Code   RO          412    i.getMes            rtc.o
    0x08007dbc   0x08007dbc   0x0000001c   Code   RO          413    i.getMin            rtc.o
    0x08007dd8   0x08007dd8   0x00000046   Code   RO          268    i.getNumber         http_server.o
    0x08007e1e   0x08007e1e   0x00000002   PAD
    0x08007e20   0x08007e20   0x00000020   Code   RO          414    i.getSeg            rtc.o
    0x08007e40   0x08007e40   0x00000042   Code   RO          415    i.getTotalSeconds   rtc.o
    0x08007e82   0x08007e82   0x00000028   Code   RO         3368    i.get_next_field    Net4_CM3_L.lib(net_http_server.o)
    0x08007eaa   0x08007eaa   0x00000032   Code   RO         3369    i.get_next_par      Net4_CM3_L.lib(net_http_server.o)
    0x08007edc   0x08007edc   0x00000022   Code   RO         3370    i.hex2byte          Net4_CM3_L.lib(net_http_server.o)
    0x08007efe   0x08007efe   0x00000002   PAD
    0x08007f00   0x08007f00   0x0000034c   Code   RO         3371    i.http_add_header   Net4_CM3_L.lib(net_http_server.o)
    0x0800824c   0x0800824c   0x000001a8   Code   RO         3372    i.http_error_msg    Net4_CM3_L.lib(net_http_server.o)
    0x080083f4   0x080083f4   0x00000078   Code   RO         3373    i.http_get_ftype    Net4_CM3_L.lib(net_http_server.o)
    0x0800846c   0x0800846c   0x0000005e   Code   RO         3374    i.http_kill_session  Net4_CM3_L.lib(net_http_server.o)
    0x080084ca   0x080084ca   0x00000002   PAD
    0x080084cc   0x080084cc   0x00000210   Code   RO         3375    i.http_listener     Net4_CM3_L.lib(net_http_server.o)
    0x080086dc   0x080086dc   0x00000118   Code   RO         3376    i.http_open_file    Net4_CM3_L.lib(net_http_server.o)
    0x080087f4   0x080087f4   0x00000108   Code   RO         3377    i.http_parse_header  Net4_CM3_L.lib(net_http_server.o)
    0x080088fc   0x080088fc   0x00000164   Code   RO         3378    i.http_proc_multipart  Net4_CM3_L.lib(net_http_server.o)
    0x08008a60   0x08008a60   0x000000f4   Code   RO         3379    i.http_proc_post    Net4_CM3_L.lib(net_http_server.o)
    0x08008b54   0x08008b54   0x000003c0   Code   RO         3380    i.http_server_run   Net4_CM3_L.lib(net_http_server.o)
    0x08008f14   0x08008f14   0x00000050   Code   RO         3381    i.http_server_start  Net4_CM3_L.lib(net_http_server.o)
    0x08008f64   0x08008f64   0x00000020   Code   RO         3382    i.http_strcpy       Net4_CM3_L.lib(net_http_server.o)
    0x08008f84   0x08008f84   0x000000a4   Code   RO         3383    i.http_to_utc       Net4_CM3_L.lib(net_http_server.o)
    0x08009028   0x08009028   0x00000064   Code   RO          386    i.imageFileInfo     web.o
    0x0800908c   0x0800908c   0x0000002c   Code   RO          521    i.init_Watchdog     watchdog.o
    0x080090b8   0x080090b8   0x00000048   Code   RO          801    i.init_dma          emac_stm32f4xx.o
    0x08009100   0x08009100   0x00000068   Code   RO          802    i.init_rx_desc      emac_stm32f4xx.o
    0x08009168   0x08009168   0x00000060   Code   RO          803    i.init_tx_desc      emac_stm32f4xx.o
    0x080091c8   0x080091c8   0x0000000c   Code   RO         3767    i.ip4_get_chksum    Net4_CM3_L.lib(net_ip4.o)
    0x080091d4   0x080091d4   0x00000028   Code   RO         3768    i.ip4_get_mtu       Net4_CM3_L.lib(net_ip4.o)
    0x080091fc   0x080091fc   0x00000034   Code   RO         3556    i.ip4_ntoa          Net4_CM3_L.lib(net_addr.o)
    0x08009230   0x08009230   0x00000044   Code   RO            7    i.main              main.o
    0x08009274   0x08009274   0x0000000c   Code   RO         3825    i.mem_lock          Net4_CM3_L.lib(net_mem.o)
    0x08009280   0x08009280   0x0000000c   Code   RO         3826    i.mem_unlock        Net4_CM3_L.lib(net_mem.o)
    0x0800928c   0x0800928c   0x00000030   Code   RO         2412    i.ms2tick           net_config.o
    0x080092bc   0x080092bc   0x00000128   Code   RO         3352    i.nbns_listener     Net4_CM3_L.lib(net_nbns_client.o)
    0x080093e4   0x080093e4   0x00000004   Code   RO         3384    i.netCGI_Charset    Net4_CM3_L.lib(net_http_server.o)
    0x080093e8   0x080093e8   0x00000004   Code   RO         3385    i.netCGI_ContentType  Net4_CM3_L.lib(net_http_server.o)
    0x080093ec   0x080093ec   0x00000004   Code   RO         3386    i.netCGI_CustomHeader  Net4_CM3_L.lib(net_http_server.o)
    0x080093f0   0x080093f0   0x0000006c   Code   RO         3387    i.netCGI_GetEnvVar  Net4_CM3_L.lib(net_http_server.o)
    0x0800945c   0x0800945c   0x000000ec   Code   RO          330    i.netCGI_ProcessData  http_server_cgi.o
    0x08009548   0x08009548   0x000000e0   Code   RO          331    i.netCGI_ProcessQuery  http_server_cgi.o
    0x08009628   0x08009628   0x00000004   Code   RO         3390    i.netCGI_Redirect   Net4_CM3_L.lib(net_http_server.o)
    0x0800962c   0x0800962c   0x00000364   Code   RO          332    i.netCGI_Script     http_server_cgi.o
    0x08009990   0x08009990   0x00000004   Code   RO         3392    i.netCGX_ContentType  Net4_CM3_L.lib(net_http_server.o)
    0x08009994   0x08009994   0x00000064   Code   RO         3507    i.netCore_Thread    Net4_CM3_L.lib(net_sys.o)
    0x080099f8   0x080099f8   0x00000002   Code   RO         3022    i.netETH_Notify     Net4_CM3_L.lib(net_eth.o)
    0x080099fa   0x080099fa   0x00000002   Code   RO         3023    i.netETH_ReceiveRaw  Net4_CM3_L.lib(net_eth.o)
    0x080099fc   0x080099fc   0x0000004a   Code   RO         3025    i.netETH_Thread     Net4_CM3_L.lib(net_eth.o)
    0x08009a46   0x08009a46   0x00000004   Code   RO         3393    i.netHTTPs_AcceptClient  Net4_CM3_L.lib(net_http_server.o)
    0x08009a4a   0x08009a4a   0x00000004   Code   RO         3395    i.netHTTPs_FileAccess  Net4_CM3_L.lib(net_http_server.o)
    0x08009a4e   0x08009a4e   0x00000002   PAD
    0x08009a50   0x08009a50   0x00000020   Code   RO         3398    i.netHTTPs_GetLanguage  Net4_CM3_L.lib(net_http_server.o)
    0x08009a70   0x08009a70   0x0000000c   Code   RO         3399    i.netHTTPs_GetPassword  Net4_CM3_L.lib(net_http_server.o)
    0x08009a7c   0x08009a7c   0x0000000c   Code   RO         3405    i.netHTTPs_LoginActive  Net4_CM3_L.lib(net_http_server.o)
    0x08009a88   0x08009a88   0x00000044   Code   RO         3408    i.netHTTPs_SetPassword  Net4_CM3_L.lib(net_http_server.o)
    0x08009acc   0x08009acc   0x00000002   Code   RO         2416    i.netHTTPs_fclose   net_config.o
    0x08009ace   0x08009ace   0x00000004   Code   RO         2417    i.netHTTPs_fgets    net_config.o
    0x08009ad2   0x08009ad2   0x00000004   Code   RO         2418    i.netHTTPs_fopen    net_config.o
    0x08009ad6   0x08009ad6   0x00000004   Code   RO         2419    i.netHTTPs_fread    net_config.o
    0x08009ada   0x08009ada   0x00000002   Code   RO         2420    i.netHTTPs_fstat    net_config.o
    0x08009adc   0x08009adc   0x0000007c   Code   RO         3508    i.netIF_GetOption   Net4_CM3_L.lib(net_sys.o)
    0x08009b58   0x08009b58   0x00000078   Code   RO         3510    i.netIF_SetOption   Net4_CM3_L.lib(net_sys.o)
    0x08009bd0   0x08009bd0   0x00000010   Code   RO         3558    i.netIP_aton        Net4_CM3_L.lib(net_addr.o)
    0x08009be0   0x08009be0   0x0000001e   Code   RO         3559    i.netIP_ntoa        Net4_CM3_L.lib(net_addr.o)
    0x08009bfe   0x08009bfe   0x00000002   PAD
    0x08009c00   0x08009c00   0x00000074   Code   RO         3511    i.netInitialize     Net4_CM3_L.lib(net_sys.o)
    0x08009c74   0x08009c74   0x0000007c   Code   RO         3560    i.netMAC_aton       Net4_CM3_L.lib(net_addr.o)
    0x08009cf0   0x08009cf0   0x00000004   Code   RO         3233    i.netTCP_GetLocalPort  Net4_CM3_L.lib(net_tcp.o)
    0x08009cf4   0x08009cf4   0x00000020   Code   RO         3235    i.netTCP_GetPeer    Net4_CM3_L.lib(net_tcp.o)
    0x08009d14   0x08009d14   0x00000004   Code   RO         3237    i.netTCP_GetState   Net4_CM3_L.lib(net_tcp.o)
    0x08009d18   0x08009d18   0x00000004   Code   RO         3238    i.netTCP_GetTimer   Net4_CM3_L.lib(net_tcp.o)
    0x08009d1c   0x08009d1c   0x00000068   Code   RO         3562    i.net_addr4_aton    Net4_CM3_L.lib(net_addr.o)
    0x08009d84   0x08009d84   0x0000001e   Code   RO         3564    i.net_addr4_to_mac  Net4_CM3_L.lib(net_addr.o)
    0x08009da2   0x08009da2   0x00000014   Code   RO         3566    i.net_addr_copy     Net4_CM3_L.lib(net_addr.o)
    0x08009db6   0x08009db6   0x0000000e   Code   RO         3567    i.net_addr_find_route  Net4_CM3_L.lib(net_addr.o)
    0x08009dc4   0x08009dc4   0x00000014   Code   RO         3569    i.net_addr_get_local  Net4_CM3_L.lib(net_addr.o)
    0x08009dd8   0x08009dd8   0x00000014   Code   RO         3570    i.net_addr_is_unspec  Net4_CM3_L.lib(net_addr.o)
    0x08009dec   0x08009dec   0x000000a0   Code   RO         3084    i.net_arp_cache_add  Net4_CM3_L.lib(net_arp.o)
    0x08009e8c   0x08009e8c   0x00000086   Code   RO         3085    i.net_arp_cache_early  Net4_CM3_L.lib(net_arp.o)
    0x08009f12   0x08009f12   0x00000002   PAD
    0x08009f14   0x08009f14   0x00000080   Code   RO         3086    i.net_arp_cache_find  Net4_CM3_L.lib(net_arp.o)
    0x08009f94   0x08009f94   0x00000038   Code   RO         3087    i.net_arp_cache_init  Net4_CM3_L.lib(net_arp.o)
    0x08009fcc   0x08009fcc   0x0000001c   Code   RO         3088    i.net_arp_cache_run  Net4_CM3_L.lib(net_arp.o)
    0x08009fe8   0x08009fe8   0x0000002c   Code   RO         3089    i.net_arp_cache_uninit  Net4_CM3_L.lib(net_arp.o)
    0x0800a014   0x0800a014   0x00000066   Code   RO         3090    i.net_arp_enqueue   Net4_CM3_L.lib(net_arp.o)
    0x0800a07a   0x0800a07a   0x00000020   Code   RO         3092    i.net_arp_notify    Net4_CM3_L.lib(net_arp.o)
    0x0800a09a   0x0800a09a   0x00000162   Code   RO         3094    i.net_arp_process   Net4_CM3_L.lib(net_arp.o)
    0x0800a1fc   0x0800a1fc   0x00000030   Code   RO         3850    i.net_chksum_buf    Net4_CM3_L.lib(net_common.o)
    0x0800a22c   0x0800a22c   0x0000001e   Code   RO         3851    i.net_crc_buf       Net4_CM3_L.lib(net_common.o)
    0x0800a24a   0x0800a24a   0x0000000e   Code   RO         3026    i.net_eth_callback  Net4_CM3_L.lib(net_eth.o)
    0x0800a258   0x0800a258   0x00000052   Code   RO         3027    i.net_eth_config_mcast  Net4_CM3_L.lib(net_eth.o)
    0x0800a2aa   0x0800a2aa   0x00000082   Code   RO         3029    i.net_eth_get_option  Net4_CM3_L.lib(net_eth.o)
    0x0800a32c   0x0800a32c   0x0000001c   Code   RO         3030    i.net_eth_iface_init  Net4_CM3_L.lib(net_eth.o)
    0x0800a348   0x0800a348   0x0000001c   Code   RO         3031    i.net_eth_iface_run  Net4_CM3_L.lib(net_eth.o)
    0x0800a364   0x0800a364   0x0000001c   Code   RO         3032    i.net_eth_iface_uninit  Net4_CM3_L.lib(net_eth.o)
    0x0800a380   0x0800a380   0x00000098   Code   RO         3033    i.net_eth_output    Net4_CM3_L.lib(net_eth.o)
    0x0800a418   0x0800a418   0x000000c4   Code   RO         3034    i.net_eth_send_frame  Net4_CM3_L.lib(net_eth.o)
    0x0800a4dc   0x0800a4dc   0x0000010e   Code   RO         3035    i.net_eth_set_option  Net4_CM3_L.lib(net_eth.o)
    0x0800a5ea   0x0800a5ea   0x00000002   PAD
    0x0800a5ec   0x0800a5ec   0x000000a8   Code   RO         3414    i.net_http_server_init  Net4_CM3_L.lib(net_http_server.o)
    0x0800a694   0x0800a694   0x00000028   Code   RO         3415    i.net_http_server_run  Net4_CM3_L.lib(net_http_server.o)
    0x0800a6bc   0x0800a6bc   0x00000060   Code   RO         3416    i.net_http_server_uninit  Net4_CM3_L.lib(net_http_server.o)
    0x0800a71c   0x0800a71c   0x00000104   Code   RO         3807    i.net_icmp_process  Net4_CM3_L.lib(net_icmp.o)
    0x0800a820   0x0800a820   0x00000080   Code   RO         3808    i.net_icmp_send_echo  Net4_CM3_L.lib(net_icmp.o)
    0x0800a8a0   0x0800a8a0   0x0000000c   Code   RO         3515    i.net_if_map_all    Net4_CM3_L.lib(net_sys.o)
    0x0800a8ac   0x0800a8ac   0x00000004   Code   RO         2424    i.net_igmp_collect_mcast  net_config.o
    0x0800a8b0   0x0800a8b0   0x00000004   Code   RO         2425    i.net_igmp_is_member  net_config.o
    0x0800a8b4   0x0800a8b4   0x00000002   Code   RO         2426    i.net_igmp_process  net_config.o
    0x0800a8b6   0x0800a8b6   0x00000002   PAD
    0x0800a8b8   0x0800a8b8   0x00000108   Code   RO         3769    i.net_ip4_chk_frame  Net4_CM3_L.lib(net_ip4.o)
    0x0800a9c0   0x0800a9c0   0x0000002c   Code   RO         3770    i.net_ip4_chksum    Net4_CM3_L.lib(net_ip4.o)
    0x0800a9ec   0x0800a9ec   0x00000006   Code   RO         3771    i.net_ip4_chksum_buf  Net4_CM3_L.lib(net_ip4.o)
    0x0800a9f2   0x0800a9f2   0x00000002   PAD
    0x0800a9f4   0x0800a9f4   0x00000080   Code   RO         3773    i.net_ip4_find_route  Net4_CM3_L.lib(net_ip4.o)
    0x0800aa74   0x0800aa74   0x00000124   Code   RO         3151    i.net_ip4_frag_add  Net4_CM3_L.lib(net_ip4_frag.o)
    0x0800ab98   0x0800ab98   0x000000ac   Code   RO         3152    i.net_ip4_frag_get  Net4_CM3_L.lib(net_ip4_frag.o)
    0x0800ac44   0x0800ac44   0x00000010   Code   RO         3153    i.net_ip4_frag_init  Net4_CM3_L.lib(net_ip4_frag.o)
    0x0800ac54   0x0800ac54   0x0000003c   Code   RO         3154    i.net_ip4_frag_run  Net4_CM3_L.lib(net_ip4_frag.o)
    0x0800ac90   0x0800ac90   0x00000010   Code   RO         3155    i.net_ip4_frag_uninit  Net4_CM3_L.lib(net_ip4_frag.o)
    0x0800aca0   0x0800aca0   0x0000002c   Code   RO         3774    i.net_ip4_get_local  Net4_CM3_L.lib(net_ip4.o)
    0x0800accc   0x0800accc   0x00000018   Code   RO         3775    i.net_ip4_init      Net4_CM3_L.lib(net_ip4.o)
    0x0800ace4   0x0800ace4   0x00000020   Code   RO         3776    i.net_ip4_is_onlink  Net4_CM3_L.lib(net_ip4.o)
    0x0800ad04   0x0800ad04   0x00000026   Code   RO         3777    i.net_ip4_is_subcast  Net4_CM3_L.lib(net_ip4.o)
    0x0800ad2a   0x0800ad2a   0x0000000e   Code   RO         3778    i.net_ip4_reass_frame  Net4_CM3_L.lib(net_ip4.o)
    0x0800ad38   0x0800ad38   0x00000124   Code   RO         3779    i.net_ip4_send_frame  Net4_CM3_L.lib(net_ip4.o)
    0x0800ae5c   0x0800ae5c   0x0000002a   Code   RO         3781    i.net_ip4_tx_offl_hl  Net4_CM3_L.lib(net_ip4.o)
    0x0800ae86   0x0800ae86   0x00000002   PAD
    0x0800ae88   0x0800ae88   0x00000010   Code   RO         3782    i.net_ip4_uninit    Net4_CM3_L.lib(net_ip4.o)
    0x0800ae98   0x0800ae98   0x00000010   Code   RO         3133    i.net_loop_iface_init  Net4_CM3_L.lib(net_loopback.o)
    0x0800aea8   0x0800aea8   0x00000078   Code   RO         3134    i.net_loop_iface_run  Net4_CM3_L.lib(net_loopback.o)
    0x0800af20   0x0800af20   0x00000010   Code   RO         3135    i.net_loop_iface_uninit  Net4_CM3_L.lib(net_loopback.o)
    0x0800af30   0x0800af30   0x00000058   Code   RO         3136    i.net_loop_send_frame  Net4_CM3_L.lib(net_loopback.o)
    0x0800af88   0x0800af88   0x0000008c   Code   RO         3827    i.net_mem_alloc     Net4_CM3_L.lib(net_mem.o)
    0x0800b014   0x0800b014   0x0000001c   Code   RO         3828    i.net_mem_avail     Net4_CM3_L.lib(net_mem.o)
    0x0800b030   0x0800b030   0x0000006c   Code   RO         3829    i.net_mem_free      Net4_CM3_L.lib(net_mem.o)
    0x0800b09c   0x0800b09c   0x0000005c   Code   RO         3830    i.net_mem_init      Net4_CM3_L.lib(net_mem.o)
    0x0800b0f8   0x0800b0f8   0x00000038   Code   RO         3831    i.net_mem_shrink    Net4_CM3_L.lib(net_mem.o)
    0x0800b130   0x0800b130   0x00000030   Code   RO         3353    i.net_nbns_client_init  Net4_CM3_L.lib(net_nbns_client.o)
    0x0800b160   0x0800b160   0x0000000c   Code   RO         3354    i.net_nbns_client_uninit  Net4_CM3_L.lib(net_nbns_client.o)
    0x0800b16c   0x0800b16c   0x00000038   Code   RO         3517    i.net_path          Net4_CM3_L.lib(net_sys.o)
    0x0800b1a4   0x0800b1a4   0x00000010   Code   RO         3488    i.net_ping_client_init  Net4_CM3_L.lib(net_ping_core.o)
    0x0800b1b4   0x0800b1b4   0x00000040   Code   RO         3489    i.net_ping_client_run  Net4_CM3_L.lib(net_ping_core.o)
    0x0800b1f4   0x0800b1f4   0x0000000c   Code   RO         3491    i.net_ping_client_uninit  Net4_CM3_L.lib(net_ping_core.o)
    0x0800b200   0x0800b200   0x0000001c   Code   RO         3518    i.net_rand32        Net4_CM3_L.lib(net_sys.o)
    0x0800b21c   0x0800b21c   0x0000002e   Code   RO         3852    i.net_strcasecmp    Net4_CM3_L.lib(net_common.o)
    0x0800b24a   0x0800b24a   0x0000001a   Code   RO         3854    i.net_strcmp        Net4_CM3_L.lib(net_common.o)
    0x0800b264   0x0800b264   0x00000012   Code   RO         3855    i.net_strcpy        Net4_CM3_L.lib(net_common.o)
    0x0800b276   0x0800b276   0x0000001c   Code   RO         3857    i.net_strnchr       Net4_CM3_L.lib(net_common.o)
    0x0800b292   0x0800b292   0x0000001a   Code   RO         3858    i.net_strncpy       Net4_CM3_L.lib(net_common.o)
    0x0800b2ac   0x0800b2ac   0x00000020   Code   RO         3859    i.net_strtoupper    Net4_CM3_L.lib(net_common.o)
    0x0800b2cc   0x0800b2cc   0x00000002   Code   RO         2427    i.net_sys_error     net_config.o
    0x0800b2ce   0x0800b2ce   0x00000002   PAD
    0x0800b2d0   0x0800b2d0   0x0000000c   Code   RO         3519    i.net_sys_lock      Net4_CM3_L.lib(net_sys.o)
    0x0800b2dc   0x0800b2dc   0x00000016   Code   RO         3520    i.net_sys_resume    Net4_CM3_L.lib(net_sys.o)
    0x0800b2f2   0x0800b2f2   0x00000002   PAD
    0x0800b2f4   0x0800b2f4   0x00000014   Code   RO         3522    i.net_sys_tick      Net4_CM3_L.lib(net_sys.o)
    0x0800b308   0x0800b308   0x0000000c   Code   RO         3523    i.net_sys_unlock    Net4_CM3_L.lib(net_sys.o)
    0x0800b314   0x0800b314   0x00000020   Code   RO         3525    i.net_sys_wakeup    Net4_CM3_L.lib(net_sys.o)
    0x0800b334   0x0800b334   0x00000058   Code   RO         3245    i.net_tcp_abort     Net4_CM3_L.lib(net_tcp.o)
    0x0800b38c   0x0800b38c   0x000000a0   Code   RO         3248    i.net_tcp_close     Net4_CM3_L.lib(net_tcp.o)
    0x0800b42c   0x0800b42c   0x0000001e   Code   RO         3251    i.net_tcp_get_buf   Net4_CM3_L.lib(net_tcp.o)
    0x0800b44a   0x0800b44a   0x00000002   PAD
    0x0800b44c   0x0800b44c   0x00000030   Code   RO         3253    i.net_tcp_get_local_port  Net4_CM3_L.lib(net_tcp.o)
    0x0800b47c   0x0800b47c   0x00000024   Code   RO         3254    i.net_tcp_get_mss   Net4_CM3_L.lib(net_tcp.o)
    0x0800b4a0   0x0800b4a0   0x00000048   Code   RO         3256    i.net_tcp_get_peer  Net4_CM3_L.lib(net_tcp.o)
    0x0800b4e8   0x0800b4e8   0x00000044   Code   RO         3258    i.net_tcp_get_socket  Net4_CM3_L.lib(net_tcp.o)
    0x0800b52c   0x0800b52c   0x00000028   Code   RO         3259    i.net_tcp_get_state  Net4_CM3_L.lib(net_tcp.o)
    0x0800b554   0x0800b554   0x00000030   Code   RO         3260    i.net_tcp_get_timer  Net4_CM3_L.lib(net_tcp.o)
    0x0800b584   0x0800b584   0x00000070   Code   RO         3261    i.net_tcp_listen    Net4_CM3_L.lib(net_tcp.o)
    0x0800b5f4   0x0800b5f4   0x000004ce   Code   RO         3263    i.net_tcp_process   Net4_CM3_L.lib(net_tcp.o)
    0x0800bac2   0x0800bac2   0x00000002   PAD
    0x0800bac4   0x0800bac4   0x000000e0   Code   RO         3267    i.net_tcp_send      Net4_CM3_L.lib(net_tcp.o)
    0x0800bba4   0x0800bba4   0x00000094   Code   RO         3269    i.net_tcp_set_option  Net4_CM3_L.lib(net_tcp.o)
    0x0800bc38   0x0800bc38   0x00000014   Code   RO         3270    i.net_tcp_socket_init  Net4_CM3_L.lib(net_tcp.o)
    0x0800bc4c   0x0800bc4c   0x000002c4   Code   RO         3271    i.net_tcp_socket_run  Net4_CM3_L.lib(net_tcp.o)
    0x0800bf10   0x0800bf10   0x00000014   Code   RO         3272    i.net_tcp_socket_uninit  Net4_CM3_L.lib(net_tcp.o)
    0x0800bf24   0x0800bf24   0x0000001e   Code   RO         3182    i.net_udp_get_buf   Net4_CM3_L.lib(net_udp.o)
    0x0800bf42   0x0800bf42   0x00000002   PAD
    0x0800bf44   0x0800bf44   0x00000048   Code   RO         3185    i.net_udp_get_socket  Net4_CM3_L.lib(net_udp.o)
    0x0800bf8c   0x0800bf8c   0x0000006c   Code   RO         3187    i.net_udp_open      Net4_CM3_L.lib(net_udp.o)
    0x0800bff8   0x0800bff8   0x000000d4   Code   RO         3188    i.net_udp_process   Net4_CM3_L.lib(net_udp.o)
    0x0800c0cc   0x0800c0cc   0x00000168   Code   RO         3191    i.net_udp_send_if   Net4_CM3_L.lib(net_udp.o)
    0x0800c234   0x0800c234   0x00000010   Code   RO         3193    i.net_udp_socket_init  Net4_CM3_L.lib(net_udp.o)
    0x0800c244   0x0800c244   0x00000010   Code   RO         3194    i.net_udp_socket_uninit  Net4_CM3_L.lib(net_udp.o)
    0x0800c254   0x0800c254   0x00000034   Code   RO         2428    i.netif_create      net_config.o
    0x0800c288   0x0800c288   0x00000014   Code   RO         2429    i.netif_delete      net_config.o
    0x0800c29c   0x0800c29c   0x00000008   Code   RO         2430    i.netif_lock        net_config.o
    0x0800c2a4   0x0800c2a4   0x00000004   Code   RO         2431    i.netif_unlock      net_config.o
    0x0800c2a8   0x0800c2a8   0x0000000e   Code   RO         2432    i.netos_delay       net_config.o
    0x0800c2b6   0x0800c2b6   0x00000006   Code   RO         2433    i.netos_flag_clear  net_config.o
    0x0800c2bc   0x0800c2bc   0x00000004   Code   RO         2434    i.netos_flag_set    net_config.o
    0x0800c2c0   0x0800c2c0   0x00000018   Code   RO         2435    i.netos_flag_wait   net_config.o
    0x0800c2d8   0x0800c2d8   0x0000001c   Code   RO         2436    i.netos_init        net_config.o
    0x0800c2f4   0x0800c2f4   0x00000008   Code   RO         2437    i.netos_lock        net_config.o
    0x0800c2fc   0x0800c2fc   0x00000014   Code   RO         2438    i.netos_mutex_create  net_config.o
    0x0800c310   0x0800c310   0x00000014   Code   RO         2440    i.netos_thread_create  net_config.o
    0x0800c324   0x0800c324   0x00000004   Code   RO         2443    i.netos_thread_pass  net_config.o
    0x0800c328   0x0800c328   0x00000014   Code   RO         2444    i.netos_timer_create  net_config.o
    0x0800c33c   0x0800c33c   0x00000016   Code   RO         2446    i.netos_timer_start  net_config.o
    0x0800c352   0x0800c352   0x00000004   Code   RO         2447    i.netos_unlock      net_config.o
    0x0800c356   0x0800c356   0x00000020   Code   RO          684    i.osRtxErrorNotify  rtx_config.o
    0x0800c376   0x0800c376   0x00000004   Code   RO          685    i.osRtxIdleThread   rtx_config.o
    0x0800c37a   0x0800c37a   0x00000008   Code   RO          597    i.osRtxKernelPreInit  rtx_lib.o
    0x0800c382   0x0800c382   0x00000002   PAD
    0x0800c384   0x0800c384   0x00000020   Code   RO          598    i.os_kernel_is_active  rtx_lib.o
    0x0800c3a4   0x0800c3a4   0x00000014   Code   RO         3492    i.ping_send_req     Net4_CM3_L.lib(net_ping_core.o)
    0x0800c3b8   0x0800c3b8   0x00000058   Code   RO         3418    i.proc_req_line     Net4_CM3_L.lib(net_http_server.o)
    0x0800c410   0x0800c410   0x0000001a   Code   RO         3156    i.que_free_list     Net4_CM3_L.lib(net_ip4_frag.o)
    0x0800c42a   0x0800c42a   0x000000a0   Code   RO         3419    i.read_script_line  Net4_CM3_L.lib(net_http_server.o)
    0x0800c4ca   0x0800c4ca   0x00000002   PAD
    0x0800c4cc   0x0800c4cc   0x00000010   Code   RO          522    i.reset_Watchdog    watchdog.o
    0x0800c4dc   0x0800c4dc   0x00000048   Code   RO         3420    i.search_delim      Net4_CM3_L.lib(net_http_server.o)
    0x0800c524   0x0800c524   0x0000004c   Code   RO          417    i.setFecha          rtc.o
    0x0800c570   0x0800c570   0x00000050   Code   RO          418    i.setHora           rtc.o
    0x0800c5c0   0x0800c5c0   0x00000018   Code   RO         3526    i.sys_map_if        Net4_CM3_L.lib(net_sys.o)
    0x0800c5d8   0x0800c5d8   0x0000004c   Code   RO         3527    i.sys_proc_tick     Net4_CM3_L.lib(net_sys.o)
    0x0800c624   0x0800c624   0x000000a8   Code   RO         3273    i.tcp_map_socket    Net4_CM3_L.lib(net_tcp.o)
    0x0800c6cc   0x0800c6cc   0x0000005e   Code   RO         3274    i.tcp_parse_opt     Net4_CM3_L.lib(net_tcp.o)
    0x0800c72a   0x0800c72a   0x00000002   PAD
    0x0800c72c   0x0800c72c   0x000000c4   Code   RO         3275    i.tcp_proc_acknr    Net4_CM3_L.lib(net_tcp.o)
    0x0800c7f0   0x0800c7f0   0x00000052   Code   RO         3276    i.tcp_proc_dupack   Net4_CM3_L.lib(net_tcp.o)
    0x0800c842   0x0800c842   0x0000001a   Code   RO         3277    i.tcp_que_free      Net4_CM3_L.lib(net_tcp.o)
    0x0800c85c   0x0800c85c   0x0000001a   Code   RO         3278    i.tcp_que_init      Net4_CM3_L.lib(net_tcp.o)
    0x0800c876   0x0800c876   0x00000002   PAD
    0x0800c878   0x0800c878   0x00000094   Code   RO         3279    i.tcp_que_resend    Net4_CM3_L.lib(net_tcp.o)
    0x0800c90c   0x0800c90c   0x0000007a   Code   RO         3280    i.tcp_send_ctrl     Net4_CM3_L.lib(net_tcp.o)
    0x0800c986   0x0800c986   0x0000005e   Code   RO         3281    i.tcp_send_data     Net4_CM3_L.lib(net_tcp.o)
    0x0800c9e4   0x0800c9e4   0x00000070   Code   RO         3282    i.tcp_send_reset    Net4_CM3_L.lib(net_tcp.o)
    0x0800ca54   0x0800ca54   0x00000026   Code   RO         3283    i.tcp_set_cwnd      Net4_CM3_L.lib(net_tcp.o)
    0x0800ca7a   0x0800ca7a   0x00000002   PAD
    0x0800ca7c   0x0800ca7c   0x00000068   Code   RO         3284    i.tcp_transit       Net4_CM3_L.lib(net_tcp.o)
    0x0800cae4   0x0800cae4   0x000000c8   Code   RO         3285    i.tcp_write         Net4_CM3_L.lib(net_tcp.o)
    0x0800cbac   0x0800cbac   0x0000002c   Code   RO         3195    i.udp_port_in_use   Net4_CM3_L.lib(net_udp.o)
    0x0800cbd8   0x0800cbd8   0x0000015c   Code   RO          504    i.unix_time_in_seconds  mktime.o
    0x0800cd34   0x0800cd34   0x000000f0   Code   RO         3421    i.utc_to_http       Net4_CM3_L.lib(net_http_server.o)
    0x0800ce24   0x0800ce24   0x0000002c   Code   RO         4165    locale$$code        c_w.l(lc_ctype_c.o)
    0x0800ce50   0x0800ce50   0x0000000a   Code   RO         4300    x$fpl$fpinit        fz_wm.l(fpinit.o)
    0x0800ce5a   0x0800ce5a   0x00000002   PAD
    0x0800ce5c   0x0800ce5c   0x00000024   Data   RO          270    .constdata          http_server.o
    0x0800ce80   0x0800ce80   0x00007040   Data   RO          387    .constdata          web.o
    0x08013ec0   0x08013ec0   0x00000064   Data   RO          606    .constdata          rtx_lib.o
    0x08013f24   0x08013f24   0x00000024   Data   RO          724    .constdata          phy_lan8742a.o
    0x08013f48   0x08013f48   0x00000094   Data   RO          805    .constdata          emac_stm32f4xx.o
    0x08013fdc   0x08013fdc   0x00000018   Data   RO         2379    .constdata          system_stm32f4xx.o
    0x08013ff4   0x08013ff4   0x00000240   Data   RO         2454    .constdata          net_config.o
    0x08014234   0x08014234   0x00000001   Data   RO         3007    .constdata          RTX_CM4F.lib(irq_cm4f.o)
    0x08014235   0x08014235   0x00000003   PAD
    0x08014238   0x08014238   0x0000002c   Data   RO         3137    .constdata          Net4_CM3_L.lib(net_loopback.o)
    0x08014264   0x08014264   0x0000000c   Data   RO         3138    .constdata          Net4_CM3_L.lib(net_loopback.o)
    0x08014270   0x08014270   0x00000008   Data   RO         3355    .constdata          Net4_CM3_L.lib(net_nbns_client.o)
    0x08014278   0x08014278   0x000000fa   Data   RO         3423    .constdata          Net4_CM3_L.lib(net_http_server.o)
    0x08014372   0x08014372   0x00000012   Data   RO         3494    .constdata          Net4_CM3_L.lib(net_ping_core.o)
    0x08014384   0x08014384   0x00000006   Data   RO         3574    .constdata          Net4_CM3_L.lib(net_addr.o)
    0x0801438a   0x0801438a   0x00000006   Data   RO         3575    .constdata          Net4_CM3_L.lib(net_addr.o)
    0x08014390   0x08014390   0x00000004   Data   RO         3783    .constdata          Net4_CM3_L.lib(net_ip4.o)
    0x08014394   0x08014394   0x00000018   Data   RO         3817    .constdata          Net4_CM3_L.lib(net_http_server_err.o)
    0x080143ac   0x080143ac   0x00000004   Data   RO         3879    .constdata          Net4_CM3_L.lib(net_version.o)
    0x080143b0   0x080143b0   0x00000028   Data   RO         3935    .constdata          c_w.l(_printf_hex_int_ll_ptr.o)
    0x080143d8   0x080143d8   0x00000011   Data   RO         3955    .constdata          c_w.l(__printf_flags_ss_wp.o)
    0x080143e9   0x080143e9   0x00000004   Data   RO         4082    .constdata          c_w.l(sys_io.o)
    0x080143ed   0x080143ed   0x00000004   Data   RO         4083    .constdata          c_w.l(sys_io.o)
    0x080143f1   0x080143f1   0x00000004   Data   RO         4084    .constdata          c_w.l(sys_io.o)
    0x080143f5   0x080143f5   0x00000003   PAD
    0x080143f8   0x080143f8   0x000000da   Data   RO          334    .conststring        http_server_cgi.o
    0x080144d2   0x080144d2   0x00000002   PAD
    0x080144d4   0x080144d4   0x000000d1   Data   RO         2455    .conststring        net_config.o
    0x080145a5   0x080145a5   0x00000003   PAD
    0x080145a8   0x080145a8   0x00000203   Data   RO         3818    .conststring        Net4_CM3_L.lib(net_http_server_err.o)
    0x080147ab   0x080147ab   0x00000001   PAD
    0x080147ac   0x080147ac   0x000000a0   Data   RO          610    .rodata             rtx_lib.o
    0x0801484c   0x0801484c   0x0000000b   Data   RO         2730    .rodata.str1.4      RTX_CM4F.lib(rtx_kernel.o)
    0x08014857   0x08014857   0x00000001   PAD
    0x08014858   0x08014858   0x00000020   Data   RO         4379    Region$$Table       anon$$obj.o
    0x08014878   0x08014878   0x00000110   Data   RO         4164    locale$$data        c_w.l(lc_ctype_c.o)


    Execution Region RW_IRAM1 (Exec base: 0x20000000, Load base: 0x08014988, Size: 0x00018270, Max: 0x00030000, ABSOLUTE, COMPRESSED[0x00000290])

    Exec Addr    Load Addr    Size         Type   Attr      Idx    E Section Name        Object

    0x20000000   COMPRESSED   0x00008040   Data   RW          599    .bss.os             rtx_lib.o
    0x20008040   COMPRESSED   0x000004ac   Data   RW          600    .bss.os.libspace    rtx_lib.o
    0x200084ec   COMPRESSED   0x00000034   Data   RW          601    .bss.os.msgqueue.cb  rtx_lib.o
    0x20008520   COMPRESSED   0x00000050   Data   RW          602    .bss.os.msgqueue.mem  rtx_lib.o
    0x20008570   COMPRESSED   0x00000038   Data   RW         2449    .bss.os.mutex.cb    net_config.o
    0x200085a8   COMPRESSED   0x00000010   Data   RW         2450    .bss.os.semaphore.cb  net_config.o
    0x200085b8   COMPRESSED   0x00000374   Data   RW          603    .bss.os.thread.cb   rtx_lib.o
    0x2000892c   COMPRESSED   0x00000088   Data   RW         2451    .bss.os.thread.cb   net_config.o
    0x200089b4   COMPRESSED   0x00000004   PAD
    0x200089b8   COMPRESSED   0x00008800   Data   RW          604    .bss.os.thread.stack  rtx_lib.o
    0x200111b8   COMPRESSED   0x00000800   Data   RW         2452    .bss.os.thread.stack  net_config.o
    0x200119b8   COMPRESSED   0x00000020   Data   RW          605    .bss.os.timer.cb    rtx_lib.o
    0x200119d8   COMPRESSED   0x00000020   Data   RW         2453    .bss.os.timer.cb    net_config.o
    0x200119f8   COMPRESSED   0x00000004   Data   RW            8    .data               main.o
    0x200119fc   COMPRESSED   0x00000034   Data   RW          271    .data               http_server.o
    0x20011a30   COMPRESSED   0x00000008   Data   RW          335    .data               http_server_cgi.o
    0x20011a38   COMPRESSED   0x0000006c   Data   RW          420    .data               rtc.o
    0x20011aa4   COMPRESSED   0x00000068   Data   RW          505    .data               mktime.o
    0x20011b0c   COMPRESSED   0x00000005   Data   RW          607    .data               rtx_lib.o
    0x20011b11   COMPRESSED   0x00000003   PAD
    0x20011b14   COMPRESSED   0x00000009   Data   RW          971    .data               stm32f4xx_hal.o
    0x20011b1d   COMPRESSED   0x00000003   PAD
    0x20011b20   COMPRESSED   0x00000004   Data   RW         2380    .data               system_stm32f4xx.o
    0x20011b24   COMPRESSED   0x0000000e   Data   RW         2456    .data               net_config.o
    0x20011b32   COMPRESSED   0x00000002   PAD
    0x20011b34   COMPRESSED   0x00000004   Data   RW         3139    .data               Net4_CM3_L.lib(net_loopback.o)
    0x20011b38   COMPRESSED   0x00000004   Data   RW         3157    .data               Net4_CM3_L.lib(net_ip4_frag.o)
    0x20011b3c   COMPRESSED   0x00000002   Data   RW         3197    .data               Net4_CM3_L.lib(net_udp.o)
    0x20011b3e   COMPRESSED   0x00000004   Data   RW         3288    .data               Net4_CM3_L.lib(net_tcp.o)
    0x20011b42   COMPRESSED   0x00000001   Data   RW         3356    .data               Net4_CM3_L.lib(net_nbns_client.o)
    0x20011b43   COMPRESSED   0x00000001   PAD
    0x20011b44   COMPRESSED   0x0000000c   Data   RW         3424    .data               Net4_CM3_L.lib(net_http_server.o)
    0x20011b50   COMPRESSED   0x00000008   Data   RW         3784    .data               Net4_CM3_L.lib(net_ip4.o)
    0x20011b58   COMPRESSED   0x00000004   Data   RW         4032    .data               c_w.l(stdio_streams.o)
    0x20011b5c   COMPRESSED   0x00000004   Data   RW         4033    .data               c_w.l(stdio_streams.o)
    0x20011b60   COMPRESSED   0x00000004   Data   RW         4034    .data               c_w.l(stdio_streams.o)
    0x20011b64   COMPRESSED   0x00000004   Data   RW         4155    .data               c_w.l(streamlock.o)
    0x20011b68   COMPRESSED   0x000000a4   Data   RW         2731    .data.os            RTX_CM4F.lib(rtx_kernel.o)
    0x20011c0c   COMPRESSED   0x00000030   Data   RW          608    .data.os.thread.mpi  rtx_lib.o
    0x20011c3c   COMPRESSED   0x00000018   Data   RW          609    .data.os.timer.mpi  rtx_lib.o
    0x20011c54   COMPRESSED   0x00000004   PAD
    0x20011c58        -       0x00000400   Zero   RW          269    .bss                http_server.o
    0x20012058        -       0x00000038   Zero   RW          333    .bss                http_server_cgi.o
    0x20012090        -       0x00000034   Zero   RW          419    .bss                rtc.o
    0x200120c4        -       0x0000000c   Zero   RW          523    .bss                watchdog.o
    0x200120d0        -       0x00000014   Zero   RW          557    .bss                flash.o
    0x200120e4        -       0x0000000c   Zero   RW          723    .bss                phy_lan8742a.o
    0x200120f0        -       0x000024cc   Zero   RW          804    .bss                emac_stm32f4xx.o
    0x200145bc        -       0x00000020   Zero   RW         1297    .bss                stm32f4xx_hal_flash.o
    0x200145dc        -       0x00003368   Zero   RW         2448    .bss                net_config.o
    0x20017944        -       0x000000a0   Zero   RW         3036    .bss                Net4_CM3_L.lib(net_eth.o)
    0x200179e4        -       0x00000018   Zero   RW         3095    .bss                Net4_CM3_L.lib(net_arp.o)
    0x200179fc        -       0x00000010   Zero   RW         3196    .bss                Net4_CM3_L.lib(net_udp.o)
    0x20017a0c        -       0x00000098   Zero   RW         3422    .bss                Net4_CM3_L.lib(net_http_server.o)
    0x20017aa4        -       0x00000020   Zero   RW         3493    .bss                Net4_CM3_L.lib(net_ping_core.o)
    0x20017ac4        -       0x00000038   Zero   RW         3528    .bss                Net4_CM3_L.lib(net_sys.o)
    0x20017afc        -       0x00000014   Zero   RW         3833    .bss                Net4_CM3_L.lib(net_mem.o)
    0x20017b10        -       0x00000054   Zero   RW         4029    .bss                c_w.l(stdio_streams.o)
    0x20017b64        -       0x00000054   Zero   RW         4030    .bss                c_w.l(stdio_streams.o)
    0x20017bb8        -       0x00000054   Zero   RW         4031    .bss                c_w.l(stdio_streams.o)
    0x20017c0c        -       0x00000060   Zero   RW         4038    .bss                c_w.l(libspace.o)
    0x20017c6c        -       0x00000001   Zero   RW         3758    .bss.PendST         RTX_CM4F.lib(os_systick.o)
    0x20017c6d   COMPRESSED   0x00000003   PAD
    0x20017c70        -       0x00000200   Zero   RW         2368    HEAP                startup_stm32f429xx.o
    0x20017e70        -       0x00000400   Zero   RW         2367    STACK               startup_stm32f429xx.o


==============================================================================

Image component sizes


      Code (inc. data)   RO Data    RW Data    ZI Data      Debug   Object Name

      3452        322        148          0       9420      57290   emac_stm32f4xx.o
       500         56          0          0         20       2115   flash.o
       758        116         36         52       1024       3733   http_server.o
      1328        178        218          8         56       7907   http_server_cgi.o
       572        212          0          4          0     747381   main.o
       348         12          0        104          0       1395   mktime.o
       346         48        785       2302      13160      42119   net_config.o
       580         40         36          0         12      10714   phy_lan8742a.o
       518        198          0        108         52       5972   rtc.o
        36          6          0          0          0       1093   rtx_config.o
       222         12        260      69969          0      14527   rtx_lib.o
        64         26        428          0       1536        880   startup_stm32f429xx.o
       124         16          0          9          0       8369   stm32f4xx_hal.o
       272         22          0          0          0      34198   stm32f4xx_hal_cortex.o
       680         68          0          0         32       7339   stm32f4xx_hal_flash.o
       476         24          0          0          0       3862   stm32f4xx_hal_flash_ex.o
       924        102          0          0          0       2986   stm32f4xx_hal_gpio.o
        94          0          0          0          0       2159   stm32f4xx_hal_iwdg.o
       164         12          0          0          0       1772   stm32f4xx_hal_msp.o
        12          4          0          0          0        623   stm32f4xx_hal_pwr.o
       140         12          0          0          0       1612   stm32f4xx_hal_pwr_ex.o
      1736         64          0          0          0       5018   stm32f4xx_hal_rcc.o
       772         26          0          0          0       1932   stm32f4xx_hal_rcc_ex.o
      1226         28          0          0          0       9666   stm32f4xx_hal_rtc.o
       102          0          0          0          0       2149   stm32f4xx_hal_rtc_ex.o
        36          6          0          0          0       3256   stm32f4xx_it.o
       220         26         24          4          0       2239   system_stm32f4xx.o
        60         14          0          0         12       1234   watchdog.o
       136          8      28736          0          0       2152   web.o

    ----------------------------------------------------------------------
     15916       1658      30708      72572      25328     985692   Object Totals
         0          0         32          0          0          0   (incl. Generated)
        18          0          5         12          4          0   (incl. Padding)

    ----------------------------------------------------------------------

      Code (inc. data)   RO Data    RW Data    ZI Data      Debug   Library Member Name

       430         58         12          0          0        736   net_addr.o
      2134         62          0          0         24       1512   net_arp.o
       294          6          0          0          0        668   net_common.o
      2470         72          0          0        160       1744   net_eth.o
      6058       1278        250         12        152       2924   net_http_server.o
         0          0        539          0          0          0   net_http_server_err.o
       388         22          0          0          0        164   net_icmp.o
       996         66          4          8          0       1016   net_ip4.o
       706         34          0          4          0        544   net_ip4_frag.o
       240         22         56          4          0        312   net_loopback.o
       448         46          0          0         20        556   net_mem.o
       356         26          8          1          0        248   net_nbns_client.o
       112         24         18          0         32        280   net_ping_core.o
       754         76          0          0         56       1012   net_sys.o
      4506        178          0          4          0       2668   net_tcp.o
       858         50          0          2         16        640   net_udp.o
         0          0          4          0          0          0   net_version.o
       196         12          1          0          0        540   irq_cm4f.o
       126         32          0          0          1       3108   os_systick.o
        56          4          0          0          0       2854   rtx_delay.o
       716         72         11        164          0      17231   rtx_kernel.o
       242          0          0          0          0       2478   rtx_memory.o
       186          0          0          0          0      16576   rtx_mempool.o
      1350         28          0          0          0      18694   rtx_msgqueue.o
       890         32          0          0          0      10004   rtx_mutex.o
       698         32          0          0          0      10885   rtx_semaphore.o
       368         26          0          0          0       5437   rtx_system.o
      2406        140          0          0          0      32850   rtx_thread.o
       524         40          0          0          0      10445   rtx_timer.o
        60          8          0          0          0         84   __0sscanf.o
        24          4          0          0          0         84   __2printf.o
        44          6          0          0          0         84   __2sprintf.o
        90          0          0          0          0          0   __dczerorl2.o
         8          0          0          0          0         68   __main.o
       392          4         17          0          0         92   __printf_flags_ss_wp.o
        14          0          0          0          0         68   __printf_wp.o
         0          0          0          0          0          0   __rtentry.o
        20          0          0          0          0          0   __rtentry2.o
         6          0          0          0          0          0   __rtentry4.o
        52          8          0          0          0          0   __scatter.o
        28          0          0          0          0          0   __scatter_zi.o
        28          0          0          0          0         68   _chval.o
        44          0          0          0          0        108   _printf_char.o
        48          6          0          0          0         96   _printf_char_common.o
        64          6          0          0          0         84   _printf_char_file_locked.o
        40          0          0          0          0         68   _printf_charcount.o
         6          0          0          0          0          0   _printf_d.o
       120         16          0          0          0         92   _printf_dec.o
       148          4         40          0          0        160   _printf_hex_int_ll_ptr.o
       178          0          0          0          0         88   _printf_intcommon.o
        10          0          0          0          0          0   _printf_ll.o
         6          0          0          0          0          0   _printf_lld.o
         6          0          0          0          0          0   _printf_lli.o
         6          0          0          0          0          0   _printf_llo.o
         6          0          0          0          0          0   _printf_llu.o
         6          0          0          0          0          0   _printf_llx.o
       124         16          0          0          0         92   _printf_longlong_dec.o
         6          0          0          0          0          0   _printf_n.o
        84          8          0          0          0         80   _printf_oct_ll.o
         6          0          0          0          0          0   _printf_p.o
        78          0          0          0          0        108   _printf_pad.o
         0          0          0          0          0          0   _printf_percent.o
         4          0          0          0          0          0   _printf_percent_end.o
         6          0          0          0          0          0   _printf_s.o
        82          0          0          0          0         80   _printf_str.o
         6          0          0          0          0          0   _printf_u.o
       884          6          0          0          0        100   _scanf.o
       332          0          0          0          0         96   _scanf_int.o
        64          0          0          0          0         84   _sgetc.o
        10          0          0          0          0         68   _sputc.o
       158          0          0          0          0         92   _strtoul.o
        26          0          0          0          0         80   atoi.o
        10          0          0          0          0         68   defsig_exit.o
        50          0          0          0          0         88   defsig_general.o
        80         58          0          0          0         76   defsig_rtmem_inner.o
        14          0          0          0          0         80   defsig_rtmem_outer.o
        52         38          0          0          0         76   defsig_rtred_inner.o
        14          0          0          0          0         80   defsig_rtred_outer.o
        18          0          0          0          0         80   exit.o
        76          0          0          0          0         88   fclose.o
       470          0          0          0          0         88   flsbuf.o
       324          8          0          0          0        152   fopen_locked.o
        26          0          0          0          0         68   fputc.o
       248          6          0          0          0         84   fseek.o
        66          0          0          0          0         76   ftell.o
       158          0          0          0          0        128   h1_alloc_mt.o
        62          0          0          0          0         80   h1_extend_mt.o
        10          0          0          0          0         76   h1_final_mt.o
       118          0          0          0          0        108   h1_free_mt.o
        18          0          0          0          0         84   h1_init_mt.o
         6          0          0          0          0        152   heapauxi.o
         4          0          0          0          0        136   hguard.o
         0          0          0          0          0          0   indicate_semi.o
       138          0          0          0          0        168   init_alloc.o
       456         48          0          0          0        116   initio_locked.o
        18          0          0          0          0         76   isspace.o
        44         10        272          0          0         76   lc_ctype_c.o
         2          0          0          0          0          0   libinit.o
        36          0          0          0          0          0   libinit2.o
         2          0          0          0          0          0   libshutdown.o
        10          0          0          0          0          0   libshutdown2.o
         8          4          0          0         96         68   libspace.o
       138          0          0          0          0         80   lludiv10.o
       238          0          0          0          0        100   lludivv7m.o
         0          0          0          0          0          0   maybetermalloc2.o
        88          0          0          0          0         76   memcmp.o
        16          4          0          0          0         76   rt_ctype_table.o
         4          0          0          0          0         68   rt_errno_addr_twolibspace.o
        10          0          0          0          0         76   rt_heap_descriptor_twolibspace.o
        10          0          0          0          0         76   rt_locale_twolibspace.o
        68          0          0          0          0         68   rt_memclr.o
        78          0          0          0          0         80   rt_memclr_w.o
       138          0          0          0          0         68   rt_memcpy_v6.o
       100          0          0          0          0         80   rt_memcpy_w.o
         2          0          0          0          0          0   rtexit.o
        10          0          0          0          0          0   rtexit2.o
        44          8          0          0          0         84   scanf_char.o
       104          0          0          0          0         88   setvbuf_locked.o
       240          6          0          0          0        156   stdio.o
         0          0          0         12        252          0   stdio_streams.o
       128          0          0          0          0         68   strcmpv7m.o
        72          0          0          0          0         80   strcpy.o
         0          0          0          4          0          0   streamlock.o
        62          0          0          0          0         76   strlen.o
       150          0          0          0          0         80   strncmp.o
       112          0          0          0          0         88   strtol.o
        12          4          0          0          0         68   sys_exit.o
       102          0         12          0          0        240   sys_io.o
        74          0          0          0          0         80   sys_stackheap_outer.o
        14          0          0          0          0         76   sys_wrch.o
        16          0          0          0          0         80   term_alloc.o
         2          0          0          0          0         68   use_no_semi.o
        10          0          0          0          0        116   fpinit.o

    ----------------------------------------------------------------------
     36484       2724       1252        216        812     152918   Library Totals
        72          0          8          1          3          0   (incl. Padding)

    ----------------------------------------------------------------------

      Code (inc. data)   RO Data    RW Data    ZI Data      Debug   Library Name

     20750       2020        891         35        460      15024   Net4_CM3_L.lib
      7758        418         12        164          1     131102   RTX_CM4F.lib
      7894        286        341         16        348       6676   c_w.l
        10          0          0          0          0        116   fz_wm.l

    ----------------------------------------------------------------------
     36484       2724       1252        216        812     152918   Library Totals

    ----------------------------------------------------------------------

==============================================================================


      Code (inc. data)   RO Data    RW Data    ZI Data      Debug   

     52400       4382      31960      72788      26140    1110534   Grand Totals
     52400       4382      31960        656      26140    1110534   ELF Image Totals (compressed)
     52400       4382      31960        656          0          0   ROM Totals

==============================================================================

    Total RO  Size (Code + RO Data)                84360 (  82.38kB)
    Total RW  Size (RW Data + ZI Data)             98928 (  96.61kB)
    Total ROM Size (Code + RO Data + RW Data)      85016 (  83.02kB)

==============================================================================

