Component: ARM Compiler 5.06 update 6 (build 750) Tool: armlink [4d35ed]

==============================================================================

Section Cross References

    main.o(.text) refers to rtx_kernel.o(.text.osKernelGetState) for osKernelGetState
    main.o(.text) refers to rtx_kernel.o(.text.osKernelGetTickCount) for osKernelGetTickCount
    main.o(.text) refers to stm32f4xx_hal.o(.text) for HAL_Init
    main.o(.text) refers to system_stm32f4xx.o(.text) for SystemCoreClockUpdate
    main.o(.text) refers to stm32f4xx_hal_rtc.o(.text) for HAL_RTC_Init
    main.o(.text) refers to stm32f4xx_hal_rtc_ex.o(.text) for HAL_RTCEx_SetCalibrationOutPut
    main.o(.text) refers to rtx_kernel.o(.text.osKernelInitialize) for osKernelInitialize
    main.o(.text) refers to rtx_thread.o(.text.osThreadNew) for osThreadNew
    main.o(.text) refers to rtx_kernel.o(.text.osKernelStart) for osKernelStart
    main.o(.text) refers to rtx_thread.o(.text.osThreadYield) for osThreadYield
    main.o(.text) refers to stm32f4xx_hal_rcc.o(.text) for HAL_RCC_OscConfig
    main.o(.text) refers to system_stm32f4xx.o(.data) for SystemCoreClock
    main.o(.text) refers to main.o(.data) for .data
    main.o(.text) refers to main.o(.bss) for .bss
    main.o(.text) refers to http_server.o(.constdata) for app_main_attr
    main.o(.text) refers to http_server.o(.text) for app_main
    http_server.o(.text) refers to _printf_percent.o(.ARM.Collect$$_printf_percent$$00000000) for _printf_percent
    http_server.o(.text) refers to _printf_s.o(.ARM.Collect$$_printf_percent$$00000014) for _printf_s
    http_server.o(.text) refers to _printf_str.o(.text) for _printf_str
    http_server.o(.text) refers to rtx_thread.o(.text.osThreadFlagsSet) for osThreadFlagsSet
    http_server.o(.text) refers to rtx_thread.o(.text.osThreadFlagsWait) for osThreadFlagsWait
    http_server.o(.text) refers to __2sprintf.o(.text) for __2sprintf
    http_server.o(.text) refers to rtc.o(.text) for setHora
    http_server.o(.text) refers to sntp.o(.text) for get_time
    http_server.o(.text) refers to net_sys.o(i.netInitialize) for netInitialize
    http_server.o(.text) refers to rtx_thread.o(.text.osThreadNew) for osThreadNew
    http_server.o(.text) refers to rtx_timer.o(.text.osTimerNew) for osTimerNew
    http_server.o(.text) refers to rtx_timer.o(.text.osTimerStart) for osTimerStart
    http_server.o(.text) refers to rtx_thread.o(.text.osThreadExit) for osThreadExit
    http_server.o(.text) refers to http_server.o(.data) for .data
    http_server.o(.constdata) refers to http_server.o(.bss) for app_main_stk
    http_server_cgi.o(.text) refers to _printf_pad.o(.text) for _printf_pre_padding
    http_server_cgi.o(.text) refers to _printf_percent.o(.ARM.Collect$$_printf_percent$$00000000) for _printf_percent
    http_server_cgi.o(.text) refers to _printf_p.o(.ARM.Collect$$_printf_percent$$00000002) for _printf_p
    http_server_cgi.o(.text) refers to _printf_s.o(.ARM.Collect$$_printf_percent$$00000014) for _printf_s
    http_server_cgi.o(.text) refers to _printf_n.o(.ARM.Collect$$_printf_percent$$00000001) for _printf_n
    http_server_cgi.o(.text) refers to _printf_charcount.o(.text) for _printf_charcount
    http_server_cgi.o(.text) refers to _printf_hex_int_ptr.o(.text) for _printf_longlong_hex
    http_server_cgi.o(.text) refers to _printf_str.o(.text) for _printf_str
    http_server_cgi.o(.text) refers to _printf_d.o(.ARM.Collect$$_printf_percent$$00000009) for _printf_d
    http_server_cgi.o(.text) refers to _printf_dec.o(.text) for _printf_int_dec
    http_server_cgi.o(.text) refers to _printf_truncate.o(.text) for _printf_truncate_unsigned
    http_server_cgi.o(.text) refers to _printf_i.o(.ARM.Collect$$_printf_percent$$00000008) for _printf_i
    http_server_cgi.o(.text) refers to _printf_u.o(.ARM.Collect$$_printf_percent$$0000000A) for _printf_u
    http_server_cgi.o(.text) refers to _printf_o.o(.ARM.Collect$$_printf_percent$$0000000B) for _printf_o
    http_server_cgi.o(.text) refers to _printf_x.o(.ARM.Collect$$_printf_percent$$0000000C) for _printf_x
    http_server_cgi.o(.text) refers to _printf_c.o(.ARM.Collect$$_printf_percent$$00000013) for _printf_c
    http_server_cgi.o(.text) refers to _printf_lc.o(.ARM.Collect$$_printf_percent$$00000015) for _printf_lc
    http_server_cgi.o(.text) refers to _printf_oct_int.o(.text) for _printf_longlong_oct
    http_server_cgi.o(.text) refers to _printf_wctomb.o(.text) for _printf_wctomb
    http_server_cgi.o(.text) refers to net_http_server.o(i.netCGI_GetEnvVar) for netCGI_GetEnvVar
    http_server_cgi.o(.text) refers to net_addr.o(i.netIP_aton) for netIP_aton
    http_server_cgi.o(.text) refers to net_sys.o(i.netIF_SetOption) for netIF_SetOption
    http_server_cgi.o(.text) refers to strcmpv7m.o(.text) for strcmp
    http_server_cgi.o(.text) refers to strncmp.o(.text) for strncmp
[...]
    net_sys_config                           0x08014118   Data          28  net_config.o(.constdata)
    net_eth0_if_config                       0x0801416c   Data          44  net_config.o(.constdata)
    net_eth_list                             0x08014198   Data           8  net_config.o(.constdata)
    net_if_list_all                          0x080141a0   Data           8  net_config.o(.constdata)
    net_if_inet_def                          0x080141a8   Data           4  net_config.o(.constdata)
    net_if_link_def                          0x080141ac   Data           4  net_config.o(.constdata)
    net_arp_list                             0x080141b0   Data           8  net_config.o(.constdata)
    net_ip4_frag_config                      0x080141b8   Data           8  net_config.o(.constdata)
    net_udp_config                           0x080141c0   Data          12  net_config.o(.constdata)
    net_tcp_config                           0x080141cc   Data          24  net_config.o(.constdata)
    net_http_config                          0x080141e4   Data          52  net_config.o(.constdata)
    net_sntp_config                          0x08014218   Data           8  net_config.o(.constdata)
    netif_getopt_func                        0x08014270   Data          16  net_config.o(.constdata)
    netif_setopt_func                        0x08014280   Data          16  net_config.o(.constdata)
    net_loop_if_config                       0x08014290   Data          44  net_loopback.o(.constdata)
    net_ping_payload                         0x080143ca   Data          18  net_ping_core.o(.constdata)
    net_addr_unspec                          0x080143dc   Data           6  net_addr.o(.constdata)
    net_addr_bcast                           0x080143e2   Data           6  net_addr.o(.constdata)
    net_addr4_loopback                       0x080143e8   Data           4  net_ip4.o(.constdata)
    net_http_error                           0x080143ec   Data          24  net_http_server_err.o(.constdata)
    net_lib_version                          0x08014404   Data           4  net_version.o(.constdata)
    network_ip4_release_v7.14.0              0x08014404   Data           4  net_version.o(.constdata)
    _monlen                                  0x08014449   Data          12  _monlen.o(.constdata)
    __stdin_name                             0x08014455   Data           4  sys_io.o(.constdata)
    __stdout_name                            0x08014459   Data           4  sys_io.o(.constdata)
    __stderr_name                            0x0801445d   Data           4  sys_io.o(.constdata)
    osRtxConfig                              0x08014818   Data         104  rtx_lib.o(.rodata)
    os_cb_sections                           0x08014880   Data          56  rtx_lib.o(.rodata)
    Region$$Table$$Base                      0x080148c4   Number         0  anon$$obj.o(Region$$Table)
    Region$$Table$$Limit                     0x080148e4   Number         0  anon$$obj.o(Region$$Table)
    __ctype                                  0x080148f1   Data           0  lc_ctype_c.o(locale$$data)
    .bss.os.msgqueue.cb$$Base                0x20008230   Number         0  rtx_lib.o(.bss.os.msgqueue.cb)
    .bss.os.msgqueue.cb$$Limit               0x20008264   Number         0  rtx_lib.o(.bss.os.msgqueue.cb)
    .bss.os.mutex.cb$$Base                   0x200082b4   Number         0  net_config.o(.bss.os.mutex.cb)
    .bss.os.mutex.cb$$Limit                  0x200082ec   Number         0  net_config.o(.bss.os.mutex.cb)
    .bss.os.semaphore.cb$$Base               0x200082ec   Number         0  net_config.o(.bss.os.semaphore.cb)
    .bss.os.semaphore.cb$$Limit              0x200082fc   Number         0  net_config.o(.bss.os.semaphore.cb)
    .bss.os.thread.cb$$Base                  0x200082fc   Number         0  rtx_lib.o(.bss.os.thread.cb)
    .bss.os.thread.cb$$Limit                 0x2000840c   Number         0  net_config.o(.bss.os.thread.cb)
    .bss.os.timer.cb$$Base                   0x20009010   Number         0  net_config.o(.bss.os.timer.cb)
    .bss.os.timer.cb$$Limit                  0x20009030   Number         0  net_config.o(.bss.os.timer.cb)
    TID_Display                              0x20009034   Data           4  http_server.o(.data)
    TID_Rtc_setTime                          0x20009038   Data           4  http_server.o(.data)
    TID_Rtc_setDate                          0x2000903c   Data           4  http_server.o(.data)
    TID_SNTP                                 0x20009040   Data           4  http_server.o(.data)
    Timer_SNTP                               0x20009044   Data           4  http_server.o(.data)
    time_text                                0x20009048   Data          42  http_server.o(.data)
    sDate                                    0x20009078   Data           4  rtc.o(.data)
    uwTickFreq                               0x200090e8   Data           1  stm32f4xx_hal.o(.data)
    uwTickPrio                               0x200090ec   Data           4  stm32f4xx_hal.o(.data)
    uwTick                                   0x200090f0   Data           4  stm32f4xx_hal.o(.data)
    SystemCoreClock                          0x200090f4   Data           4  system_stm32f4xx.o(.data)
    __aeabi_stdin                            0x2000912c   Data           4  stdio_streams.o(.data)
    __aeabi_stdout                           0x20009130   Data           4  stdio_streams.o(.data)
    __aeabi_stderr                           0x20009134   Data           4  stdio_streams.o(.data)
    _stream_list_lock                        0x20009138   Data           4  streamlock.o(.data)
    osRtxInfo                                0x2000913c   Data         164  rtx_kernel.o(.data.os)
    hrtc                                     0x200091e0   Data          32  main.o(.bss)
    sTime                                    0x20009638   Data          20  rtc.o(.bss)
    net_eth0_if_control                      0x2000ee8c   Data         160  net_eth.o(.bss)
    net_eth0_arp_control                     0x2000ef2c   Data          24  net_arp.o(.bss)
    net_http_control                         0x2000efd8   Data          20  net_http_server.o(.bss)
    net_sntp_control                         0x2000efec   Data          32  net_sntp_client_core.o(.bss)
    net_ping_control                         0x2000f00c   Data          32  net_ping_core.o(.bss)
    net_sys_control                          0x2000f03c   Data          28  net_sys.o(.bss)
    __stdin                                  0x2000f0a4   Data          84  stdio_streams.o(.bss)
    __stdout                                 0x2000f0f8   Data          84  stdio_streams.o(.bss)
    __stderr                                 0x2000f14c   Data          84  stdio_streams.o(.bss)
    __libspace_start                         0x2000f1a0   Data          96  libspace.o(.bss)
    __temporary_stack_top$libspace           0x2000f200   Data           0  libspace.o(.bss)



==============================================================================

Memory Map of the image

  Image Entry point : 0x080001ad

  Load Region LR_IROM1 (Base: 0x08000000, Size: 0x0001dbd4, Max: 0x00200000, ABSOLUTE, COMPRESSED[0x00014b50])

    Execution Region ER_IROM1 (Exec base: 0x08000000, Load base: 0x08000000, Size: 0x000149f4, Max: 0x00200000, ABSOLUTE)

    Exec Addr    Load Addr    Size         Type   Attr      Idx    E Section Name        Object

    0x08000000   0x08000000   0x000001ac   Data   RO          749    RESET               startup_stm32f429xx.o
    0x080001ac   0x080001ac   0x00000008   Code   RO         2222  * !!!main             c_w.l(__main.o)
    0x080001b4   0x080001b4   0x00000034   Code   RO         2616    !!!scatter          c_w.l(__scatter.o)
    0x080001e8   0x080001e8   0x0000005a   Code   RO         2614    !!dczerorl2         c_w.l(__dczerorl2.o)
    0x08000242   0x08000242   0x00000002   PAD
    0x08000244   0x08000244   0x0000001c   Code   RO         2618    !!handler_zi        c_w.l(__scatter_zi.o)
    0x08000260   0x08000260   0x00000000   Code   RO         2193    .ARM.Collect$$_printf_percent$$00000000  c_w.l(_printf_percent.o)
    0x08000260   0x08000260   0x00000006   Code   RO         2186    .ARM.Collect$$_printf_percent$$00000001  c_w.l(_printf_n.o)
    0x08000266   0x08000266   0x00000006   Code   RO         2188    .ARM.Collect$$_printf_percent$$00000002  c_w.l(_printf_p.o)
    0x0800026c   0x0800026c   0x00000006   Code   RO         2190    .ARM.Collect$$_printf_percent$$00000008  c_w.l(_printf_i.o)
    0x08000272   0x08000272   0x00000006   Code   RO         2191    .ARM.Collect$$_printf_percent$$00000009  c_w.l(_printf_d.o)
    0x08000278   0x08000278   0x00000006   Code   RO         2192    .ARM.Collect$$_printf_percent$$0000000A  c_w.l(_printf_u.o)
    0x0800027e   0x0800027e   0x00000006   Code   RO         2189    .ARM.Collect$$_printf_percent$$0000000B  c_w.l(_printf_o.o)
    0x08000284   0x08000284   0x00000006   Code   RO         2187    .ARM.Collect$$_printf_percent$$0000000C  c_w.l(_printf_x.o)
    0x0800028a   0x0800028a   0x0000000a   Code   RO         2249    .ARM.Collect$$_printf_percent$$00000012  c_w.l(_printf_l.o)
    0x08000294   0x08000294   0x00000006   Code   RO         2184    .ARM.Collect$$_printf_percent$$00000013  c_w.l(_printf_c.o)
    0x0800029a   0x0800029a   0x00000006   Code   RO         2185    .ARM.Collect$$_printf_percent$$00000014  c_w.l(_printf_s.o)
    0x080002a0   0x080002a0   0x00000006   Code   RO         2194    .ARM.Collect$$_printf_percent$$00000015  c_w.l(_printf_lc.o)
    0x080002a6   0x080002a6   0x00000004   Code   RO         2248    .ARM.Collect$$_printf_percent$$00000017  c_w.l(_printf_percent_end.o)
    0x080002aa   0x080002aa   0x00000002   Code   RO         2414    .ARM.Collect$$libinit$$00000000  c_w.l(libinit.o)
    0x080002ac   0x080002ac   0x00000004   Code   RO         2415    .ARM.Collect$$libinit$$00000001  c_w.l(libinit2.o)
    0x080002b0   0x080002b0   0x00000000   Code   RO         2418    .ARM.Collect$$libinit$$00000004  c_w.l(libinit2.o)
    0x080002b0   0x080002b0   0x00000008   Code   RO         2419    .ARM.Collect$$libinit$$00000005  c_w.l(libinit2.o)
    0x080002b8   0x080002b8   0x00000000   Code   RO         2421    .ARM.Collect$$libinit$$0000000A  c_w.l(libinit2.o)
    0x080002b8   0x080002b8   0x00000000   Code   RO         2423    .ARM.Collect$$libinit$$0000000C  c_w.l(libinit2.o)
    0x080002b8   0x080002b8   0x00000000   Code   RO         2425    .ARM.Collect$$libinit$$0000000E  c_w.l(libinit2.o)
    0x080002b8   0x080002b8   0x00000006   Code   RO         2426    .ARM.Collect$$libinit$$0000000F  c_w.l(libinit2.o)
    0x080002be   0x080002be   0x00000000   Code   RO         2428    .ARM.Collect$$libinit$$00000011  c_w.l(libinit2.o)
    0x080002be   0x080002be   0x0000000c   Code   RO         2429    .ARM.Collect$$libinit$$00000012  c_w.l(libinit2.o)
    0x080002ca   0x080002ca   0x00000000   Code   RO         2430    .ARM.Collect$$libinit$$00000013  c_w.l(libinit2.o)
    0x080002ca   0x080002ca   0x00000000   Code   RO         2432    .ARM.Collect$$libinit$$00000015  c_w.l(libinit2.o)
    0x080002ca   0x080002ca   0x00000000   Code   RO         2434    .ARM.Collect$$libinit$$00000017  c_w.l(libinit2.o)
    0x080002ca   0x080002ca   0x00000000   Code   RO         2436    .ARM.Collect$$libinit$$00000019  c_w.l(libinit2.o)
    0x080002ca   0x080002ca   0x00000000   Code   RO         2438    .ARM.Collect$$libinit$$0000001B  c_w.l(libinit2.o)
    0x080002ca   0x080002ca   0x00000000   Code   RO         2440    .ARM.Collect$$libinit$$0000001D  c_w.l(libinit2.o)
    0x080002ca   0x080002ca   0x00000000   Code   RO         2442    .ARM.Collect$$libinit$$0000001F  c_w.l(libinit2.o)
    0x080002ca   0x080002ca   0x00000000   Code   RO         2444    .ARM.Collect$$libinit$$00000021  c_w.l(libinit2.o)
    0x080002ca   0x080002ca   0x00000000   Code   RO         2446    .ARM.Collect$$libinit$$00000023  c_w.l(libinit2.o)
    0x080002ca   0x080002ca   0x00000004   Code   RO         2447    .ARM.Collect$$libinit$$00000024  c_w.l(libinit2.o)
    0x080002ce   0x080002ce   0x00000000   Code   RO         2448    .ARM.Collect$$libinit$$00000025  c_w.l(libinit2.o)
    0x080002ce   0x080002ce   0x00000000   Code   RO         2452    .ARM.Collect$$libinit$$0000002C  c_w.l(libinit2.o)
    0x080002ce   0x080002ce   0x00000000   Code   RO         2454    .ARM.Collect$$libinit$$0000002E  c_w.l(libinit2.o)
    0x080002ce   0x080002ce   0x00000000   Code   RO         2456    .ARM.Collect$$libinit$$00000030  c_w.l(libinit2.o)
    0x080002ce   0x080002ce   0x00000000   Code   RO         2458    .ARM.Collect$$libinit$$00000032  c_w.l(libinit2.o)
    0x080002ce   0x080002ce   0x00000002   Code   RO         2459    .ARM.Collect$$libinit$$00000033  c_w.l(libinit2.o)
    0x080002d0   0x080002d0   0x00000002   Code   RO         2596    .ARM.Collect$$libshutdown$$00000000  c_w.l(libshutdown.o)
    0x080002d2   0x080002d2   0x00000000   Code   RO         2461    .ARM.Collect$$libshutdown$$00000002  c_w.l(libshutdown2.o)
    0x080002d2   0x080002d2   0x00000004   Code   RO         2462    .ARM.Collect$$libshutdown$$00000003  c_w.l(libshutdown2.o)
    0x080002d6   0x080002d6   0x00000000   Code   RO         2463    .ARM.Collect$$libshutdown$$00000004  c_w.l(libshutdown2.o)
    0x080002d6   0x080002d6   0x00000000   Code   RO         2466    .ARM.Collect$$libshutdown$$00000007  c_w.l(libshutdown2.o)
    0x080002d6   0x080002d6   0x00000000   Code   RO         2469    .ARM.Collect$$libshutdown$$0000000A  c_w.l(libshutdown2.o)
    0x080002d6   0x080002d6   0x00000000   Code   RO         2471    .ARM.Collect$$libshutdown$$0000000C  c_w.l(libshutdown2.o)
    0x080002d6   0x080002d6   0x00000004   Code   RO         2472    .ARM.Collect$$libshutdown$$0000000D  c_w.l(libshutdown2.o)
    0x080002da   0x080002da   0x00000000   Code   RO         2474    .ARM.Collect$$libshutdown$$0000000F  c_w.l(libshutdown2.o)
    0x080002da   0x080002da   0x00000002   Code   RO         2475    .ARM.Collect$$libshutdown$$00000010  c_w.l(libshutdown2.o)
    0x080002dc   0x080002dc   0x00000000   Code   RO         2224    .ARM.Collect$$rtentry$$00000000  c_w.l(__rtentry.o)
    0x080002dc   0x080002dc   0x00000000   Code   RO         2274    .ARM.Collect$$rtentry$$00000002  c_w.l(__rtentry2.o)
    0x080002dc   0x080002dc   0x00000006   Code   RO         2286    .ARM.Collect$$rtentry$$00000004  c_w.l(__rtentry4.o)
    0x080002e2   0x080002e2   0x00000008   Code   RO         2275    .ARM.Collect$$rtentry$$00000008  c_w.l(__rtentry2.o)
    0x080002ea   0x080002ea   0x00000004   Code   RO         2277    .ARM.Collect$$rtentry$$0000000A  c_w.l(__rtentry2.o)
    0x080002ee   0x080002ee   0x00000000   Code   RO         2279    .ARM.Collect$$rtentry$$0000000C  c_w.l(__rtentry2.o)
    0x080002ee   0x080002ee   0x00000008   Code   RO         2280    .ARM.Collect$$rtentry$$0000000D  c_w.l(__rtentry2.o)
    0x080002f6   0x080002f6   0x00000002   Code   RO         2481    .ARM.Collect$$rtexit$$00000000  c_w.l(rtexit.o)
    0x080002f8   0x080002f8   0x00000000   Code   RO         2539    .ARM.Collect$$rtexit$$00000002  c_w.l(rtexit2.o)
    0x080002f8   0x080002f8   0x00000004   Code   RO         2540    .ARM.Collect$$rtexit$$00000003  c_w.l(rtexit2.o)
    0x080002fc   0x080002fc   0x00000006   Code   RO         2541    .ARM.Collect$$rtexit$$00000004  c_w.l(rtexit2.o)
    0x08000302   0x08000302   0x00000002   PAD
    0x08000304   0x08000304   0x00000000   Code   RO         2546    .emb_text           c_w.l(maybetermalloc2.o)
    0x08000304   0x08000304   0x0000013c   Code   RO            4    .text               main.o
    0x08000440   0x08000440   0x0000000c   Code   RO          126    .text               stm32f4xx_it.o
    0x0800044c   0x0800044c   0x00000058   Code   RO          153    .text               stm32f4xx_hal_msp.o
    0x080004a4   0x080004a4   0x00000220   Code   RO          177    .text               http_server.o
    0x080006c4   0x080006c4   0x000004d4   Code   RO          236    .text               http_server_cgi.o
    0x08000b98   0x08000b98   0x0000005c   Code   RO          259    .text               web.o
    0x08000bf4   0x08000bf4   0x000000a8   Code   RO          279    .text               rtc.o
    0x08000c9c   0x08000c9c   0x000000ec   Code   RO          323    .text               mktime.o
    0x08000d88   0x08000d88   0x000000d0   Code   RO          340    .text               sntp.o
    0x08000e58   0x08000e58   0x000000c8   Code   RO          362    .text               rtx_lib.o
    0x08000f20   0x08000f20   0x00000004   Code   RO          418    .text               rtx_config.o
    0x08000f24   0x08000f24   0x00000198   Code   RO          443    .text               phy_lan8742a.o
    0x080010bc   0x080010bc   0x00000910   Code   RO          474    .text               emac_stm32f4xx.o
    0x080019cc   0x080019cc   0x000001c4   Code   RO          522    .text               stm32f4xx_hal.o
    0x08001b90   0x08001b90   0x00000284   Code   RO          552    .text               stm32f4xx_hal_cortex.o
    0x08001e14   0x08001e14   0x0000038c   Code   RO          580    .text               stm32f4xx_hal_gpio.o
    0x080021a0   0x080021a0   0x000006d8   Code   RO          652    .text               stm32f4xx_hal_rcc.o
    0x08002878   0x08002878   0x000008ec   Code   RO          701    .text               stm32f4xx_hal_rtc.o
    0x08003164   0x08003164   0x00000ae4   Code   RO          726    .text               stm32f4xx_hal_rtc_ex.o
    0x08003c48   0x08003c48   0x00000040   Code   RO          750    .text               startup_stm32f429xx.o
    0x08003c88   0x08003c88   0x00000098   Code   RO          757    .text               system_stm32f4xx.o
    0x08003d20   0x08003d20   0x0000016c   Code   RO          786    .text               net_config.o
    0x08003e8c   0x08003e8c   0x000000c4   Code   RO         1207    .text               RTX_CM4F.lib(irq_cm4f.o)
    0x08003f50   0x08003f50   0x000000ee   Code   RO         2112    .text               c_w.l(lludivv7m.o)
    0x0800403e   0x0800403e   0x00000002   PAD
    0x08004040   0x08004040   0x00000018   Code   RO         2114    .text               c_w.l(__2printf.o)
    0x08004058   0x08004058   0x0000002c   Code   RO         2116    .text               c_w.l(__2sprintf.o)
    0x08004084   0x08004084   0x0000004e   Code   RO         2124    .text               c_w.l(_printf_pad.o)
    0x080040d2   0x080040d2   0x00000024   Code   RO         2126    .text               c_w.l(_printf_truncate.o)
    0x080040f6   0x080040f6   0x00000052   Code   RO         2128    .text               c_w.l(_printf_str.o)
    0x08004148   0x08004148   0x00000078   Code   RO         2130    .text               c_w.l(_printf_dec.o)
    0x080041c0   0x080041c0   0x00000028   Code   RO         2132    .text               c_w.l(_printf_charcount.o)
    0x080041e8   0x080041e8   0x000000bc   Code   RO         2134    .text               c_w.l(_printf_wctomb.o)
    0x080042a4   0x080042a4   0x00000050   Code   RO         2139    .text               c_w.l(_printf_oct_int.o)
    0x080042f4   0x080042f4   0x0000007c   Code   RO         2155    .text               c_w.l(_printf_hex_int_ptr.o)
    0x08004370   0x08004370   0x00000188   Code   RO         2181    .text               c_w.l(__printf_flags_ss_wp.o)
    0x080044f8   0x080044f8   0x0000003c   Code   RO         2195    .text               c_w.l(__0sscanf.o)
    0x08004534   0x08004534   0x0000014c   Code   RO         2197    .text               c_w.l(_scanf_int.o)
    0x08004680   0x08004680   0x0000001a   Code   RO         2199    .text               c_w.l(atoi.o)
    0x0800469a   0x0800469a   0x00000058   Code   RO         2201    .text               c_w.l(memcmp.o)
    0x080046f2   0x080046f2   0x00000048   Code   RO         2203    .text               c_w.l(strcpy.o)
    0x0800473a   0x0800473a   0x0000003e   Code   RO         2205    .text               c_w.l(strlen.o)
    0x08004778   0x08004778   0x00000096   Code   RO         2207    .text               c_w.l(strncmp.o)
    0x0800480e   0x0800480e   0x0000008a   Code   RO         2209    .text               c_w.l(rt_memcpy_v6.o)
    0x08004898   0x08004898   0x00000044   Code   RO         2211    .text               c_w.l(rt_memclr.o)
    0x080048dc   0x080048dc   0x0000004e   Code   RO         2213    .text               c_w.l(rt_memclr_w.o)
    0x0800492a   0x0800492a   0x00000002   PAD
    0x0800492c   0x0800492c   0x00000080   Code   RO         2215    .text               c_w.l(strcmpv7m.o)
    0x080049ac   0x080049ac   0x0000000c   Code   RO         2217    .text               c_w.l(localtime.o)
    0x080049b8   0x080049b8   0x00000006   Code   RO         2220    .text               c_w.l(heapauxi.o)
    0x080049be   0x080049be   0x00000004   Code   RO         2234    .text               c_w.l(rt_errno_addr_twolibspace.o)
    0x080049c2   0x080049c2   0x000000b2   Code   RO         2236    .text               c_w.l(_printf_intcommon.o)
    0x08004a74   0x08004a74   0x00000030   Code   RO         2238    .text               c_w.l(_printf_char_common.o)
    0x08004aa4   0x08004aa4   0x0000000a   Code   RO         2240    .text               c_w.l(_sputc.o)
    0x08004aae   0x08004aae   0x0000002c   Code   RO         2242    .text               c_w.l(_printf_char.o)
    0x08004ada   0x08004ada   0x0000002c   Code   RO         2246    .text               c_w.l(_printf_wchar.o)
    0x08004b06   0x08004b06   0x0000001c   Code   RO         2250    .text               c_w.l(_chval.o)
    0x08004b22   0x08004b22   0x00000002   PAD
    0x08004b24   0x08004b24   0x0000002c   Code   RO         2252    .text               c_w.l(scanf_char.o)
    0x08004b50   0x08004b50   0x00000040   Code   RO         2254    .text               c_w.l(_sgetc.o)
    0x08004b90   0x08004b90   0x00000070   Code   RO         2256    .text               c_w.l(strtol.o)
    0x08004c00   0x08004c00   0x00000040   Code   RO         2264    .text               c_w.l(_wcrtomb.o)
    0x08004c40   0x08004c40   0x00000064   Code   RO         2266    .text               c_w.l(rt_memcpy_w.o)
    0x08004ca4   0x08004ca4   0x000000b8   Code   RO         2268    .text               c_w.l(localtime_internal.o)
    0x08004d5c   0x08004d5c   0x00000008   Code   RO         2270    .text               c_w.l(libspace.o)
    0x08004d64   0x08004d64   0x00000010   Code   RO         2288    .text               c_w.l(rt_ctype_table.o)
    0x08004d74   0x08004d74   0x00000012   Code   RO         2292    .text               c_w.l(isspace.o)
    0x08004d86   0x08004d86   0x00000002   PAD
    0x08004d88   0x08004d88   0x00000374   Code   RO         2296    .text               c_w.l(_scanf.o)
    0x080050fc   0x080050fc   0x0000009e   Code   RO         2298    .text               c_w.l(_strtoul.o)
    0x0800519a   0x0800519a   0x00000002   PAD
    0x0800519c   0x0800519c   0x000001c8   Code   RO         2312    .text               c_w.l(initio_locked.o)
    0x08005364   0x08005364   0x00000066   Code   RO         2315    .text               c_w.l(sys_io.o)
    0x080053ca   0x080053ca   0x0000004a   Code   RO         2320    .text               c_w.l(sys_stackheap_outer.o)
    0x08005414   0x08005414   0x0000000a   Code   RO         2327    .text               c_w.l(rt_locale_twolibspace.o)
    0x0800541e   0x0800541e   0x00000076   Code   RO         2333    .text               c_w.l(h1_free_mt.o)
    0x08005494   0x08005494   0x000001d6   Code   RO         2385    .text               c_w.l(flsbuf.o)
    0x0800566a   0x0800566a   0x0000004c   Code   RO         2392    .text               c_w.l(fclose.o)
    0x080056b6   0x080056b6   0x00000068   Code   RO         2394    .text               c_w.l(setvbuf_locked.o)
    0x0800571e   0x0800571e   0x00000002   PAD
    0x08005720   0x08005720   0x00000144   Code   RO         2396    .text               c_w.l(fopen_locked.o)
    0x08005864   0x08005864   0x00000012   Code   RO         2401    .text               c_w.l(exit.o)
    0x08005876   0x08005876   0x0000000e   Code   RO         2407    .text               c_w.l(defsig_rtred_outer.o)
    0x08005884   0x08005884   0x00000002   Code   RO         2478    .text               c_w.l(use_no_semi.o)
    0x08005886   0x08005886   0x00000000   Code   RO         2480    .text               c_w.l(indicate_semi.o)
    0x08005886   0x08005886   0x0000000a   Code   RO         2490    .text               c_w.l(rt_heap_descriptor_twolibspace.o)
    0x08005890   0x08005890   0x00000004   Code   RO         2492    .text               c_w.l(hguard.o)
    0x08005894   0x08005894   0x0000008a   Code   RO         2494    .text               c_w.l(init_alloc.o)
    0x0800591e   0x0800591e   0x0000009e   Code   RO         2502    .text               c_w.l(h1_alloc_mt.o)
    0x080059bc   0x080059bc   0x00000040   Code   RO         2514    .text               c_w.l(_printf_char_file_locked.o)
    0x080059fc   0x080059fc   0x000000f8   Code   RO         2516    .text               c_w.l(fseek.o)
    0x08005af4   0x08005af4   0x000000f0   Code   RO         2518    .text               c_w.l(stdio.o)
    0x08005be4   0x08005be4   0x0000000a   Code   RO         2524    .text               c_w.l(defsig_exit.o)
    0x08005bee   0x08005bee   0x00000002   PAD
    0x08005bf0   0x08005bf0   0x00000034   Code   RO         2528    .text               c_w.l(defsig_rtred_inner.o)
    0x08005c24   0x08005c24   0x0000000c   Code   RO         2536    .text               c_w.l(sys_exit.o)
    0x08005c30   0x08005c30   0x00000012   Code   RO         2551    .text               c_w.l(h1_init_mt.o)
    0x08005c42   0x08005c42   0x0000003e   Code   RO         2553    .text               c_w.l(h1_extend_mt.o)
    0x08005c80   0x08005c80   0x00000042   Code   RO         2559    .text               c_w.l(ftell.o)
    0x08005cc2   0x08005cc2   0x00000032   Code   RO         2567    .text               c_w.l(defsig_general.o)
    0x08005cf4   0x08005cf4   0x0000000e   Code   RO         2569    .text               c_w.l(defsig_rtmem_outer.o)
    0x08005d02   0x08005d02   0x0000000e   Code   RO         2582    .text               c_w.l(sys_wrch.o)
    0x08005d10   0x08005d10   0x00000010   Code   RO         2588    .text               c_w.l(term_alloc.o)
    0x08005d20   0x08005d20   0x00000050   Code   RO         2590    .text               c_w.l(defsig_rtmem_inner.o)
    0x08005d70   0x08005d70   0x0000000a   Code   RO         2599    .text               c_w.l(h1_final_mt.o)
    0x08005d7a   0x08005d7a   0x00000040   Code   RO         1932    .text.MessageQueueGet  RTX_CM4F.lib(rtx_msgqueue.o)
    0x08005dba   0x08005dba   0x00000058   Code   RO         1926    .text.MessageQueuePut  RTX_CM4F.lib(rtx_msgqueue.o)
    0x08005e12   0x08005e12   0x0000001c   Code   RO         1924    .text.MessageQueueRemove  RTX_CM4F.lib(rtx_msgqueue.o)
    0x08005e2e   0x08005e2e   0x00000002   PAD
    0x08005e30   0x08005e30   0x0000000c   Code   RO         1970    .text.OS_Tick_AcknowledgeIRQ  RTX_CM4F.lib(os_systick.o)
    0x08005e3c   0x08005e3c   0x0000002c   Code   RO         1966    .text.OS_Tick_Enable  RTX_CM4F.lib(os_systick.o)
    0x08005e68   0x08005e68   0x00000006   Code   RO         1972    .text.OS_Tick_GetIRQn  RTX_CM4F.lib(os_systick.o)
    0x08005e6e   0x08005e6e   0x00000002   PAD
    0x08005e70   0x08005e70   0x00000040   Code   RO         1964    .text.OS_Tick_Setup  RTX_CM4F.lib(os_systick.o)
    0x08005eb0   0x08005eb0   0x0000002e   Code   RO         1192    .text.SemaphoreTokenIncrement  RTX_CM4F.lib(rtx_semaphore.o)
    0x08005ede   0x08005ede   0x0000006e   Code   RO         1022    .text.ThreadFlagsCheck  RTX_CM4F.lib(rtx_thread.o)
    0x08005f4c   0x08005f4c   0x00000048   Code   RO         1108    .text.TimerInsert   RTX_CM4F.lib(rtx_timer.o)
    0x08005f94   0x08005f94   0x00000028   Code   RO         1116    .text.TimerRemove   RTX_CM4F.lib(rtx_timer.o)
    0x08005fbc   0x08005fbc   0x00000024   Code   RO         1075    .text.osDelay       RTX_CM4F.lib(rtx_delay.o)
    0x08005fe0   0x08005fe0   0x00000030   Code   RO          883    .text.osKernelGetState  RTX_CM4F.lib(rtx_kernel.o)
    0x08006010   0x08006010   0x00000028   Code   RO          899    .text.osKernelGetTickCount  RTX_CM4F.lib(rtx_kernel.o)
    0x08006038   0x08006038   0x00000028   Code   RO          903    .text.osKernelGetTickFreq  RTX_CM4F.lib(rtx_kernel.o)
    0x08006060   0x08006060   0x0000002c   Code   RO          877    .text.osKernelInitialize  RTX_CM4F.lib(rtx_kernel.o)
    0x0800608c   0x0800608c   0x00000024   Code   RO          887    .text.osKernelStart  RTX_CM4F.lib(rtx_kernel.o)
    0x080060b0   0x080060b0   0x0000006c   Code   RO         1898    .text.osMessageQueueGet  RTX_CM4F.lib(rtx_msgqueue.o)
    0x0800611c   0x0800611c   0x00000024   Code   RO         1892    .text.osMessageQueueNew  RTX_CM4F.lib(rtx_msgqueue.o)
    0x08006140   0x08006140   0x00000078   Code   RO         1896    .text.osMessageQueuePut  RTX_CM4F.lib(rtx_msgqueue.o)
    0x080061b8   0x080061b8   0x00000024   Code   RO         1141    .text.osMutexAcquire  RTX_CM4F.lib(rtx_mutex.o)
    0x080061dc   0x080061dc   0x00000024   Code   RO         1147    .text.osMutexDelete  RTX_CM4F.lib(rtx_mutex.o)
    0x08006200   0x08006200   0x00000024   Code   RO         1137    .text.osMutexNew    RTX_CM4F.lib(rtx_mutex.o)
    0x08006224   0x08006224   0x00000024   Code   RO         1143    .text.osMutexRelease  RTX_CM4F.lib(rtx_mutex.o)
    0x08006248   0x08006248   0x00000002   Code   RO          875    .text.osRtxKernelPreInit  RTX_CM4F.lib(rtx_kernel.o)
    0x0800624a   0x0800624a   0x00000070   Code   RO         1826    .text.osRtxMemoryAlloc  RTX_CM4F.lib(rtx_memory.o)
    0x080062ba   0x080062ba   0x00000046   Code   RO         1828    .text.osRtxMemoryFree  RTX_CM4F.lib(rtx_memory.o)
    0x08006300   0x08006300   0x0000003c   Code   RO         1824    .text.osRtxMemoryInit  RTX_CM4F.lib(rtx_memory.o)
    0x0800633c   0x0800633c   0x0000003a   Code   RO         1841    .text.osRtxMemoryPoolAlloc  RTX_CM4F.lib(rtx_mempool.o)
    0x08006376   0x08006376   0x0000004a   Code   RO         1843    .text.osRtxMemoryPoolFree  RTX_CM4F.lib(rtx_mempool.o)
    0x080063c0   0x080063c0   0x00000036   Code   RO         1839    .text.osRtxMemoryPoolInit  RTX_CM4F.lib(rtx_mempool.o)
    0x080063f6   0x080063f6   0x000000ba   Code   RO         1922    .text.osRtxMessageQueuePostProcess  RTX_CM4F.lib(rtx_msgqueue.o)
    0x080064b0   0x080064b0   0x00000048   Code   RO         1133    .text.osRtxMutexOwnerRelease  RTX_CM4F.lib(rtx_mutex.o)
    0x080064f8   0x080064f8   0x00000042   Code   RO         1135    .text.osRtxMutexOwnerRestore  RTX_CM4F.lib(rtx_mutex.o)
    0x0800653a   0x0800653a   0x00000002   PAD
    0x0800653c   0x0800653c   0x0000008c   Code   RO         1951    .text.osRtxPendSV_Handler  RTX_CM4F.lib(rtx_system.o)
    0x080065c8   0x080065c8   0x00000074   Code   RO         1953    .text.osRtxPostProcess  RTX_CM4F.lib(rtx_system.o)
    0x0800663c   0x0800663c   0x00000036   Code   RO         1186    .text.osRtxSemaphorePostProcess  RTX_CM4F.lib(rtx_semaphore.o)
    0x08006672   0x08006672   0x00000002   PAD
    0x08006674   0x08006674   0x00000038   Code   RO          962    .text.osRtxThreadBlock  RTX_CM4F.lib(rtx_thread.o)
    0x080066ac   0x080066ac   0x00000074   Code   RO          970    .text.osRtxThreadDelayInsert  RTX_CM4F.lib(rtx_thread.o)
    0x08006720   0x08006720   0x0000003c   Code   RO          966    .text.osRtxThreadDelayRemove  RTX_CM4F.lib(rtx_thread.o)
    0x0800675c   0x0800675c   0x0000004c   Code   RO          950    .text.osRtxThreadDelayTick  RTX_CM4F.lib(rtx_thread.o)
    0x080067a8   0x080067a8   0x00000058   Code   RO          960    .text.osRtxThreadDispatch  RTX_CM4F.lib(rtx_thread.o)
    0x08006800   0x08006800   0x00000058   Code   RO         1046    .text.osRtxThreadFree  RTX_CM4F.lib(rtx_thread.o)
    0x08006858   0x08006858   0x00000012   Code   RO          942    .text.osRtxThreadListGet  RTX_CM4F.lib(rtx_thread.o)
    0x0800686a   0x0800686a   0x0000002c   Code   RO          940    .text.osRtxThreadListPut  RTX_CM4F.lib(rtx_thread.o)
    0x08006896   0x08006896   0x00000014   Code   RO          946    .text.osRtxThreadListRemove  RTX_CM4F.lib(rtx_thread.o)
    0x080068aa   0x080068aa   0x0000000c   Code   RO          952    .text.osRtxThreadListRoot  RTX_CM4F.lib(rtx_thread.o)
    0x080068b6   0x080068b6   0x00000026   Code   RO          944    .text.osRtxThreadListSort  RTX_CM4F.lib(rtx_thread.o)
    0x080068dc   0x080068dc   0x00000028   Code   RO         1020    .text.osRtxThreadPostProcess  RTX_CM4F.lib(rtx_thread.o)
    0x08006904   0x08006904   0x00000014   Code   RO          948    .text.osRtxThreadReadyPut  RTX_CM4F.lib(rtx_thread.o)
    0x08006918   0x08006918   0x00000014   Code   RO          954    .text.osRtxThreadRegPtr  RTX_CM4F.lib(rtx_thread.o)
    0x0800692c   0x0800692c   0x00000028   Code   RO          958    .text.osRtxThreadStackCheck  RTX_CM4F.lib(rtx_thread.o)
    0x08006954   0x08006954   0x00000040   Code   RO          972    .text.osRtxThreadStartup  RTX_CM4F.lib(rtx_thread.o)
    0x08006994   0x08006994   0x00000010   Code   RO          956    .text.osRtxThreadSwitch  RTX_CM4F.lib(rtx_thread.o)
    0x080069a4   0x080069a4   0x00000038   Code   RO          968    .text.osRtxThreadWaitEnter  RTX_CM4F.lib(rtx_thread.o)
    0x080069dc   0x080069dc   0x00000032   Code   RO          964    .text.osRtxThreadWaitExit  RTX_CM4F.lib(rtx_thread.o)
    0x08006a0e   0x08006a0e   0x00000002   PAD
    0x08006a10   0x08006a10   0x00000070   Code   RO         1949    .text.osRtxTick_Handler  RTX_CM4F.lib(rtx_system.o)
    0x08006a80   0x08006a80   0x0000003c   Code   RO         1092    .text.osRtxTimerThread  RTX_CM4F.lib(rtx_timer.o)
    0x08006abc   0x08006abc   0x00000054   Code   RO         1094    .text.osRtxTimerTick  RTX_CM4F.lib(rtx_timer.o)
    0x08006b10   0x08006b10   0x00000054   Code   RO         1174    .text.osSemaphoreAcquire  RTX_CM4F.lib(rtx_semaphore.o)
    0x08006b64   0x08006b64   0x00000024   Code   RO         1182    .text.osSemaphoreDelete  RTX_CM4F.lib(rtx_semaphore.o)
    0x08006b88   0x08006b88   0x00000024   Code   RO         1170    .text.osSemaphoreNew  RTX_CM4F.lib(rtx_semaphore.o)
    0x08006bac   0x08006bac   0x0000004c   Code   RO         1176    .text.osSemaphoreRelease  RTX_CM4F.lib(rtx_semaphore.o)
    0x08006bf8   0x08006bf8   0x0000000c   Code   RO         1004    .text.osThreadExit  RTX_CM4F.lib(rtx_thread.o)
    0x08006c04   0x08006c04   0x00000024   Code   RO         1014    .text.osThreadFlagsClear  RTX_CM4F.lib(rtx_thread.o)
    0x08006c28   0x08006c28   0x00000058   Code   RO         1012    .text.osThreadFlagsSet  RTX_CM4F.lib(rtx_thread.o)
    0x08006c80   0x08006c80   0x00000024   Code   RO         1018    .text.osThreadFlagsWait  RTX_CM4F.lib(rtx_thread.o)
    0x08006ca4   0x08006ca4   0x00000028   Code   RO          980    .text.osThreadGetId  RTX_CM4F.lib(rtx_thread.o)
    0x08006ccc   0x08006ccc   0x00000024   Code   RO          976    .text.osThreadNew   RTX_CM4F.lib(rtx_thread.o)
    0x08006cf0   0x08006cf0   0x00000024   Code   RO         1006    .text.osThreadTerminate  RTX_CM4F.lib(rtx_thread.o)
    0x08006d14   0x08006d14   0x00000024   Code   RO          994    .text.osThreadYield  RTX_CM4F.lib(rtx_thread.o)
    0x08006d38   0x08006d38   0x00000024   Code   RO         1106    .text.osTimerDelete  RTX_CM4F.lib(rtx_timer.o)
    0x08006d5c   0x08006d5c   0x00000024   Code   RO         1096    .text.osTimerNew    RTX_CM4F.lib(rtx_timer.o)
    0x08006d80   0x08006d80   0x00000024   Code   RO         1100    .text.osTimerStart  RTX_CM4F.lib(rtx_timer.o)
    0x08006da4   0x08006da4   0x00000014   Code   RO         1079    .text.svcRtxDelay   RTX_CM4F.lib(rtx_delay.o)
    0x08006db8   0x08006db8   0x0000000c   Code   RO          885    .text.svcRtxKernelGetState  RTX_CM4F.lib(rtx_kernel.o)
    0x08006dc4   0x08006dc4   0x0000000c   Code   RO          901    .text.svcRtxKernelGetTickCount  RTX_CM4F.lib(rtx_kernel.o)
    0x08006dd0   0x08006dd0   0x0000000c   Code   RO          905    .text.svcRtxKernelGetTickFreq  RTX_CM4F.lib(rtx_kernel.o)
    0x08006ddc   0x08006ddc   0x00000150   Code   RO          915    .text.svcRtxKernelInitialize  RTX_CM4F.lib(rtx_kernel.o)
    0x08006f2c   0x08006f2c   0x00000088   Code   RO          917    .text.svcRtxKernelStart  RTX_CM4F.lib(rtx_kernel.o)
    0x08006fb4   0x08006fb4   0x000000e0   Code   RO         1934    .text.svcRtxMessageQueueGet  RTX_CM4F.lib(rtx_msgqueue.o)
    0x08007094   0x08007094   0x00000130   Code   RO         1920    .text.svcRtxMessageQueueNew  RTX_CM4F.lib(rtx_msgqueue.o)
    0x080071c4   0x080071c4   0x000000c0   Code   RO         1930    .text.svcRtxMessageQueuePut  RTX_CM4F.lib(rtx_msgqueue.o)
    0x08007284   0x08007284   0x00000094   Code   RO         1153    .text.svcRtxMutexAcquire  RTX_CM4F.lib(rtx_mutex.o)
    0x08007318   0x08007318   0x000000b0   Code   RO         1159    .text.svcRtxMutexDelete  RTX_CM4F.lib(rtx_mutex.o)
    0x080073c8   0x080073c8   0x00000068   Code   RO         1149    .text.svcRtxMutexNew  RTX_CM4F.lib(rtx_mutex.o)
    0x08007430   0x08007430   0x000000b4   Code   RO         1155    .text.svcRtxMutexRelease  RTX_CM4F.lib(rtx_mutex.o)
    0x080074e4   0x080074e4   0x00000058   Code   RO         1190    .text.svcRtxSemaphoreAcquire  RTX_CM4F.lib(rtx_semaphore.o)
    0x0800753c   0x0800753c   0x00000060   Code   RO         1196    .text.svcRtxSemaphoreDelete  RTX_CM4F.lib(rtx_semaphore.o)
    0x0800759c   0x0800759c   0x00000080   Code   RO         1184    .text.svcRtxSemaphoreNew  RTX_CM4F.lib(rtx_semaphore.o)
    0x0800761c   0x0800761c   0x00000036   Code   RO         1194    .text.svcRtxSemaphoreRelease  RTX_CM4F.lib(rtx_semaphore.o)
    0x08007652   0x08007652   0x00000002   PAD
    0x08007654   0x08007654   0x00000068   Code   RO         1050    .text.svcRtxThreadExit  RTX_CM4F.lib(rtx_thread.o)
    0x080076bc   0x080076bc   0x00000034   Code   RO         1060    .text.svcRtxThreadFlagsClear  RTX_CM4F.lib(rtx_thread.o)
    0x080076f0   0x080076f0   0x00000066   Code   RO         1058    .text.svcRtxThreadFlagsSet  RTX_CM4F.lib(rtx_thread.o)
    0x08007756   0x08007756   0x00000002   PAD
    0x08007758   0x08007758   0x0000004c   Code   RO         1064    .text.svcRtxThreadFlagsWait  RTX_CM4F.lib(rtx_thread.o)
    0x080077a4   0x080077a4   0x0000000c   Code   RO          982    .text.svcRtxThreadGetId  RTX_CM4F.lib(rtx_thread.o)
    0x080077b0   0x080077b0   0x000001d0   Code   RO          974    .text.svcRtxThreadNew  RTX_CM4F.lib(rtx_thread.o)
    0x08007980   0x08007980   0x000000bc   Code   RO         1052    .text.svcRtxThreadTerminate  RTX_CM4F.lib(rtx_thread.o)
    0x08007a3c   0x08007a3c   0x00000038   Code   RO         1036    .text.svcRtxThreadYield  RTX_CM4F.lib(rtx_thread.o)
    0x08007a74   0x08007a74   0x0000004c   Code   RO         1122    .text.svcRtxTimerDelete  RTX_CM4F.lib(rtx_timer.o)
    0x08007ac0   0x08007ac0   0x00000078   Code   RO         1110    .text.svcRtxTimerNew  RTX_CM4F.lib(rtx_timer.o)
    0x08007b38   0x08007b38   0x0000004c   Code   RO         1114    .text.svcRtxTimerStart  RTX_CM4F.lib(rtx_timer.o)
    0x08007b84   0x08007b84   0x0000000e   Code   RO         2174    i._is_digit         c_w.l(__printf_wp.o)
    0x08007b92   0x08007b92   0x00000002   PAD
    0x08007b94   0x08007b94   0x00000034   Code   RO         1565    i.add_server_id     Net4_CM3_L.lib(net_http_server.o)
    0x08007bc8   0x08007bc8   0x0000007a   Code   RO         1267    i.arp_cache_alloc   Net4_CM3_L.lib(net_arp.o)
    0x08007c42   0x08007c42   0x00000002   PAD
    0x08007c44   0x08007c44   0x000000f4   Code   RO         1268    i.arp_cache_run     Net4_CM3_L.lib(net_arp.o)
    0x08007d38   0x08007d38   0x00000038   Code   RO         1269    i.arp_is_cacheable  Net4_CM3_L.lib(net_arp.o)
    0x08007d70   0x08007d70   0x00000048   Code   RO         1270    i.arp_probe_run     Net4_CM3_L.lib(net_arp.o)
    0x08007db8   0x08007db8   0x000000b0   Code   RO         1272    i.arp_proc_response  Net4_CM3_L.lib(net_arp.o)
    0x08007e68   0x08007e68   0x0000001a   Code   RO         1273    i.arp_que_free      Net4_CM3_L.lib(net_arp.o)
    0x08007e82   0x08007e82   0x00000080   Code   RO         1274    i.arp_send_reply    Net4_CM3_L.lib(net_arp.o)
    0x08007f02   0x08007f02   0x00000002   PAD
    0x08007f04   0x08007f04   0x000000a8   Code   RO         1275    i.arp_send_request  Net4_CM3_L.lib(net_arp.o)
    0x08007fac   0x08007fac   0x00000068   Code   RO         1276    i.arp_sender_valid  Net4_CM3_L.lib(net_arp.o)
    0x08008014   0x08008014   0x00000170   Code   RO         1566    i.chk_post_req      Net4_CM3_L.lib(net_http_server.o)
    0x08008184   0x08008184   0x00000028   Code   RO         2072    i.crc32_8bit        Net4_CM3_L.lib(net_common.o)
    0x080081ac   0x080081ac   0x0000009a   Code   RO         1211    i.eth_check_link    Net4_CM3_L.lib(net_eth.o)
    0x08008246   0x08008246   0x00000002   PAD
    0x08008248   0x08008248   0x00000020   Code   RO         1212    i.eth_if_map        Net4_CM3_L.lib(net_eth.o)
    0x08008268   0x08008268   0x000001e8   Code   RO         1213    i.eth_iface_init    Net4_CM3_L.lib(net_eth.o)
    0x08008450   0x08008450   0x000001d8   Code   RO         1214    i.eth_iface_run     Net4_CM3_L.lib(net_eth.o)
    0x08008628   0x08008628   0x00000008   Code   RO         1216    i.eth_lock          Net4_CM3_L.lib(net_eth.o)
    0x08008630   0x08008630   0x0000001c   Code   RO         1217    i.eth_mtu_limit     Net4_CM3_L.lib(net_eth.o)
    0x0800864c   0x0800864c   0x0000002c   Code   RO         1218    i.eth_opt_len       Net4_CM3_L.lib(net_eth.o)
    0x08008678   0x08008678   0x00000088   Code   RO         1219    i.eth_receive       Net4_CM3_L.lib(net_eth.o)
    0x08008700   0x08008700   0x00000008   Code   RO         1220    i.eth_unlock        Net4_CM3_L.lib(net_eth.o)
    0x08008708   0x08008708   0x0000001a   Code   RO         2303    i.fputc             c_w.l(fputc.o)
    0x08008722   0x08008722   0x00000002   PAD
    0x08008724   0x08008724   0x0000007c   Code   RO         1349    i.frag_map_session  Net4_CM3_L.lib(net_ip4_frag.o)
    0x080087a0   0x080087a0   0x00000028   Code   RO         1567    i.get_next_field    Net4_CM3_L.lib(net_http_server.o)
    0x080087c8   0x080087c8   0x00000032   Code   RO         1568    i.get_next_par      Net4_CM3_L.lib(net_http_server.o)
    0x080087fa   0x080087fa   0x00000022   Code   RO         1569    i.hex2byte          Net4_CM3_L.lib(net_http_server.o)
    0x0800881c   0x0800881c   0x0000034c   Code   RO         1570    i.http_add_header   Net4_CM3_L.lib(net_http_server.o)
    0x08008b68   0x08008b68   0x000001a8   Code   RO         1571    i.http_error_msg    Net4_CM3_L.lib(net_http_server.o)
    0x08008d10   0x08008d10   0x00000078   Code   RO         1572    i.http_get_ftype    Net4_CM3_L.lib(net_http_server.o)
    0x08008d88   0x08008d88   0x0000005e   Code   RO         1573    i.http_kill_session  Net4_CM3_L.lib(net_http_server.o)
    0x08008de6   0x08008de6   0x00000002   PAD
    0x08008de8   0x08008de8   0x00000210   Code   RO         1574    i.http_listener     Net4_CM3_L.lib(net_http_server.o)
    0x08008ff8   0x08008ff8   0x00000118   Code   RO         1575    i.http_open_file    Net4_CM3_L.lib(net_http_server.o)
    0x08009110   0x08009110   0x00000108   Code   RO         1576    i.http_parse_header  Net4_CM3_L.lib(net_http_server.o)
    0x08009218   0x08009218   0x00000164   Code   RO         1577    i.http_proc_multipart  Net4_CM3_L.lib(net_http_server.o)
    0x0800937c   0x0800937c   0x000000f4   Code   RO         1578    i.http_proc_post    Net4_CM3_L.lib(net_http_server.o)
    0x08009470   0x08009470   0x000003c0   Code   RO         1579    i.http_server_run   Net4_CM3_L.lib(net_http_server.o)
    0x08009830   0x08009830   0x00000050   Code   RO         1580    i.http_server_start  Net4_CM3_L.lib(net_http_server.o)
    0x08009880   0x08009880   0x00000020   Code   RO         1581    i.http_strcpy       Net4_CM3_L.lib(net_http_server.o)
    0x080098a0   0x080098a0   0x000000a4   Code   RO         1582    i.http_to_utc       Net4_CM3_L.lib(net_http_server.o)
    0x08009944   0x08009944   0x0000000c   Code   RO         1991    i.ip4_get_chksum    Net4_CM3_L.lib(net_ip4.o)
    0x08009950   0x08009950   0x00000028   Code   RO         1992    i.ip4_get_mtu       Net4_CM3_L.lib(net_ip4.o)
    0x08009978   0x08009978   0x00000034   Code   RO         1780    i.ip4_ntoa          Net4_CM3_L.lib(net_addr.o)
    0x080099ac   0x080099ac   0x0000000c   Code   RO         2049    i.mem_lock          Net4_CM3_L.lib(net_mem.o)
    0x080099b8   0x080099b8   0x0000000c   Code   RO         2050    i.mem_unlock        Net4_CM3_L.lib(net_mem.o)
    0x080099c4   0x080099c4   0x00000128   Code   RO         1551    i.nbns_listener     Net4_CM3_L.lib(net_nbns_client.o)
    0x08009aec   0x08009aec   0x00000004   Code   RO         1583    i.netCGI_Charset    Net4_CM3_L.lib(net_http_server.o)
    0x08009af0   0x08009af0   0x00000004   Code   RO         1584    i.netCGI_ContentType  Net4_CM3_L.lib(net_http_server.o)
    0x08009af4   0x08009af4   0x00000004   Code   RO         1585    i.netCGI_CustomHeader  Net4_CM3_L.lib(net_http_server.o)
    0x08009af8   0x08009af8   0x0000006c   Code   RO         1586    i.netCGI_GetEnvVar  Net4_CM3_L.lib(net_http_server.o)
    0x08009b64   0x08009b64   0x00000004   Code   RO         1589    i.netCGI_Redirect   Net4_CM3_L.lib(net_http_server.o)
    0x08009b68   0x08009b68   0x00000004   Code   RO         1591    i.netCGX_ContentType  Net4_CM3_L.lib(net_http_server.o)
    0x08009b6c   0x08009b6c   0x00000064   Code   RO         1731    i.netCore_Thread    Net4_CM3_L.lib(net_sys.o)
    0x08009bd0   0x08009bd0   0x00000002   Code   RO         1221    i.netETH_Notify     Net4_CM3_L.lib(net_eth.o)
    0x08009bd2   0x08009bd2   0x00000002   Code   RO         1222    i.netETH_ReceiveRaw  Net4_CM3_L.lib(net_eth.o)
    0x08009bd4   0x08009bd4   0x0000004a   Code   RO         1224    i.netETH_Thread     Net4_CM3_L.lib(net_eth.o)
    0x08009c1e   0x08009c1e   0x00000004   Code   RO         1592    i.netHTTPs_AcceptClient  Net4_CM3_L.lib(net_http_server.o)
    0x08009c22   0x08009c22   0x00000004   Code   RO         1594    i.netHTTPs_FileAccess  Net4_CM3_L.lib(net_http_server.o)
    0x08009c26   0x08009c26   0x00000002   PAD
    0x08009c28   0x08009c28   0x00000020   Code   RO         1597    i.netHTTPs_GetLanguage  Net4_CM3_L.lib(net_http_server.o)
    0x08009c48   0x08009c48   0x0000000c   Code   RO         1598    i.netHTTPs_GetPassword  Net4_CM3_L.lib(net_http_server.o)
    0x08009c54   0x08009c54   0x0000000c   Code   RO         1604    i.netHTTPs_LoginActive  Net4_CM3_L.lib(net_http_server.o)
    0x08009c60   0x08009c60   0x00000044   Code   RO         1607    i.netHTTPs_SetPassword  Net4_CM3_L.lib(net_http_server.o)
    0x08009ca4   0x08009ca4   0x0000007c   Code   RO         1732    i.netIF_GetOption   Net4_CM3_L.lib(net_sys.o)
    0x08009d20   0x08009d20   0x00000078   Code   RO         1734    i.netIF_SetOption   Net4_CM3_L.lib(net_sys.o)
    0x08009d98   0x08009d98   0x00000010   Code   RO         1782    i.netIP_aton        Net4_CM3_L.lib(net_addr.o)
    0x08009da8   0x08009da8   0x0000001e   Code   RO         1783    i.netIP_ntoa        Net4_CM3_L.lib(net_addr.o)
    0x08009dc6   0x08009dc6   0x00000002   PAD
    0x08009dc8   0x08009dc8   0x00000074   Code   RO         1735    i.netInitialize     Net4_CM3_L.lib(net_sys.o)
    0x08009e3c   0x08009e3c   0x0000007c   Code   RO         1784    i.netMAC_aton       Net4_CM3_L.lib(net_addr.o)
    0x08009eb8   0x08009eb8   0x0000001c   Code   RO         1686    i.netSNTPc_GetTime  Net4_CM3_L.lib(net_sntp_client_core.o)
    0x08009ed4   0x08009ed4   0x00000004   Code   RO         1432    i.netTCP_GetLocalPort  Net4_CM3_L.lib(net_tcp.o)
    0x08009ed8   0x08009ed8   0x00000020   Code   RO         1434    i.netTCP_GetPeer    Net4_CM3_L.lib(net_tcp.o)
    0x08009ef8   0x08009ef8   0x00000004   Code   RO         1436    i.netTCP_GetState   Net4_CM3_L.lib(net_tcp.o)
    0x08009efc   0x08009efc   0x00000004   Code   RO         1437    i.netTCP_GetTimer   Net4_CM3_L.lib(net_tcp.o)
    0x08009f00   0x08009f00   0x00000068   Code   RO         1786    i.net_addr4_aton    Net4_CM3_L.lib(net_addr.o)
    0x08009f68   0x08009f68   0x0000001e   Code   RO         1788    i.net_addr4_to_mac  Net4_CM3_L.lib(net_addr.o)
    0x08009f86   0x08009f86   0x0000001e   Code   RO         1789    i.net_addr_comp     Net4_CM3_L.lib(net_addr.o)
    0x08009fa4   0x08009fa4   0x00000014   Code   RO         1790    i.net_addr_copy     Net4_CM3_L.lib(net_addr.o)
    0x08009fb8   0x08009fb8   0x0000000e   Code   RO         1791    i.net_addr_find_route  Net4_CM3_L.lib(net_addr.o)
    0x08009fc6   0x08009fc6   0x00000002   PAD
    0x08009fc8   0x08009fc8   0x00000014   Code   RO         1793    i.net_addr_get_local  Net4_CM3_L.lib(net_addr.o)
    0x08009fdc   0x08009fdc   0x00000014   Code   RO         1794    i.net_addr_is_unspec  Net4_CM3_L.lib(net_addr.o)
    0x08009ff0   0x08009ff0   0x000000a0   Code   RO         1283    i.net_arp_cache_add  Net4_CM3_L.lib(net_arp.o)
    0x0800a090   0x0800a090   0x00000086   Code   RO         1284    i.net_arp_cache_early  Net4_CM3_L.lib(net_arp.o)
    0x0800a116   0x0800a116   0x00000002   PAD
    0x0800a118   0x0800a118   0x00000080   Code   RO         1285    i.net_arp_cache_find  Net4_CM3_L.lib(net_arp.o)
    0x0800a198   0x0800a198   0x00000038   Code   RO         1286    i.net_arp_cache_init  Net4_CM3_L.lib(net_arp.o)
    0x0800a1d0   0x0800a1d0   0x0000001c   Code   RO         1287    i.net_arp_cache_run  Net4_CM3_L.lib(net_arp.o)
    0x0800a1ec   0x0800a1ec   0x00000066   Code   RO         1289    i.net_arp_enqueue   Net4_CM3_L.lib(net_arp.o)
    0x0800a252   0x0800a252   0x00000020   Code   RO         1291    i.net_arp_notify    Net4_CM3_L.lib(net_arp.o)
    0x0800a272   0x0800a272   0x00000162   Code   RO         1293    i.net_arp_process   Net4_CM3_L.lib(net_arp.o)
    0x0800a3d4   0x0800a3d4   0x00000030   Code   RO         2074    i.net_chksum_buf    Net4_CM3_L.lib(net_common.o)
    0x0800a404   0x0800a404   0x0000001e   Code   RO         2075    i.net_crc_buf       Net4_CM3_L.lib(net_common.o)
    0x0800a422   0x0800a422   0x0000000e   Code   RO         1225    i.net_eth_callback  Net4_CM3_L.lib(net_eth.o)
    0x0800a430   0x0800a430   0x00000052   Code   RO         1226    i.net_eth_config_mcast  Net4_CM3_L.lib(net_eth.o)
    0x0800a482   0x0800a482   0x00000082   Code   RO         1228    i.net_eth_get_option  Net4_CM3_L.lib(net_eth.o)
    0x0800a504   0x0800a504   0x0000001c   Code   RO         1229    i.net_eth_iface_init  Net4_CM3_L.lib(net_eth.o)
    0x0800a520   0x0800a520   0x0000001c   Code   RO         1230    i.net_eth_iface_run  Net4_CM3_L.lib(net_eth.o)
    0x0800a53c   0x0800a53c   0x00000098   Code   RO         1232    i.net_eth_output    Net4_CM3_L.lib(net_eth.o)
    0x0800a5d4   0x0800a5d4   0x000000c4   Code   RO         1233    i.net_eth_send_frame  Net4_CM3_L.lib(net_eth.o)
    0x0800a698   0x0800a698   0x0000010e   Code   RO         1234    i.net_eth_set_option  Net4_CM3_L.lib(net_eth.o)
    0x0800a7a6   0x0800a7a6   0x00000002   PAD
    0x0800a7a8   0x0800a7a8   0x000000a8   Code   RO         1613    i.net_http_server_init  Net4_CM3_L.lib(net_http_server.o)
    0x0800a850   0x0800a850   0x00000028   Code   RO         1614    i.net_http_server_run  Net4_CM3_L.lib(net_http_server.o)
    0x0800a878   0x0800a878   0x00000104   Code   RO         2031    i.net_icmp_process  Net4_CM3_L.lib(net_icmp.o)
    0x0800a97c   0x0800a97c   0x00000080   Code   RO         2032    i.net_icmp_send_echo  Net4_CM3_L.lib(net_icmp.o)
    0x0800a9fc   0x0800a9fc   0x0000000c   Code   RO         1739    i.net_if_map_all    Net4_CM3_L.lib(net_sys.o)
    0x0800aa08   0x0800aa08   0x00000108   Code   RO         1993    i.net_ip4_chk_frame  Net4_CM3_L.lib(net_ip4.o)
    0x0800ab10   0x0800ab10   0x0000002c   Code   RO         1994    i.net_ip4_chksum    Net4_CM3_L.lib(net_ip4.o)
    0x0800ab3c   0x0800ab3c   0x00000006   Code   RO         1995    i.net_ip4_chksum_buf  Net4_CM3_L.lib(net_ip4.o)
    0x0800ab42   0x0800ab42   0x00000002   PAD
    0x0800ab44   0x0800ab44   0x00000080   Code   RO         1997    i.net_ip4_find_route  Net4_CM3_L.lib(net_ip4.o)
    0x0800abc4   0x0800abc4   0x00000124   Code   RO         1350    i.net_ip4_frag_add  Net4_CM3_L.lib(net_ip4_frag.o)
    0x0800ace8   0x0800ace8   0x000000ac   Code   RO         1351    i.net_ip4_frag_get  Net4_CM3_L.lib(net_ip4_frag.o)
    0x0800ad94   0x0800ad94   0x00000010   Code   RO         1352    i.net_ip4_frag_init  Net4_CM3_L.lib(net_ip4_frag.o)
    0x0800ada4   0x0800ada4   0x0000003c   Code   RO         1353    i.net_ip4_frag_run  Net4_CM3_L.lib(net_ip4_frag.o)
    0x0800ade0   0x0800ade0   0x0000002c   Code   RO         1998    i.net_ip4_get_local  Net4_CM3_L.lib(net_ip4.o)
    0x0800ae0c   0x0800ae0c   0x00000018   Code   RO         1999    i.net_ip4_init      Net4_CM3_L.lib(net_ip4.o)
    0x0800ae24   0x0800ae24   0x00000020   Code   RO         2000    i.net_ip4_is_onlink  Net4_CM3_L.lib(net_ip4.o)
    0x0800ae44   0x0800ae44   0x00000026   Code   RO         2001    i.net_ip4_is_subcast  Net4_CM3_L.lib(net_ip4.o)
    0x0800ae6a   0x0800ae6a   0x0000000e   Code   RO         2002    i.net_ip4_reass_frame  Net4_CM3_L.lib(net_ip4.o)
    0x0800ae78   0x0800ae78   0x00000124   Code   RO         2003    i.net_ip4_send_frame  Net4_CM3_L.lib(net_ip4.o)
    0x0800af9c   0x0800af9c   0x0000002a   Code   RO         2005    i.net_ip4_tx_offl_hl  Net4_CM3_L.lib(net_ip4.o)
    0x0800afc6   0x0800afc6   0x00000002   PAD
    0x0800afc8   0x0800afc8   0x00000010   Code   RO         1332    i.net_loop_iface_init  Net4_CM3_L.lib(net_loopback.o)
    0x0800afd8   0x0800afd8   0x00000078   Code   RO         1333    i.net_loop_iface_run  Net4_CM3_L.lib(net_loopback.o)
    0x0800b050   0x0800b050   0x00000058   Code   RO         1335    i.net_loop_send_frame  Net4_CM3_L.lib(net_loopback.o)
    0x0800b0a8   0x0800b0a8   0x0000008c   Code   RO         2051    i.net_mem_alloc     Net4_CM3_L.lib(net_mem.o)
    0x0800b134   0x0800b134   0x0000001c   Code   RO         2052    i.net_mem_avail     Net4_CM3_L.lib(net_mem.o)
    0x0800b150   0x0800b150   0x0000006c   Code   RO         2053    i.net_mem_free      Net4_CM3_L.lib(net_mem.o)
    0x0800b1bc   0x0800b1bc   0x0000005c   Code   RO         2054    i.net_mem_init      Net4_CM3_L.lib(net_mem.o)
    0x0800b218   0x0800b218   0x00000038   Code   RO         2055    i.net_mem_shrink    Net4_CM3_L.lib(net_mem.o)
    0x0800b250   0x0800b250   0x00000030   Code   RO         1552    i.net_nbns_client_init  Net4_CM3_L.lib(net_nbns_client.o)
    0x0800b280   0x0800b280   0x00000038   Code   RO         1741    i.net_path          Net4_CM3_L.lib(net_sys.o)
    0x0800b2b8   0x0800b2b8   0x00000010   Code   RO         1712    i.net_ping_client_init  Net4_CM3_L.lib(net_ping_core.o)
    0x0800b2c8   0x0800b2c8   0x00000040   Code   RO         1713    i.net_ping_client_run  Net4_CM3_L.lib(net_ping_core.o)
    0x0800b308   0x0800b308   0x0000001c   Code   RO         1742    i.net_rand32        Net4_CM3_L.lib(net_sys.o)
    0x0800b324   0x0800b324   0x00000044   Code   RO         1688    i.net_sntp_client_init  Net4_CM3_L.lib(net_sntp_client_core.o)
    0x0800b368   0x0800b368   0x00000048   Code   RO         1689    i.net_sntp_client_run  Net4_CM3_L.lib(net_sntp_client_core.o)
    0x0800b3b0   0x0800b3b0   0x000000ec   Code   RO         1690    i.net_sntp_client_start  Net4_CM3_L.lib(net_sntp_client_core.o)
    0x0800b49c   0x0800b49c   0x0000002e   Code   RO         2076    i.net_strcasecmp    Net4_CM3_L.lib(net_common.o)
    0x0800b4ca   0x0800b4ca   0x0000001a   Code   RO         2078    i.net_strcmp        Net4_CM3_L.lib(net_common.o)
    0x0800b4e4   0x0800b4e4   0x00000012   Code   RO         2079    i.net_strcpy        Net4_CM3_L.lib(net_common.o)
    0x0800b4f6   0x0800b4f6   0x0000001c   Code   RO         2081    i.net_strnchr       Net4_CM3_L.lib(net_common.o)
    0x0800b512   0x0800b512   0x0000001a   Code   RO         2082    i.net_strncpy       Net4_CM3_L.lib(net_common.o)
    0x0800b52c   0x0800b52c   0x00000020   Code   RO         2083    i.net_strtoupper    Net4_CM3_L.lib(net_common.o)
    0x0800b54c   0x0800b54c   0x0000000c   Code   RO         1743    i.net_sys_lock      Net4_CM3_L.lib(net_sys.o)
    0x0800b558   0x0800b558   0x00000016   Code   RO         1744    i.net_sys_resume    Net4_CM3_L.lib(net_sys.o)
    0x0800b56e   0x0800b56e   0x00000002   PAD
    0x0800b570   0x0800b570   0x00000014   Code   RO         1746    i.net_sys_tick      Net4_CM3_L.lib(net_sys.o)
    0x0800b584   0x0800b584   0x0000000c   Code   RO         1747    i.net_sys_unlock    Net4_CM3_L.lib(net_sys.o)
    0x0800b590   0x0800b590   0x00000020   Code   RO         1749    i.net_sys_wakeup    Net4_CM3_L.lib(net_sys.o)
    0x0800b5b0   0x0800b5b0   0x00000058   Code   RO         1444    i.net_tcp_abort     Net4_CM3_L.lib(net_tcp.o)
    0x0800b608   0x0800b608   0x000000a0   Code   RO         1447    i.net_tcp_close     Net4_CM3_L.lib(net_tcp.o)
    0x0800b6a8   0x0800b6a8   0x0000001e   Code   RO         1450    i.net_tcp_get_buf   Net4_CM3_L.lib(net_tcp.o)
    0x0800b6c6   0x0800b6c6   0x00000002   PAD
    0x0800b6c8   0x0800b6c8   0x00000030   Code   RO         1452    i.net_tcp_get_local_port  Net4_CM3_L.lib(net_tcp.o)
    0x0800b6f8   0x0800b6f8   0x00000024   Code   RO         1453    i.net_tcp_get_mss   Net4_CM3_L.lib(net_tcp.o)
    0x0800b71c   0x0800b71c   0x00000048   Code   RO         1455    i.net_tcp_get_peer  Net4_CM3_L.lib(net_tcp.o)
    0x0800b764   0x0800b764   0x00000044   Code   RO         1457    i.net_tcp_get_socket  Net4_CM3_L.lib(net_tcp.o)
    0x0800b7a8   0x0800b7a8   0x00000028   Code   RO         1458    i.net_tcp_get_state  Net4_CM3_L.lib(net_tcp.o)
    0x0800b7d0   0x0800b7d0   0x00000030   Code   RO         1459    i.net_tcp_get_timer  Net4_CM3_L.lib(net_tcp.o)
    0x0800b800   0x0800b800   0x00000070   Code   RO         1460    i.net_tcp_listen    Net4_CM3_L.lib(net_tcp.o)
    0x0800b870   0x0800b870   0x000004ce   Code   RO         1462    i.net_tcp_process   Net4_CM3_L.lib(net_tcp.o)
    0x0800bd3e   0x0800bd3e   0x00000002   PAD
    0x0800bd40   0x0800bd40   0x000000e0   Code   RO         1466    i.net_tcp_send      Net4_CM3_L.lib(net_tcp.o)
    0x0800be20   0x0800be20   0x00000094   Code   RO         1468    i.net_tcp_set_option  Net4_CM3_L.lib(net_tcp.o)
    0x0800beb4   0x0800beb4   0x00000014   Code   RO         1469    i.net_tcp_socket_init  Net4_CM3_L.lib(net_tcp.o)
    0x0800bec8   0x0800bec8   0x000002c4   Code   RO         1470    i.net_tcp_socket_run  Net4_CM3_L.lib(net_tcp.o)
    0x0800c18c   0x0800c18c   0x00000028   Code   RO         1378    i.net_udp_close     Net4_CM3_L.lib(net_udp.o)
    0x0800c1b4   0x0800c1b4   0x0000001e   Code   RO         1381    i.net_udp_get_buf   Net4_CM3_L.lib(net_udp.o)
    0x0800c1d2   0x0800c1d2   0x00000002   PAD
    0x0800c1d4   0x0800c1d4   0x00000048   Code   RO         1384    i.net_udp_get_socket  Net4_CM3_L.lib(net_udp.o)
    0x0800c21c   0x0800c21c   0x0000006c   Code   RO         1386    i.net_udp_open      Net4_CM3_L.lib(net_udp.o)
    0x0800c288   0x0800c288   0x000000d4   Code   RO         1387    i.net_udp_process   Net4_CM3_L.lib(net_udp.o)
    0x0800c35c   0x0800c35c   0x00000012   Code   RO         1389    i.net_udp_send      Net4_CM3_L.lib(net_udp.o)
    0x0800c36e   0x0800c36e   0x00000002   PAD
    0x0800c370   0x0800c370   0x00000168   Code   RO         1390    i.net_udp_send_if   Net4_CM3_L.lib(net_udp.o)
    0x0800c4d8   0x0800c4d8   0x00000010   Code   RO         1392    i.net_udp_socket_init  Net4_CM3_L.lib(net_udp.o)
    0x0800c4e8   0x0800c4e8   0x00000014   Code   RO         1716    i.ping_send_req     Net4_CM3_L.lib(net_ping_core.o)
    0x0800c4fc   0x0800c4fc   0x00000058   Code   RO         1617    i.proc_req_line     Net4_CM3_L.lib(net_http_server.o)
    0x0800c554   0x0800c554   0x0000001a   Code   RO         1355    i.que_free_list     Net4_CM3_L.lib(net_ip4_frag.o)
    0x0800c56e   0x0800c56e   0x000000a0   Code   RO         1618    i.read_script_line  Net4_CM3_L.lib(net_http_server.o)
    0x0800c60e   0x0800c60e   0x00000048   Code   RO         1619    i.search_delim      Net4_CM3_L.lib(net_http_server.o)
    0x0800c656   0x0800c656   0x00000002   PAD
    0x0800c658   0x0800c658   0x00000090   Code   RO         1692    i.sntp_listener     Net4_CM3_L.lib(net_sntp_client_core.o)
    0x0800c6e8   0x0800c6e8   0x0000002c   Code   RO         1693    i.sntp_send_message  Net4_CM3_L.lib(net_sntp_client_core.o)
    0x0800c714   0x0800c714   0x00000018   Code   RO         1694    i.sntp_stop         Net4_CM3_L.lib(net_sntp_client_core.o)
    0x0800c72c   0x0800c72c   0x00000018   Code   RO         1750    i.sys_map_if        Net4_CM3_L.lib(net_sys.o)
    0x0800c744   0x0800c744   0x0000004c   Code   RO         1751    i.sys_proc_tick     Net4_CM3_L.lib(net_sys.o)
    0x0800c790   0x0800c790   0x000000a8   Code   RO         1472    i.tcp_map_socket    Net4_CM3_L.lib(net_tcp.o)
    0x0800c838   0x0800c838   0x0000005e   Code   RO         1473    i.tcp_parse_opt     Net4_CM3_L.lib(net_tcp.o)
    0x0800c896   0x0800c896   0x00000002   PAD
    0x0800c898   0x0800c898   0x000000c4   Code   RO         1474    i.tcp_proc_acknr    Net4_CM3_L.lib(net_tcp.o)
    0x0800c95c   0x0800c95c   0x00000052   Code   RO         1475    i.tcp_proc_dupack   Net4_CM3_L.lib(net_tcp.o)
    0x0800c9ae   0x0800c9ae   0x0000001a   Code   RO         1476    i.tcp_que_free      Net4_CM3_L.lib(net_tcp.o)
    0x0800c9c8   0x0800c9c8   0x0000001a   Code   RO         1477    i.tcp_que_init      Net4_CM3_L.lib(net_tcp.o)
    0x0800c9e2   0x0800c9e2   0x00000002   PAD
    0x0800c9e4   0x0800c9e4   0x00000094   Code   RO         1478    i.tcp_que_resend    Net4_CM3_L.lib(net_tcp.o)
    0x0800ca78   0x0800ca78   0x0000007a   Code   RO         1479    i.tcp_send_ctrl     Net4_CM3_L.lib(net_tcp.o)
    0x0800caf2   0x0800caf2   0x0000005e   Code   RO         1480    i.tcp_send_data     Net4_CM3_L.lib(net_tcp.o)
    0x0800cb50   0x0800cb50   0x00000070   Code   RO         1481    i.tcp_send_reset    Net4_CM3_L.lib(net_tcp.o)
    0x0800cbc0   0x0800cbc0   0x00000026   Code   RO         1482    i.tcp_set_cwnd      Net4_CM3_L.lib(net_tcp.o)
    0x0800cbe6   0x0800cbe6   0x00000002   PAD
    0x0800cbe8   0x0800cbe8   0x00000068   Code   RO         1483    i.tcp_transit       Net4_CM3_L.lib(net_tcp.o)
    0x0800cc50   0x0800cc50   0x000000c8   Code   RO         1484    i.tcp_write         Net4_CM3_L.lib(net_tcp.o)
    0x0800cd18   0x0800cd18   0x0000002c   Code   RO         1394    i.udp_port_in_use   Net4_CM3_L.lib(net_udp.o)
    0x0800cd44   0x0800cd44   0x000000f0   Code   RO         1620    i.utc_to_http       Net4_CM3_L.lib(net_http_server.o)
    0x0800ce34   0x0800ce34   0x0000002c   Code   RO         2399    locale$$code        c_w.l(lc_ctype_c.o)
    0x0800ce60   0x0800ce60   0x0000000a   Code   RO         2534    x$fpl$fpinit        fz_wm.l(fpinit.o)
    0x0800ce6a   0x0800ce6a   0x00000002   PAD
    0x0800ce6c   0x0800ce6c   0x00000024   Data   RO          179    .constdata          http_server.o
    0x0800ce90   0x0800ce90   0x00000004   Data   RO          260    .constdata          web.o
    0x0800ce94   0x0800ce94   0x00006fef   Data   RO          261    .constdata          web.o
    0x08013e83   0x08013e83   0x00000001   PAD
    0x08013e84   0x08013e84   0x000000b0   Data   RO          262    .constdata          web.o
    0x08013f34   0x08013f34   0x00000008   Data   RO          341    .constdata          sntp.o
    0x08013f3c   0x08013f3c   0x00000024   Data   RO          372    .constdata          rtx_lib.o
    0x08013f60   0x08013f60   0x00000024   Data   RO          373    .constdata          rtx_lib.o
    0x08013f84   0x08013f84   0x00000018   Data   RO          374    .constdata          rtx_lib.o
    0x08013f9c   0x08013f9c   0x00000004   Data   RO          375    .constdata          rtx_lib.o
    0x08013fa0   0x08013fa0   0x00000004   Data   RO          445    .constdata          phy_lan8742a.o
    0x08013fa4   0x08013fa4   0x00000020   Data   RO          446    .constdata          phy_lan8742a.o
    0x08013fc4   0x08013fc4   0x00000050   Data   RO          476    .constdata          emac_stm32f4xx.o
    0x08014014   0x08014014   0x00000044   Data   RO          477    .constdata          emac_stm32f4xx.o
    0x08014058   0x08014058   0x00000010   Data   RO          758    .constdata          system_stm32f4xx.o
    0x08014068   0x08014068   0x00000008   Data   RO          759    .constdata          system_stm32f4xx.o
    0x08014070   0x08014070   0x000000a8   Data   RO          802    .constdata          net_config.o
    0x08014118   0x08014118   0x0000001c   Data   RO          803    .constdata          net_config.o
    0x08014134   0x08014134   0x00000014   Data   RO          804    .constdata          net_config.o
    0x08014148   0x08014148   0x00000024   Data   RO          805    .constdata          net_config.o
    0x0801416c   0x0801416c   0x0000002c   Data   RO          806    .constdata          net_config.o
    0x08014198   0x08014198   0x00000008   Data   RO          807    .constdata          net_config.o
    0x080141a0   0x080141a0   0x00000008   Data   RO          809    .constdata          net_config.o
    0x080141a8   0x080141a8   0x00000004   Data   RO          810    .constdata          net_config.o
    0x080141ac   0x080141ac   0x00000004   Data   RO          811    .constdata          net_config.o
    0x080141b0   0x080141b0   0x00000008   Data   RO          812    .constdata          net_config.o
    0x080141b8   0x080141b8   0x00000008   Data   RO          813    .constdata          net_config.o
    0x080141c0   0x080141c0   0x0000000c   Data   RO          814    .constdata          net_config.o
    0x080141cc   0x080141cc   0x00000018   Data   RO          815    .constdata          net_config.o
    0x080141e4   0x080141e4   0x00000034   Data   RO          816    .constdata          net_config.o
    0x08014218   0x08014218   0x00000008   Data   RO          817    .constdata          net_config.o
    0x08014220   0x08014220   0x0000002c   Data   RO          818    .constdata          net_config.o
    0x0801424c   0x0801424c   0x00000024   Data   RO          819    .constdata          net_config.o
    0x08014270   0x08014270   0x00000010   Data   RO          821    .constdata          net_config.o
    0x08014280   0x08014280   0x00000010   Data   RO          822    .constdata          net_config.o
    0x08014290   0x08014290   0x0000002c   Data   RO         1336    .constdata          Net4_CM3_L.lib(net_loopback.o)
    0x080142bc   0x080142bc   0x0000000c   Data   RO         1337    .constdata          Net4_CM3_L.lib(net_loopback.o)
    0x080142c8   0x080142c8   0x00000008   Data   RO         1554    .constdata          Net4_CM3_L.lib(net_nbns_client.o)
    0x080142d0   0x080142d0   0x000000fa   Data   RO         1622    .constdata          Net4_CM3_L.lib(net_http_server.o)
    0x080143ca   0x080143ca   0x00000012   Data   RO         1718    .constdata          Net4_CM3_L.lib(net_ping_core.o)
    0x080143dc   0x080143dc   0x00000006   Data   RO         1798    .constdata          Net4_CM3_L.lib(net_addr.o)
    0x080143e2   0x080143e2   0x00000006   Data   RO         1799    .constdata          Net4_CM3_L.lib(net_addr.o)
    0x080143e8   0x080143e8   0x00000004   Data   RO         2007    .constdata          Net4_CM3_L.lib(net_ip4.o)
    0x080143ec   0x080143ec   0x00000018   Data   RO         2041    .constdata          Net4_CM3_L.lib(net_http_server_err.o)
    0x08014404   0x08014404   0x00000004   Data   RO         2103    .constdata          Net4_CM3_L.lib(net_version.o)
    0x08014408   0x08014408   0x00000008   Data   RO         2135    .constdata          c_w.l(_printf_wctomb.o)
    0x08014410   0x08014410   0x00000028   Data   RO         2156    .constdata          c_w.l(_printf_hex_int_ptr.o)
    0x08014438   0x08014438   0x00000011   Data   RO         2182    .constdata          c_w.l(__printf_flags_ss_wp.o)
    0x08014449   0x08014449   0x0000000c   Data   RO         2314    .constdata          c_w.l(_monlen.o)
    0x08014455   0x08014455   0x00000004   Data   RO         2316    .constdata          c_w.l(sys_io.o)
    0x08014459   0x08014459   0x00000004   Data   RO         2317    .constdata          c_w.l(sys_io.o)
    0x0801445d   0x0801445d   0x00000004   Data   RO         2318    .constdata          c_w.l(sys_io.o)
    0x08014461   0x08014461   0x00000003   PAD
    0x08014464   0x08014464   0x000000da   Data   RO          238    .conststring        http_server_cgi.o
    0x0801453e   0x0801453e   0x00000002   PAD
    0x08014540   0x08014540   0x00000078   Data   RO          823    .conststring        net_config.o
    0x080145b8   0x080145b8   0x00000008   Data   RO          824    .conststring        net_config.o
    0x080145c0   0x080145c0   0x00000040   Data   RO          825    .conststring        net_config.o
    0x08014600   0x08014600   0x00000001   Data   RO          826    .conststring        net_config.o
    0x08014601   0x08014601   0x00000003   PAD
    0x08014604   0x08014604   0x0000000f   Data   RO          827    .conststring        net_config.o
    0x08014613   0x08014613   0x00000001   PAD
    0x08014614   0x08014614   0x00000203   Data   RO         2042    .conststring        Net4_CM3_L.lib(net_http_server_err.o)
    0x08014817   0x08014817   0x00000001   PAD
    0x08014818   0x08014818   0x000000a0   Data   RO          378    .rodata             rtx_lib.o
    0x080148b8   0x080148b8   0x0000000b   Data   RO          929    .rodata.str1.4      RTX_CM4F.lib(rtx_kernel.o)
    0x080148c3   0x080148c3   0x00000001   PAD
    0x080148c4   0x080148c4   0x00000020   Data   RO         2613    Region$$Table       anon$$obj.o
    0x080148e4   0x080148e4   0x00000110   Data   RO         2398    locale$$data        c_w.l(lc_ctype_c.o)


    Execution Region RW_IRAM1 (Exec base: 0x20000000, Load base: 0x080149f4, Size: 0x0000f808, Max: 0x00030000, ABSOLUTE, COMPRESSED[0x0000015c])

    Exec Addr    Load Addr    Size         Type   Attr      Idx    E Section Name        Object

    0x20000000   COMPRESSED   0x00008000   Data   RW          363    .bss.os             rtx_lib.o
    0x20008000   COMPRESSED   0x00000040   Data   RW          364    .bss.os             rtx_lib.o
    0x20008040   COMPRESSED   0x000001f0   Data   RW          365    .bss.os.libspace    rtx_lib.o
    0x20008230   COMPRESSED   0x00000034   Data   RW          366    .bss.os.msgqueue.cb  rtx_lib.o
    0x20008264   COMPRESSED   0x00000050   Data   RW          367    .bss.os.msgqueue.mem  rtx_lib.o
    0x200082b4   COMPRESSED   0x0000001c   Data   RW          794    .bss.os.mutex.cb    net_config.o
    0x200082d0   COMPRESSED   0x0000001c   Data   RW          795    .bss.os.mutex.cb    net_config.o
    0x200082ec   COMPRESSED   0x00000010   Data   RW          796    .bss.os.semaphore.cb  net_config.o
    0x200082fc   COMPRESSED   0x00000044   Data   RW          368    .bss.os.thread.cb   rtx_lib.o
    0x20008340   COMPRESSED   0x00000044   Data   RW          369    .bss.os.thread.cb   rtx_lib.o
    0x20008384   COMPRESSED   0x00000044   Data   RW          797    .bss.os.thread.cb   net_config.o
    0x200083c8   COMPRESSED   0x00000044   Data   RW          798    .bss.os.thread.cb   net_config.o
    0x2000840c   COMPRESSED   0x00000004   PAD
    0x20008410   COMPRESSED   0x00000200   Data   RW          370    .bss.os.thread.stack  rtx_lib.o
    0x20008610   COMPRESSED   0x00000200   Data   RW          371    .bss.os.thread.stack  rtx_lib.o
    0x20008810   COMPRESSED   0x00000400   Data   RW          799    .bss.os.thread.stack  net_config.o
    0x20008c10   COMPRESSED   0x00000400   Data   RW          800    .bss.os.thread.stack  net_config.o
    0x20009010   COMPRESSED   0x00000020   Data   RW          801    .bss.os.timer.cb    net_config.o
    0x20009030   COMPRESSED   0x00000004   Data   RW            6    .data               main.o
    0x20009034   COMPRESSED   0x0000003e   Data   RW          180    .data               http_server.o
    0x20009072   COMPRESSED   0x00000002   PAD
    0x20009074   COMPRESSED   0x00000004   Data   RW          239    .data               http_server_cgi.o
    0x20009078   COMPRESSED   0x00000004   Data   RW          282    .data               rtc.o
    0x2000907c   COMPRESSED   0x00000068   Data   RW          324    .data               mktime.o
    0x200090e4   COMPRESSED   0x00000001   Data   RW          377    .data               rtx_lib.o
    0x200090e5   COMPRESSED   0x00000003   PAD
    0x200090e8   COMPRESSED   0x0000000c   Data   RW          523    .data               stm32f4xx_hal.o
    0x200090f4   COMPRESSED   0x00000004   Data   RW          760    .data               system_stm32f4xx.o
    0x200090f8   COMPRESSED   0x00000004   Data   RW          828    .data               net_config.o
    0x200090fc   COMPRESSED   0x00000006   Data   RW          829    .data               net_config.o
    0x20009102   COMPRESSED   0x00000004   Data   RW          830    .data               net_config.o
    0x20009106   COMPRESSED   0x00000002   PAD
    0x20009108   COMPRESSED   0x00000004   Data   RW         1338    .data               Net4_CM3_L.lib(net_loopback.o)
    0x2000910c   COMPRESSED   0x00000004   Data   RW         1356    .data               Net4_CM3_L.lib(net_ip4_frag.o)
    0x20009110   COMPRESSED   0x00000002   Data   RW         1396    .data               Net4_CM3_L.lib(net_udp.o)
    0x20009112   COMPRESSED   0x00000004   Data   RW         1487    .data               Net4_CM3_L.lib(net_tcp.o)
    0x20009116   COMPRESSED   0x00000001   Data   RW         1555    .data               Net4_CM3_L.lib(net_nbns_client.o)
    0x20009117   COMPRESSED   0x00000001   PAD
    0x20009118   COMPRESSED   0x0000000c   Data   RW         1623    .data               Net4_CM3_L.lib(net_http_server.o)
    0x20009124   COMPRESSED   0x00000008   Data   RW         2008    .data               Net4_CM3_L.lib(net_ip4.o)
    0x2000912c   COMPRESSED   0x00000004   Data   RW         2261    .data               c_w.l(stdio_streams.o)
    0x20009130   COMPRESSED   0x00000004   Data   RW         2262    .data               c_w.l(stdio_streams.o)
    0x20009134   COMPRESSED   0x00000004   Data   RW         2263    .data               c_w.l(stdio_streams.o)
    0x20009138   COMPRESSED   0x00000004   Data   RW         2389    .data               c_w.l(streamlock.o)
    0x2000913c   COMPRESSED   0x000000a4   Data   RW          930    .data.os            RTX_CM4F.lib(rtx_kernel.o)
    0x200091e0        -       0x00000020   Zero   RW            5    .bss                main.o
    0x20009200        -       0x00000400   Zero   RW          178    .bss                http_server.o
    0x20009600        -       0x00000038   Zero   RW          237    .bss                http_server_cgi.o
    0x20009638        -       0x00000014   Zero   RW          280    .bss                rtc.o
    0x2000964c        -       0x0000000c   Zero   RW          444    .bss                phy_lan8742a.o
    0x20009658        -       0x000024cc   Zero   RW          475    .bss                emac_stm32f4xx.o
    0x2000bb24        -       0x00002ee0   Zero   RW          787    .bss                net_config.o
    0x2000ea04        -       0x000000c8   Zero   RW          788    .bss                net_config.o
    0x2000eacc        -       0x00000018   Zero   RW          789    .bss                net_config.o
    0x2000eae4        -       0x00000028   Zero   RW          790    .bss                net_config.o
    0x2000eb0c        -       0x00000050   Zero   RW          791    .bss                net_config.o
    0x2000eb5c        -       0x000001e0   Zero   RW          792    .bss                net_config.o
    0x2000ed3c        -       0x00000150   Zero   RW          793    .bss                net_config.o
    0x2000ee8c        -       0x000000a0   Zero   RW         1235    .bss                Net4_CM3_L.lib(net_eth.o)
    0x2000ef2c        -       0x00000018   Zero   RW         1294    .bss                Net4_CM3_L.lib(net_arp.o)
    0x2000ef44        -       0x00000010   Zero   RW         1395    .bss                Net4_CM3_L.lib(net_udp.o)
    0x2000ef54        -       0x00000098   Zero   RW         1621    .bss                Net4_CM3_L.lib(net_http_server.o)
    0x2000efec        -       0x00000020   Zero   RW         1695    .bss                Net4_CM3_L.lib(net_sntp_client_core.o)
    0x2000f00c        -       0x00000020   Zero   RW         1717    .bss                Net4_CM3_L.lib(net_ping_core.o)
    0x2000f02c        -       0x00000038   Zero   RW         1752    .bss                Net4_CM3_L.lib(net_sys.o)
    0x2000f064        -       0x00000014   Zero   RW         2057    .bss                Net4_CM3_L.lib(net_mem.o)
    0x2000f078        -       0x0000002c   Zero   RW         2218    .bss                c_w.l(localtime.o)
    0x2000f0a4        -       0x00000054   Zero   RW         2258    .bss                c_w.l(stdio_streams.o)
    0x2000f0f8        -       0x00000054   Zero   RW         2259    .bss                c_w.l(stdio_streams.o)
    0x2000f14c        -       0x00000054   Zero   RW         2260    .bss                c_w.l(stdio_streams.o)
    0x2000f1a0        -       0x00000060   Zero   RW         2271    .bss                c_w.l(libspace.o)
    0x2000f200        -       0x00000001   Zero   RW         1982    .bss.PendST         RTX_CM4F.lib(os_systick.o)
    0x2000f201   COMPRESSED   0x00000007   PAD
    0x2000f208        -       0x00000200   Zero   RW          748    HEAP                startup_stm32f429xx.o
    0x2000f408        -       0x00000400   Zero   RW          747    STACK               startup_stm32f429xx.o


==============================================================================

Image component sizes


      Code (inc. data)   RO Data    RW Data    ZI Data      Debug   Object Name

      2320        146        148          0       9420      46858   emac_stm32f4xx.o
       544         36         36         62       1024      12196   http_server.o
      1236        240        218          4         56       7307   http_server_cgi.o
       316         36          0          4         32     730074   main.o
       236          8          0        104          0       1891   mktime.o
       364         24        752       2302      13160      32085   net_config.o
       408          8         36          0         12       7782   phy_lan8742a.o
       168         12          0          4         20       3857   rtc.o
         4          0          0          0          0        635   rtx_config.o
       200         12        260      34621          0      11048   rtx_lib.o
       208        108          8          0          0       1676   sntp.o
        64         26        428          0       1536        880   startup_stm32f429xx.o
       452         38          0         12          0      11627   stm32f4xx_hal.o
       644          8          0          0          0      36182   stm32f4xx_hal_cortex.o
       908         54          0          0          0       4195   stm32f4xx_hal_gpio.o
        88         12          0          0          0       1534   stm32f4xx_hal_msp.o
      1752         78          0          0          0       5909   stm32f4xx_hal_rcc.o
      2284         24          0          0          0       8987   stm32f4xx_hal_rtc.o
      2788         22          0          0          0      13833   stm32f4xx_hal_rtc_ex.o
        12          0          0          0          0        943   stm32f4xx_it.o
       152         26         24          4          0       1861   system_stm32f4xx.o
        92         10      28835          0          0       1680   web.o

    ----------------------------------------------------------------------
     15240        928      30784      37128      25260     943040   Object Totals
         0          0         32          0          0          0   (incl. Generated)
         0          0          7         11          0          0   (incl. Padding)

    ----------------------------------------------------------------------

      Code (inc. data)   RO Data    RW Data    ZI Data      Debug   Library Member Name

       460         58         12          0          0        804   net_addr.o
      2090         58          0          0         24       1436   net_arp.o
       294          6          0          0          0        668   net_common.o
      2348         66          0          0        160       1588   net_eth.o
      5962       1270        250         12        152       2836   net_http_server.o
         0          0        539          0          0          0   net_http_server_err.o
       388         22          0          0          0        164   net_icmp.o
       980         60          4          8          0        948   net_ip4.o
       690         30          0          4          0        476   net_ip4_frag.o
       224         18         56          4          0        244   net_loopback.o
       448         46          0          0         20        556   net_mem.o
       344         22          8          1          0        180   net_nbns_client.o
       100         20         18          0         32        212   net_ping_core.o
       616         44          0          0         32        564   net_sntp_client_core.o
       754         76          0          0         56       1012   net_sys.o
      4486        174          0          4          0       2600   net_tcp.o
       900         50          0          2         16        716   net_udp.o
         0          0          4          0          0          0   net_version.o
       196         12          0          0          0        540   irq_cm4f.o
       126         32          0          0          1       3108   os_systick.o
        56          4          0          0          0       2854   rtx_delay.o
       718         72         11        164          0      17231   rtx_kernel.o
       242          0          0          0          0       2478   rtx_memory.o
       186          0          0          0          0      16576   rtx_mempool.o
      1350         28          0          0          0      18694   rtx_msgqueue.o
       890         32          0          0          0      10004   rtx_mutex.o
       698         32          0          0          0      10885   rtx_semaphore.o
       368         26          0          0          0       5437   rtx_system.o
      2406        140          0          0          0      32850   rtx_thread.o
       636         48          0          0          0      10445   rtx_timer.o
        60          8          0          0          0         84   __0sscanf.o
        24          4          0          0          0         84   __2printf.o
        44          6          0          0          0         84   __2sprintf.o
        90          0          0          0          0          0   __dczerorl2.o
         8          0          0          0          0         68   __main.o
       392          4         17          0          0         92   __printf_flags_ss_wp.o
        14          0          0          0          0         68   __printf_wp.o
         0          0          0          0          0          0   __rtentry.o
        20          0          0          0          0          0   __rtentry2.o
         6          0          0          0          0          0   __rtentry4.o
        52          8          0          0          0          0   __scatter.o
        28          0          0          0          0          0   __scatter_zi.o
        28          0          0          0          0         68   _chval.o
         0          0         12          0          0          0   _monlen.o
         6          0          0          0          0          0   _printf_c.o
        44          0          0          0          0        108   _printf_char.o
        48          6          0          0          0         96   _printf_char_common.o
        64          6          0          0          0         84   _printf_char_file_locked.o
        40          0          0          0          0         68   _printf_charcount.o
         6          0          0          0          0          0   _printf_d.o
       120         16          0          0          0         92   _printf_dec.o
       124          4         40          0          0        144   _printf_hex_int_ptr.o
         6          0          0          0          0          0   _printf_i.o
       178          0          0          0          0         88   _printf_intcommon.o
        10          0          0          0          0          0   _printf_l.o
         6          0          0          0          0          0   _printf_lc.o
         6          0          0          0          0          0   _printf_n.o
         6          0          0          0          0          0   _printf_o.o
        80          8          0          0          0         88   _printf_oct_int.o
         6          0          0          0          0          0   _printf_p.o
        78          0          0          0          0        108   _printf_pad.o
         0          0          0          0          0          0   _printf_percent.o
         4          0          0          0          0          0   _printf_percent_end.o
         6          0          0          0          0          0   _printf_s.o
        82          0          0          0          0         80   _printf_str.o
        36          0          0          0          0         84   _printf_truncate.o
         6          0          0          0          0          0   _printf_u.o
        44          0          0          0          0        108   _printf_wchar.o
       188          6          8          0          0         92   _printf_wctomb.o
         6          0          0          0          0          0   _printf_x.o
       884          6          0          0          0        100   _scanf.o
       332          0          0          0          0         96   _scanf_int.o
        64          0          0          0          0         84   _sgetc.o
        10          0          0          0          0         68   _sputc.o
       158          0          0          0          0         92   _strtoul.o
        64          0          0          0          0         92   _wcrtomb.o
        26          0          0          0          0         80   atoi.o
        10          0          0          0          0         68   defsig_exit.o
        50          0          0          0          0         88   defsig_general.o
        80         58          0          0          0         76   defsig_rtmem_inner.o
        14          0          0          0          0         80   defsig_rtmem_outer.o
        52         38          0          0          0         76   defsig_rtred_inner.o
        14          0          0          0          0         80   defsig_rtred_outer.o
        18          0          0          0          0         80   exit.o
        76          0          0          0          0         88   fclose.o
       470          0          0          0          0         88   flsbuf.o
       324          8          0          0          0        152   fopen_locked.o
        26          0          0          0          0         68   fputc.o
       248          6          0          0          0         84   fseek.o
        66          0          0          0          0         76   ftell.o
       158          0          0          0          0        128   h1_alloc_mt.o
        62          0          0          0          0         80   h1_extend_mt.o
        10          0          0          0          0         76   h1_final_mt.o
       118          0          0          0          0        108   h1_free_mt.o
        18          0          0          0          0         84   h1_init_mt.o
         6          0          0          0          0        152   heapauxi.o
         4          0          0          0          0        136   hguard.o
         0          0          0          0          0          0   indicate_semi.o
       138          0          0          0          0        168   init_alloc.o
       456         48          0          0          0        116   initio_locked.o
        18          0          0          0          0         76   isspace.o
        44         10        272          0          0         76   lc_ctype_c.o
         2          0          0          0          0          0   libinit.o
        36          0          0          0          0          0   libinit2.o
         2          0          0          0          0          0   libshutdown.o
        10          0          0          0          0          0   libshutdown2.o
         8          4          0          0         96         68   libspace.o
       238          0          0          0          0        100   lludivv7m.o
        12          6          0          0         44         68   localtime.o
       184          6          0          0          0         80   localtime_internal.o
         0          0          0          0          0          0   maybetermalloc2.o
        88          0          0          0          0         76   memcmp.o
        16          4          0          0          0         76   rt_ctype_table.o
         4          0          0          0          0         68   rt_errno_addr_twolibspace.o
        10          0          0          0          0         76   rt_heap_descriptor_twolibspace.o
        10          0          0          0          0         76   rt_locale_twolibspace.o
        68          0          0          0          0         68   rt_memclr.o
        78          0          0          0          0         80   rt_memclr_w.o
       138          0          0          0          0         68   rt_memcpy_v6.o
       100          0          0          0          0         80   rt_memcpy_w.o
         2          0          0          0          0          0   rtexit.o
        10          0          0          0          0          0   rtexit2.o
        44          8          0          0          0         84   scanf_char.o
       104          0          0          0          0         88   setvbuf_locked.o
       240          6          0          0          0        156   stdio.o
         0          0          0         12        252          0   stdio_streams.o
       128          0          0          0          0         68   strcmpv7m.o
        72          0          0          0          0         80   strcpy.o
         0          0          0          4          0          0   streamlock.o
        62          0          0          0          0         76   strlen.o
       150          0          0          0          0         80   strncmp.o
       112          0          0          0          0         88   strtol.o
        12          4          0          0          0         68   sys_exit.o
       102          0         12          0          0        240   sys_io.o
        74          0          0          0          0         80   sys_stackheap_outer.o
        14          0          0          0          0         76   sys_wrch.o
        16          0          0          0          0         80   term_alloc.o
         2          0          0          0          0         68   use_no_semi.o
        10          0          0          0          0        116   fpinit.o

    ----------------------------------------------------------------------
     37176       2734       1268        216        892     153242   Library Totals
        78          0          5          1          7          0   (incl. Padding)

    ----------------------------------------------------------------------

      Code (inc. data)   RO Data    RW Data    ZI Data      Debug   Library Name

     21084       2020        891         35        492      15004   Net4_CM3_L.lib
      7872        426         11        164          1     131102   RTX_CM4F.lib
      8132        288        361         16        392       7020   c_w.l
        10          0          0          0          0        116   fz_wm.l

    ----------------------------------------------------------------------
     37176       2734       1268        216        892     153242   Library Totals

    ----------------------------------------------------------------------

==============================================================================


      Code (inc. data)   RO Data    RW Data    ZI Data      Debug   

     52416       3662      32052      37344      26152    1077750   Grand Totals
     52416       3662      32052        348      26152    1077750   ELF Image Totals (compressed)
     52416       3662      32052        348          0          0   ROM Totals

==============================================================================

    Total RO  Size (Code + RO Data)                84468 (  82.49kB)
    Total RW  Size (RW Data + ZI Data)             63496 (  62.01kB)
    Total ROM Size (Code + RO Data + RW Data)      84816 (  82.83kB)

==============================================================================

